Component: ARM Compiler 5.06 update 1 (build 61) Tool: armlink [4d35a8]

==============================================================================

Section Cross References

    main.o(i.main) refers to _printf_pad.o(.text) for _printf_pre_padding
    main.o(i.main) refers to _printf_percent.o(.ARM.Collect$$_printf_percent$$00000000) for _printf_percent
    main.o(i.main) refers to _printf_d.o(.ARM.Collect$$_printf_percent$$00000009) for _printf_d
    main.o(i.main) refers to _printf_dec.o(.text) for _printf_int_dec
    main.o(i.main) refers to delay.o(i.delay_init) for delay_init
    main.o(i.main) refers to stm32f10x_rcc.o(i.RCC_AHBPeriphClockCmd) for RCC_AHBPeriphClockCmd
    main.o(i.main) refers to misc.o(i.NVIC_PriorityGroupConfig) for NVIC_PriorityGroupConfig
    main.o(i.main) refers to lcd.o(i.LCD_Init) for LCD_Init
    main.o(i.main) refers to exfuns.o(i.exfuns_init) for exfuns_init
    main.o(i.main) refers to ff.o(i.f_mount) for f_mount
    main.o(i.main) refers to bh1750.o(i.Init_BH1750) for Init_BH1750
    main.o(i.main) refers to bh1750.o(i.GPIOConfig) for GPIOConfig
    main.o(i.main) refers to ds18b20.o(i.DS18B20_Init) for DS18B20_Init
    main.o(i.main) refers to usart1.o(i.USART1_Config) for USART1_Config
    main.o(i.main) refers to text.o(i.Show_Str) for Show_Str
    main.o(i.main) refers to bh1750.o(i.Single_Write_BH1750) for Single_Write_BH1750
    main.o(i.main) refers to delay.o(i.delay_ms) for delay_ms
    main.o(i.main) refers to bh1750.o(i.mread) for mread
    main.o(i.main) refers to ds18b20.o(i.DS18B20_Get_Temp) for DS18B20_Get_Temp
    main.o(i.main) refers to noretval__2sprintf.o(.text) for __2sprintf
    main.o(i.main) refers to lcd.o(i.LCD_Clear) for LCD_Clear
    main.o(i.main) refers to exfuns.o(.data) for fs
    main.o(i.main) refers to main.o(.data) for jjj
    main.o(i.main) refers to main.o(.bss) for xianshi
    main.o(i.main) refers to bh1750.o(.data) for BUF
    main.o(i.main) refers to usart1.o(.data) for USART_RX
    system_stm32f10x.o(i.SetSysClock) refers to system_stm32f10x.o(i.SetSysClockTo72) for SetSysClockTo72
    system_stm32f10x.o(i.SystemCoreClockUpdate) refers to system_stm32f10x.o(.data) for SystemCoreClock
    system_stm32f10x.o(i.SystemInit) refers to system_stm32f10x.o(i.SetSysClock) for SetSysClock
    bh1750.o(i.BH1750_RecvACK) refers to stm32f10x_gpio.o(i.GPIO_Init) for GPIO_Init
    bh1750.o(i.BH1750_RecvACK) refers to stm32f10x_gpio.o(i.GPIO_SetBits) for GPIO_SetBits
    bh1750.o(i.BH1750_RecvACK) refers to bh1750.o(i.Delay_5us) for Delay_5us
    bh1750.o(i.BH1750_RecvACK) refers to stm32f10x_gpio.o(i.GPIO_ReadInputDataBit) for GPIO_ReadInputDataBit
    bh1750.o(i.BH1750_RecvACK) refers to stm32f10x_gpio.o(i.GPIO_ResetBits) for GPIO_ResetBits
    bh1750.o(i.BH1750_RecvACK) refers to bh1750.o(.data) for mcy
    bh1750.o(i.BH1750_RecvByte) refers to stm32f10x_gpio.o(i.GPIO_Init) for GPIO_Init
    bh1750.o(i.BH1750_RecvByte) refers to stm32f10x_gpio.o(i.GPIO_SetBits) for GPIO_SetBits
    bh1750.o(i.BH1750_RecvByte) refers to bh1750.o(i.Delay_5us) for Delay_5us
    bh1750.o(i.BH1750_RecvByte) refers to stm32f10x_gpio.o(i.GPIO_ReadInputDataBit) for GPIO_ReadInputDataBit
    bh1750.o(i.BH1750_RecvByte) refers to stm32f10x_gpio.o(i.GPIO_ResetBits) for GPIO_ResetBits
    bh1750.o(i.BH1750_SendACK) refers to stm32f10x_gpio.o(i.GPIO_Init) for GPIO_Init
    bh1750.o(i.BH1750_SendACK) refers to stm32f10x_gpio.o(i.GPIO_SetBits) for GPIO_SetBits
    bh1750.o(i.BH1750_SendACK) refers to stm32f10x_gpio.o(i.GPIO_ResetBits) for GPIO_ResetBits
    bh1750.o(i.BH1750_SendACK) refers to bh1750.o(i.Delay_5us) for Delay_5us
    bh1750.o(i.BH1750_SendByte) refers to stm32f10x_gpio.o(i.GPIO_SetBits) for GPIO_SetBits
    bh1750.o(i.BH1750_SendByte) refers to stm32f10x_gpio.o(i.GPIO_ResetBits) for GPIO_ResetBits
    bh1750.o(i.BH1750_SendByte) refers to bh1750.o(i.Delay_5us) for Delay_5us
    bh1750.o(i.BH1750_SendByte) refers to bh1750.o(i.BH1750_RecvACK) for BH1750_RecvACK
    bh1750.o(i.BH1750_Start) refers to stm32f10x_gpio.o(i.GPIO_SetBits) for GPIO_SetBits
    bh1750.o(i.BH1750_Start) refers to bh1750.o(i.Delay_5us) for Delay_5us
    bh1750.o(i.BH1750_Start) refers to stm32f10x_gpio.o(i.GPIO_ResetBits) for GPIO_ResetBits
    bh1750.o(i.BH1750_Stop) refers to stm32f10x_gpio.o(i.GPIO_ResetBits) for GPIO_ResetBits
    bh1750.o(i.BH1750_Stop) refers to stm32f10x_gpio.o(i.GPIO_SetBits) for GPIO_SetBits
    bh1750.o(i.BH1750_Stop) refers to bh1750.o(i.Delay_5us) for Delay_5us
    bh1750.o(i.GPIOConfig) refers to stm32f10x_rcc.o(i.RCC_APB2PeriphClockCmd) for RCC_APB2PeriphClockCmd
    bh1750.o(i.GPIOConfig) refers to stm32f10x_gpio.o(i.GPIO_Init) for GPIO_Init
    bh1750.o(i.Init_BH1750) refers to bh1750.o(i.Single_Write_BH1750) for Single_Write_BH1750
    bh1750.o(i.Single_Write_BH1750) refers to bh1750.o(i.BH1750_Start) for BH1750_Start
    bh1750.o(i.Single_Write_BH1750) refers to bh1750.o(i.BH1750_SendByte) for BH1750_SendByte
[...]
    i.RCC_APB2PeriphClockCmd                 0x08003530   Section        0  stm32f10x_rcc.o(i.RCC_APB2PeriphClockCmd)
    i.RCC_APB2PeriphResetCmd                 0x08003550   Section        0  stm32f10x_rcc.o(i.RCC_APB2PeriphResetCmd)
    i.RCC_GetClocksFreq                      0x08003570   Section        0  stm32f10x_rcc.o(i.RCC_GetClocksFreq)
    i.SDEnWideBus                            0x08003644   Section        0  sdio_sdcard.o(i.SDEnWideBus)
    i.SDIO_ClearFlag                         0x080036f0   Section        0  stm32f10x_sdio.o(i.SDIO_ClearFlag)
    i.SDIO_ClockCmd                          0x080036fc   Section        0  stm32f10x_sdio.o(i.SDIO_ClockCmd)
    i.SDIO_Clock_Set                         0x08003708   Section        0  sdio_sdcard.o(i.SDIO_Clock_Set)
    i.SDIO_DMACmd                            0x0800371c   Section        0  stm32f10x_sdio.o(i.SDIO_DMACmd)
    i.SDIO_DataConfig                        0x08003728   Section        0  stm32f10x_sdio.o(i.SDIO_DataConfig)
    i.SDIO_DeInit                            0x08003758   Section        0  stm32f10x_sdio.o(i.SDIO_DeInit)
    i.SDIO_GetFlagStatus                     0x0800377c   Section        0  stm32f10x_sdio.o(i.SDIO_GetFlagStatus)
    i.SDIO_GetPowerState                     0x08003794   Section        0  stm32f10x_sdio.o(i.SDIO_GetPowerState)
    i.SDIO_IRQHandler                        0x080037a4   Section        0  sdio_sdcard.o(i.SDIO_IRQHandler)
    i.SDIO_Init                              0x080037ac   Section        0  stm32f10x_sdio.o(i.SDIO_Init)
    i.SDIO_ReadData                          0x080037dc   Section        0  stm32f10x_sdio.o(i.SDIO_ReadData)
    i.SDIO_SendCommand                       0x080037e8   Section        0  stm32f10x_sdio.o(i.SDIO_SendCommand)
    i.SDIO_SetPowerState                     0x08003814   Section        0  stm32f10x_sdio.o(i.SDIO_SetPowerState)
    i.SDIO_WriteData                         0x08003830   Section        0  stm32f10x_sdio.o(i.SDIO_WriteData)
    i.SD_DMA_Config                          0x0800383c   Section        0  sdio_sdcard.o(i.SD_DMA_Config)
    i.SD_EnableWideBusOperation              0x080038a4   Section        0  sdio_sdcard.o(i.SD_EnableWideBusOperation)
    i.SD_GetCardInfo                         0x0800390c   Section        0  sdio_sdcard.o(i.SD_GetCardInfo)
    i.SD_Init                                0x08003c20   Section        0  sdio_sdcard.o(i.SD_Init)
    i.SD_InitializeCards                     0x08003d20   Section        0  sdio_sdcard.o(i.SD_InitializeCards)
    i.SD_PowerON                             0x08003e74   Section        0  sdio_sdcard.o(i.SD_PowerON)
    i.SD_ProcessIRQSrc                       0x08004050   Section        0  sdio_sdcard.o(i.SD_ProcessIRQSrc)
    i.SD_ReadBlock                           0x0800418c   Section        0  sdio_sdcard.o(i.SD_ReadBlock)
    i.SD_ReadDisk                            0x080043e4   Section        0  sdio_sdcard.o(i.SD_ReadDisk)
    i.SD_ReadMultiBlocks                     0x0800447c   Section        0  sdio_sdcard.o(i.SD_ReadMultiBlocks)
    i.SD_SelectDeselect                      0x08004764   Section        0  sdio_sdcard.o(i.SD_SelectDeselect)
    i.SD_SetDeviceMode                       0x08004794   Section        0  sdio_sdcard.o(i.SD_SetDeviceMode)
    i.SD_WriteBlock                          0x080047ac   Section        0  sdio_sdcard.o(i.SD_WriteBlock)
    i.SD_WriteDisk                           0x08004b20   Section        0  sdio_sdcard.o(i.SD_WriteDisk)
    i.SD_WriteMultiBlocks                    0x08004bb8   Section        0  sdio_sdcard.o(i.SD_WriteMultiBlocks)
    i.SVC_Handler                            0x08004f78   Section        0  stm32f10x_it.o(i.SVC_Handler)
    i.SetSysClock                            0x08004f7a   Section        0  system_stm32f10x.o(i.SetSysClock)
    SetSysClock                              0x08004f7b   Thumb Code     8  system_stm32f10x.o(i.SetSysClock)
    i.SetSysClockTo72                        0x08004f84   Section        0  system_stm32f10x.o(i.SetSysClockTo72)
    SetSysClockTo72                          0x08004f85   Thumb Code   214  system_stm32f10x.o(i.SetSysClockTo72)
    i.Show_Font                              0x08005064   Section        0  text.o(i.Show_Font)
    i.Show_Str                               0x0800512c   Section        0  text.o(i.Show_Str)
    i.Single_Write_BH1750                    0x080051ee   Section        0  bh1750.o(i.Single_Write_BH1750)
    i.SysTick_CLKSourceConfig                0x08005208   Section        0  misc.o(i.SysTick_CLKSourceConfig)
    i.SysTick_Handler                        0x08005230   Section        0  stm32f10x_it.o(i.SysTick_Handler)
    i.SystemInit                             0x08005234   Section        0  system_stm32f10x.o(i.SystemInit)
    i.USART1_Config                          0x08005294   Section        0  usart1.o(i.USART1_Config)
    i.USART1_IRQHandler                      0x08005354   Section        0  usart1.o(i.USART1_IRQHandler)
    i.USART_ClearFlag                        0x08005410   Section        0  stm32f10x_usart.o(i.USART_ClearFlag)
    i.USART_ClearITPendingBit                0x08005422   Section        0  stm32f10x_usart.o(i.USART_ClearITPendingBit)
    i.USART_Cmd                              0x08005440   Section        0  stm32f10x_usart.o(i.USART_Cmd)
    i.USART_DeInit                           0x08005458   Section        0  stm32f10x_usart.o(i.USART_DeInit)
    i.USART_GetITStatus                      0x080054f4   Section        0  stm32f10x_usart.o(i.USART_GetITStatus)
    i.USART_ITConfig                         0x08005548   Section        0  stm32f10x_usart.o(i.USART_ITConfig)
    i.USART_Init                             0x08005594   Section        0  stm32f10x_usart.o(i.USART_Init)
    i.USART_ReceiveData                      0x0800566c   Section        0  stm32f10x_usart.o(i.USART_ReceiveData)
    i.UsageFault_Handler                     0x08005676   Section        0  stm32f10x_it.o(i.UsageFault_Handler)
    i._is_digit                              0x0800567a   Section        0  __printf_wp.o(i._is_digit)
    i.check_fs                               0x08005688   Section        0  ff.o(i.check_fs)
    check_fs                                 0x08005689   Thumb Code   140  ff.o(i.check_fs)
    i.chk_chr                                0x08005718   Section        0  ff.o(i.chk_chr)
    chk_chr                                  0x08005719   Thumb Code    20  ff.o(i.chk_chr)
    i.clmt_clust                             0x0800572c   Section        0  ff.o(i.clmt_clust)
    clmt_clust                               0x0800572d   Thumb Code    50  ff.o(i.clmt_clust)
    i.clust2sect                             0x0800575e   Section        0  ff.o(i.clust2sect)
    i.cmp_lfn                                0x08005778   Section        0  ff.o(i.cmp_lfn)
    cmp_lfn                                  0x08005779   Thumb Code    94  ff.o(i.cmp_lfn)
    i.convert_from_bytes_to_power_of_two     0x080057dc   Section        0  sdio_sdcard.o(i.convert_from_bytes_to_power_of_two)
    i.create_chain                           0x080057ee   Section        0  ff.o(i.create_chain)
    create_chain                             0x080057ef   Thumb Code   214  ff.o(i.create_chain)
    i.create_name                            0x080058c4   Section        0  ff.o(i.create_name)
    create_name                              0x080058c5   Thumb Code   578  ff.o(i.create_name)
    i.delay_init                             0x08005b1c   Section        0  delay.o(i.delay_init)
    i.delay_ms                               0x08005b60   Section        0  delay.o(i.delay_ms)
    i.delay_us                               0x08005bac   Section        0  delay.o(i.delay_us)
    i.dir_alloc                              0x08005bf8   Section        0  ff.o(i.dir_alloc)
    dir_alloc                                0x08005bf9   Thumb Code    92  ff.o(i.dir_alloc)
    i.dir_find                               0x08005c54   Section        0  ff.o(i.dir_find)
    dir_find                                 0x08005c55   Thumb Code   234  ff.o(i.dir_find)
    i.dir_next                               0x08005d3e   Section        0  ff.o(i.dir_next)
    dir_next                                 0x08005d3f   Thumb Code   270  ff.o(i.dir_next)
    i.dir_register                           0x08005e4c   Section        0  ff.o(i.dir_register)
    dir_register                             0x08005e4d   Thumb Code   298  ff.o(i.dir_register)
    i.dir_sdi                                0x08005f76   Section        0  ff.o(i.dir_sdi)
    i.disk_initialize                        0x08006014   Section        0  diskio.o(i.disk_initialize)
    i.disk_ioctl                             0x08006034   Section        0  diskio.o(i.disk_ioctl)
    i.disk_read                              0x080060e8   Section        0  diskio.o(i.disk_read)
    i.disk_status                            0x0800613e   Section        0  diskio.o(i.disk_status)
    i.disk_write                             0x08006144   Section        0  diskio.o(i.disk_write)
    i.exfuns_init                            0x0800619c   Section        0  exfuns.o(i.exfuns_init)
    i.f_close                                0x08006220   Section        0  ff.o(i.f_close)
    i.f_lseek                                0x08006240   Section        0  ff.o(i.f_lseek)
    i.f_mount                                0x080064ec   Section        0  ff.o(i.f_mount)
    i.f_open                                 0x08006548   Section        0  ff.o(i.f_open)
    i.f_read                                 0x080066c8   Section        0  ff.o(i.f_read)
    i.f_sync                                 0x08006878   Section        0  ff.o(i.f_sync)
    i.ff_memalloc                            0x08006928   Section        0  diskio.o(i.ff_memalloc)
    i.ff_memfree                             0x08006936   Section        0  diskio.o(i.ff_memfree)
    i.find_volume                            0x08006944   Section        0  ff.o(i.find_volume)
    find_volume                              0x08006945   Thumb Code   900  ff.o(i.find_volume)
    i.fit_lfn                                0x08006cd8   Section        0  ff.o(i.fit_lfn)
    fit_lfn                                  0x08006cd9   Thumb Code   122  ff.o(i.fit_lfn)
    i.follow_path                            0x08006d58   Section        0  ff.o(i.follow_path)
    follow_path                              0x08006d59   Thumb Code   144  ff.o(i.follow_path)
    i.gen_numname                            0x08006de8   Section        0  ff.o(i.gen_numname)
    gen_numname                              0x08006de9   Thumb Code   198  ff.o(i.gen_numname)
    i.get_fat                                0x08006eb4   Section        0  ff.o(i.get_fat)
    i.get_fattime                            0x08006fa6   Section        0  diskio.o(i.get_fattime)
    i.get_ldnumber                           0x08006faa   Section        0  ff.o(i.get_ldnumber)
    get_ldnumber                             0x08006fab   Thumb Code    74  ff.o(i.get_ldnumber)
    i.ld_clust                               0x08006ff4   Section        0  ff.o(i.ld_clust)
    ld_clust                                 0x08006ff5   Thumb Code    32  ff.o(i.ld_clust)
    i.main                                   0x08007014   Section        0  main.o(i.main)
    i.mem_cmp                                0x080071b0   Section        0  ff.o(i.mem_cmp)
    mem_cmp                                  0x080071b1   Thumb Code    38  ff.o(i.mem_cmp)
    i.mem_cpy                                0x080071d6   Section        0  ff.o(i.mem_cpy)
    mem_cpy                                  0x080071d7   Thumb Code    26  ff.o(i.mem_cpy)
    i.mem_set                                0x080071f0   Section        0  ff.o(i.mem_set)
    mem_set                                  0x080071f1   Thumb Code    20  ff.o(i.mem_set)
    i.move_window                            0x08007204   Section        0  ff.o(i.move_window)
    move_window                              0x08007205   Thumb Code    52  ff.o(i.move_window)
    i.mread                                  0x08007238   Section        0  bh1750.o(i.mread)
    i.my_mem_free                            0x0800727c   Section        0  malloc.o(i.my_mem_free)
    i.my_mem_init                            0x080072e8   Section        0  malloc.o(i.my_mem_init)
    i.my_mem_malloc                          0x0800732c   Section        0  malloc.o(i.my_mem_malloc)
    i.my_mem_perused                         0x080073d4   Section        0  malloc.o(i.my_mem_perused)
    i.myfree                                 0x08007414   Section        0  malloc.o(i.myfree)
    i.mymalloc                               0x08007438   Section        0  malloc.o(i.mymalloc)
    i.mymemset                               0x08007460   Section        0  malloc.o(i.mymemset)
    i.put_fat                                0x08007474   Section        0  ff.o(i.put_fat)
    i.remove_chain                           0x080075b6   Section        0  ff.o(i.remove_chain)
    remove_chain                             0x080075b7   Thumb Code   108  ff.o(i.remove_chain)
    i.st_clust                               0x08007622   Section        0  ff.o(i.st_clust)
    st_clust                                 0x08007623   Thumb Code    16  ff.o(i.st_clust)
    i.sum_sfn                                0x08007632   Section        0  ff.o(i.sum_sfn)
    sum_sfn                                  0x08007633   Thumb Code    32  ff.o(i.sum_sfn)
    i.sync_fs                                0x08007652   Section        0  ff.o(i.sync_fs)
    sync_fs                                  0x08007653   Thumb Code   200  ff.o(i.sync_fs)
    i.sync_window                            0x0800771a   Section        0  ff.o(i.sync_window)
    sync_window                              0x0800771b   Thumb Code    82  ff.o(i.sync_window)
    i.validate                               0x0800776c   Section        0  ff.o(i.validate)
    validate                                 0x0800776d   Thumb Code    54  ff.o(i.validate)
    x$fpl$dfix                               0x080077a4   Section       94  dfix.o(x$fpl$dfix)
    x$fpl$dmul                               0x08007804   Section      340  dmul.o(x$fpl$dmul)
    x$fpl$dnaninf                            0x08007958   Section      156  dnaninf.o(x$fpl$dnaninf)
    x$fpl$dretinf                            0x080079f4   Section       12  dretinf.o(x$fpl$dretinf)
    x$fpl$f2d                                0x08007a00   Section       86  f2d.o(x$fpl$f2d)
    x$fpl$fflt                               0x08007a58   Section       48  fflt_clz.o(x$fpl$fflt)
    x$fpl$fnaninf                            0x08007a88   Section      140  fnaninf.o(x$fpl$fnaninf)
    .constdata                               0x08007b14   Section     2660  lcd.o(.constdata)
    x$fpl$usenofp                            0x08007b14   Section        0  usenofp.o(x$fpl$usenofp)
    .constdata                               0x08008578   Section       24  malloc.o(.constdata)
    .constdata                               0x08008590   Section       58  ff.o(.constdata)
    LfnOfs                                   0x08008590   Data          13  ff.o(.constdata)
    vst                                      0x0800859e   Data          22  ff.o(.constdata)
    cst                                      0x080085b4   Data          22  ff.o(.constdata)
    .data                                    0x20000000   Section       28  main.o(.data)
    .data                                    0x2000001c   Section       20  system_stm32f10x.o(.data)
    .data                                    0x20000030   Section       16  bh1750.o(.data)
    .data                                    0x20000040   Section        4  delay.o(.data)
    fac_us                                   0x20000040   Data           1  delay.o(.data)
    fac_ms                                   0x20000042   Data           2  delay.o(.data)
    .data                                    0x20000044   Section       20  stm32f10x_rcc.o(.data)
    APBAHBPrescTable                         0x20000044   Data          16  stm32f10x_rcc.o(.data)
    ADCPrescTable                            0x20000054   Data           4  stm32f10x_rcc.o(.data)
    .data                                    0x20000058   Section        4  lcd.o(.data)
    .data                                    0x2000005c   Section        4  text.o(.data)
    .data                                    0x20000060   Section       16  sdio_sdcard.o(.data)
    CardType                                 0x20000060   Data           1  sdio_sdcard.o(.data)
    RCA                                      0x20000064   Data           4  sdio_sdcard.o(.data)
    DeviceMode                               0x20000068   Data           1  sdio_sdcard.o(.data)
    StopCondition                            0x20000069   Data           1  sdio_sdcard.o(.data)
    .data                                    0x20000070   Section        9  usart1.o(.data)
    .data                                    0x2000007c   Section       28  malloc.o(.data)
    .data                                    0x20000098   Section       28  exfuns.o(.data)
    .data                                    0x200000b4   Section        2  diskio.o(.data)
    .data                                    0x200000b8   Section       10  ff.o(.data)
    FatFs                                    0x200000b8   Data           8  ff.o(.data)
    Fsid                                     0x200000c0   Data           2  ff.o(.data)
    .bss                                     0x200000c4   Section       50  main.o(.bss)
    .bss                                     0x200000f6   Section       10  lcd.o(.bss)
    .bss                                     0x20000100   Section      552  text.o(.bss)
    .bss                                     0x20000328   Section      704  sdio_sdcard.o(.bss)
    CSD_Tab                                  0x2000036c   Data          16  sdio_sdcard.o(.bss)
    CID_Tab                                  0x2000037c   Data          16  sdio_sdcard.o(.bss)
    .bss                                     0x200005e8   Section      300  usart1.o(.bss)
    .bss                                     0x20000720   Section    43520  malloc.o(.bss)
    .bss                                     0x2000b120   Section       96  libspace.o(.bss)
    HEAP                                     0x2000b180   Section      512  startup_stm32f10x_hd.o(HEAP)
    Heap_Mem                                 0x2000b180   Data         512  startup_stm32f10x_hd.o(HEAP)
    STACK                                    0x2000b380   Section     1024  startup_stm32f10x_hd.o(STACK)
    Stack_Mem                                0x2000b380   Data        1024  startup_stm32f10x_hd.o(STACK)
    __initial_sp                             0x2000b780   Data           0  startup_stm32f10x_hd.o(STACK)
    .ARM.__AT_0x68000000                     0x68000000   Section    983040  malloc.o(.ARM.__AT_0x68000000)
    .ARM.__AT_0x680F0000                     0x680f0000   Section    61440  malloc.o(.ARM.__AT_0x680F0000)

    Global Symbols

    Symbol Name                              Value     Ov Type        Size  Object(Section)

    BuildAttributes$$THM_ISAv4$P$D$K$B$S$PE$A:L22UL41UL21$X:L11$S22US41US21$IEEE1$IW$USESV6$~STKCKD$USESV7$~SHL$OSPACE$ROPI$EBA8$UX$STANDARDLIB$REQ8$PRES8$EABIv2 0x00000000   Number         0  anon$$obj.o ABSOLUTE
    __ARM_use_no_argv                        0x00000000   Number         0  main.o ABSOLUTE
    _printf_flags                            0x00000000   Number         0  printf_stubs.o ABSOLUTE
    _printf_return_value                     0x00000000   Number         0  printf_stubs.o ABSOLUTE
    _printf_sizespec                         0x00000000   Number         0  printf_stubs.o ABSOLUTE
    _printf_widthprec                        0x00000000   Number         0  printf_stubs.o ABSOLUTE
    __ARM_exceptions_init                     - Undefined Weak Reference
    __alloca_initialize                       - Undefined Weak Reference
    __arm_preinit_                            - Undefined Weak Reference
    __cpp_initialize__aeabi_                  - Undefined Weak Reference
    __cxa_finalize                            - Undefined Weak Reference
    __rt_locale                               - Undefined Weak Reference
    __sigvec_lookup                           - Undefined Weak Reference
    _atexit_init                              - Undefined Weak Reference
    _call_atexit_fns                          - Undefined Weak Reference
    _clock_init                               - Undefined Weak Reference
    _fp_trap_init                             - Undefined Weak Reference
    _fp_trap_shutdown                         - Undefined Weak Reference
    _get_lc_collate                           - Undefined Weak Reference
    _get_lc_ctype                             - Undefined Weak Reference
    _get_lc_monetary                          - Undefined Weak Reference
    _get_lc_numeric                           - Undefined Weak Reference
    _get_lc_time                              - Undefined Weak Reference
    _getenv_init                              - Undefined Weak Reference
    _handle_redirection                       - Undefined Weak Reference
    _init_alloc                               - Undefined Weak Reference
    _init_user_alloc                          - Undefined Weak Reference
    _initio                                   - Undefined Weak Reference
    _printf_truncate_signed                   - Undefined Weak Reference
    _printf_truncate_unsigned                 - Undefined Weak Reference
    _rand_init                                - Undefined Weak Reference
    _signal_finish                            - Undefined Weak Reference
    _signal_init                              - Undefined Weak Reference
    _terminate_alloc                          - Undefined Weak Reference
    _terminate_user_alloc                     - Undefined Weak Reference
    _terminateio                              - Undefined Weak Reference
    __Vectors_Size                           0x00000130   Number         0  startup_stm32f10x_hd.o ABSOLUTE
    __Vectors                                0x08000000   Data           4  startup_stm32f10x_hd.o(RESET)
    __Vectors_End                            0x08000130   Data           0  startup_stm32f10x_hd.o(RESET)
    __main                                   0x08000131   Thumb Code     8  __main.o(!!!main)
    __scatterload                            0x08000139   Thumb Code     0  __scatter.o(!!!scatter)
    __scatterload_rt2                        0x08000139   Thumb Code    44  __scatter.o(!!!scatter)
    __scatterload_rt2_thumb_only             0x08000139   Thumb Code     0  __scatter.o(!!!scatter)
    __scatterload_null                       0x08000147   Thumb Code     0  __scatter.o(!!!scatter)
    __scatterload_copy                       0x0800016d   Thumb Code    26  __scatter_copy.o(!!handler_copy)
    __scatterload_zeroinit                   0x08000189   Thumb Code    28  __scatter_zi.o(!!handler_zi)
    _printf_d                                0x080001a5   Thumb Code     0  _printf_d.o(.ARM.Collect$$_printf_percent$$00000009)
    _printf_percent                          0x080001a5   Thumb Code     0  _printf_percent.o(.ARM.Collect$$_printf_percent$$00000000)
    _printf_percent_end                      0x080001ab   Thumb Code     0  _printf_percent_end.o(.ARM.Collect$$_printf_percent$$00000017)
    __rt_lib_init                            0x080001af   Thumb Code     0  libinit.o(.ARM.Collect$$libinit$$00000000)
    __rt_lib_init_alloca_1                   0x080001b1   Thumb Code     0  libinit2.o(.ARM.Collect$$libinit$$0000002E)
    __rt_lib_init_argv_1                     0x080001b1   Thumb Code     0  libinit2.o(.ARM.Collect$$libinit$$0000002C)
    __rt_lib_init_atexit_1                   0x080001b1   Thumb Code     0  libinit2.o(.ARM.Collect$$libinit$$0000001B)
    __rt_lib_init_clock_1                    0x080001b1   Thumb Code     0  libinit2.o(.ARM.Collect$$libinit$$00000021)
    __rt_lib_init_cpp_1                      0x080001b1   Thumb Code     0  libinit2.o(.ARM.Collect$$libinit$$00000032)
    __rt_lib_init_exceptions_1               0x080001b1   Thumb Code     0  libinit2.o(.ARM.Collect$$libinit$$00000030)
    __rt_lib_init_fp_1                       0x080001b1   Thumb Code     0  libinit2.o(.ARM.Collect$$libinit$$00000002)
    __rt_lib_init_fp_trap_1                  0x080001b1   Thumb Code     0  libinit2.o(.ARM.Collect$$libinit$$0000001F)
    __rt_lib_init_getenv_1                   0x080001b1   Thumb Code     0  libinit2.o(.ARM.Collect$$libinit$$00000023)
    __rt_lib_init_heap_1                     0x080001b1   Thumb Code     0  libinit2.o(.ARM.Collect$$libinit$$0000000A)
    __rt_lib_init_lc_collate_1               0x080001b1   Thumb Code     0  libinit2.o(.ARM.Collect$$libinit$$00000011)
    __rt_lib_init_lc_ctype_1                 0x080001b1   Thumb Code     0  libinit2.o(.ARM.Collect$$libinit$$00000013)
    __rt_lib_init_lc_monetary_1              0x080001b1   Thumb Code     0  libinit2.o(.ARM.Collect$$libinit$$00000015)
    __rt_lib_init_lc_numeric_1               0x080001b1   Thumb Code     0  libinit2.o(.ARM.Collect$$libinit$$00000017)
    __rt_lib_init_lc_time_1                  0x080001b1   Thumb Code     0  libinit2.o(.ARM.Collect$$libinit$$00000019)
    __rt_lib_init_preinit_1                  0x080001b1   Thumb Code     0  libinit2.o(.ARM.Collect$$libinit$$00000004)
    __rt_lib_init_rand_1                     0x080001b1   Thumb Code     0  libinit2.o(.ARM.Collect$$libinit$$0000000E)
    __rt_lib_init_return                     0x080001b1   Thumb Code     0  libinit2.o(.ARM.Collect$$libinit$$00000033)
    __rt_lib_init_signal_1                   0x080001b1   Thumb Code     0  libinit2.o(.ARM.Collect$$libinit$$0000001D)
    __rt_lib_init_stdio_1                    0x080001b1   Thumb Code     0  libinit2.o(.ARM.Collect$$libinit$$00000025)
    __rt_lib_init_user_alloc_1               0x080001b1   Thumb Code     0  libinit2.o(.ARM.Collect$$libinit$$0000000C)
    __rt_lib_shutdown                        0x080001b3   Thumb Code     0  libshutdown.o(.ARM.Collect$$libshutdown$$00000000)
    __rt_lib_shutdown_cpp_1                  0x080001b5   Thumb Code     0  libshutdown2.o(.ARM.Collect$$libshutdown$$00000002)
    __rt_lib_shutdown_fp_trap_1              0x080001b5   Thumb Code     0  libshutdown2.o(.ARM.Collect$$libshutdown$$00000007)
    __rt_lib_shutdown_heap_1                 0x080001b5   Thumb Code     0  libshutdown2.o(.ARM.Collect$$libshutdown$$0000000F)
    __rt_lib_shutdown_return                 0x080001b5   Thumb Code     0  libshutdown2.o(.ARM.Collect$$libshutdown$$00000010)
    __rt_lib_shutdown_signal_1               0x080001b5   Thumb Code     0  libshutdown2.o(.ARM.Collect$$libshutdown$$0000000A)
    __rt_lib_shutdown_stdio_1                0x080001b5   Thumb Code     0  libshutdown2.o(.ARM.Collect$$libshutdown$$00000004)
    __rt_lib_shutdown_user_alloc_1           0x080001b5   Thumb Code     0  libshutdown2.o(.ARM.Collect$$libshutdown$$0000000C)
    __rt_entry                               0x080001b7   Thumb Code     0  __rtentry.o(.ARM.Collect$$rtentry$$00000000)
    __rt_entry_presh_1                       0x080001b7   Thumb Code     0  __rtentry2.o(.ARM.Collect$$rtentry$$00000002)
    __rt_entry_sh                            0x080001b7   Thumb Code     0  __rtentry4.o(.ARM.Collect$$rtentry$$00000004)
    __rt_entry_li                            0x080001bd   Thumb Code     0  __rtentry2.o(.ARM.Collect$$rtentry$$0000000A)
    __rt_entry_postsh_1                      0x080001bd   Thumb Code     0  __rtentry2.o(.ARM.Collect$$rtentry$$00000009)
    __rt_entry_main                          0x080001c1   Thumb Code     0  __rtentry2.o(.ARM.Collect$$rtentry$$0000000D)
    __rt_entry_postli_1                      0x080001c1   Thumb Code     0  __rtentry2.o(.ARM.Collect$$rtentry$$0000000C)
    __rt_exit                                0x080001c9   Thumb Code     0  rtexit.o(.ARM.Collect$$rtexit$$00000000)
    __rt_exit_ls                             0x080001cb   Thumb Code     0  rtexit2.o(.ARM.Collect$$rtexit$$00000003)
    __rt_exit_prels_1                        0x080001cb   Thumb Code     0  rtexit2.o(.ARM.Collect$$rtexit$$00000002)
    __rt_exit_exit                           0x080001cf   Thumb Code     0  rtexit2.o(.ARM.Collect$$rtexit$$00000004)
    Reset_Handler                            0x080001d5   Thumb Code     8  startup_stm32f10x_hd.o(.text)
    ADC1_2_IRQHandler                        0x080001ef   Thumb Code     0  startup_stm32f10x_hd.o(.text)
    ADC3_IRQHandler                          0x080001ef   Thumb Code     0  startup_stm32f10x_hd.o(.text)
    CAN1_RX1_IRQHandler                      0x080001ef   Thumb Code     0  startup_stm32f10x_hd.o(.text)
    CAN1_SCE_IRQHandler                      0x080001ef   Thumb Code     0  startup_stm32f10x_hd.o(.text)
    DMA1_Channel1_IRQHandler                 0x080001ef   Thumb Code     0  startup_stm32f10x_hd.o(.text)
    DMA1_Channel2_IRQHandler                 0x080001ef   Thumb Code     0  startup_stm32f10x_hd.o(.text)
    DMA1_Channel3_IRQHandler                 0x080001ef   Thumb Code     0  startup_stm32f10x_hd.o(.text)
    DMA1_Channel4_IRQHandler                 0x080001ef   Thumb Code     0  startup_stm32f10x_hd.o(.text)
    DMA1_Channel5_IRQHandler                 0x080001ef   Thumb Code     0  startup_stm32f10x_hd.o(.text)
    DMA1_Channel6_IRQHandler                 0x080001ef   Thumb Code     0  startup_stm32f10x_hd.o(.text)
    DMA1_Channel7_IRQHandler                 0x080001ef   Thumb Code     0  startup_stm32f10x_hd.o(.text)
    DMA2_Channel1_IRQHandler                 0x080001ef   Thumb Code     0  startup_stm32f10x_hd.o(.text)
    DMA2_Channel2_IRQHandler                 0x080001ef   Thumb Code     0  startup_stm32f10x_hd.o(.text)
    DMA2_Channel3_IRQHandler                 0x080001ef   Thumb Code     0  startup_stm32f10x_hd.o(.text)
    DMA2_Channel4_5_IRQHandler               0x080001ef   Thumb Code     0  startup_stm32f10x_hd.o(.text)
    EXTI0_IRQHandler                         0x080001ef   Thumb Code     0  startup_stm32f10x_hd.o(.text)
    EXTI15_10_IRQHandler                     0x080001ef   Thumb Code     0  startup_stm32f10x_hd.o(.text)
    EXTI1_IRQHandler                         0x080001ef   Thumb Code     0  startup_stm32f10x_hd.o(.text)
    EXTI2_IRQHandler                         0x080001ef   Thumb Code     0  startup_stm32f10x_hd.o(.text)
    EXTI3_IRQHandler                         0x080001ef   Thumb Code     0  startup_stm32f10x_hd.o(.text)
    EXTI4_IRQHandler                         0x080001ef   Thumb Code     0  startup_stm32f10x_hd.o(.text)
    EXTI9_5_IRQHandler                       0x080001ef   Thumb Code     0  startup_stm32f10x_hd.o(.text)
    FLASH_IRQHandler                         0x080001ef   Thumb Code     0  startup_stm32f10x_hd.o(.text)
    FSMC_IRQHandler                          0x080001ef   Thumb Code     0  startup_stm32f10x_hd.o(.text)
    I2C1_ER_IRQHandler                       0x080001ef   Thumb Code     0  startup_stm32f10x_hd.o(.text)
    I2C1_EV_IRQHandler                       0x080001ef   Thumb Code     0  startup_stm32f10x_hd.o(.text)
    I2C2_ER_IRQHandler                       0x080001ef   Thumb Code     0  startup_stm32f10x_hd.o(.text)
    I2C2_EV_IRQHandler                       0x080001ef   Thumb Code     0  startup_stm32f10x_hd.o(.text)
    PVD_IRQHandler                           0x080001ef   Thumb Code     0  startup_stm32f10x_hd.o(.text)
    RCC_IRQHandler                           0x080001ef   Thumb Code     0  startup_stm32f10x_hd.o(.text)
    RTCAlarm_IRQHandler                      0x080001ef   Thumb Code     0  startup_stm32f10x_hd.o(.text)
    RTC_IRQHandler                           0x080001ef   Thumb Code     0  startup_stm32f10x_hd.o(.text)
    SPI1_IRQHandler                          0x080001ef   Thumb Code     0  startup_stm32f10x_hd.o(.text)
    SPI2_IRQHandler                          0x080001ef   Thumb Code     0  startup_stm32f10x_hd.o(.text)
    SPI3_IRQHandler                          0x080001ef   Thumb Code     0  startup_stm32f10x_hd.o(.text)
    TAMPER_IRQHandler                        0x080001ef   Thumb Code     0  startup_stm32f10x_hd.o(.text)
    TIM1_BRK_IRQHandler                      0x080001ef   Thumb Code     0  startup_stm32f10x_hd.o(.text)
    TIM1_CC_IRQHandler                       0x080001ef   Thumb Code     0  startup_stm32f10x_hd.o(.text)
    TIM1_TRG_COM_IRQHandler                  0x080001ef   Thumb Code     0  startup_stm32f10x_hd.o(.text)
    TIM1_UP_IRQHandler                       0x080001ef   Thumb Code     0  startup_stm32f10x_hd.o(.text)
    TIM2_IRQHandler                          0x080001ef   Thumb Code     0  startup_stm32f10x_hd.o(.text)
    TIM3_IRQHandler                          0x080001ef   Thumb Code     0  startup_stm32f10x_hd.o(.text)
    TIM4_IRQHandler                          0x080001ef   Thumb Code     0  startup_stm32f10x_hd.o(.text)
    TIM5_IRQHandler                          0x080001ef   Thumb Code     0  startup_stm32f10x_hd.o(.text)
    TIM6_IRQHandler                          0x080001ef   Thumb Code     0  startup_stm32f10x_hd.o(.text)
    TIM7_IRQHandler                          0x080001ef   Thumb Code     0  startup_stm32f10x_hd.o(.text)
    TIM8_BRK_IRQHandler                      0x080001ef   Thumb Code     0  startup_stm32f10x_hd.o(.text)
    TIM8_CC_IRQHandler                       0x080001ef   Thumb Code     0  startup_stm32f10x_hd.o(.text)
    TIM8_TRG_COM_IRQHandler                  0x080001ef   Thumb Code     0  startup_stm32f10x_hd.o(.text)
    TIM8_UP_IRQHandler                       0x080001ef   Thumb Code     0  startup_stm32f10x_hd.o(.text)
    UART4_IRQHandler                         0x080001ef   Thumb Code     0  startup_stm32f10x_hd.o(.text)
    UART5_IRQHandler                         0x080001ef   Thumb Code     0  startup_stm32f10x_hd.o(.text)
    USART2_IRQHandler                        0x080001ef   Thumb Code     0  startup_stm32f10x_hd.o(.text)
    USART3_IRQHandler                        0x080001ef   Thumb Code     0  startup_stm32f10x_hd.o(.text)
    USBWakeUp_IRQHandler                     0x080001ef   Thumb Code     0  startup_stm32f10x_hd.o(.text)
    USB_HP_CAN1_TX_IRQHandler                0x080001ef   Thumb Code     0  startup_stm32f10x_hd.o(.text)
    USB_LP_CAN1_RX0_IRQHandler               0x080001ef   Thumb Code     0  startup_stm32f10x_hd.o(.text)
    WWDG_IRQHandler                          0x080001ef   Thumb Code     0  startup_stm32f10x_hd.o(.text)
    __user_initial_stackheap                 0x080001f1   Thumb Code     0  startup_stm32f10x_hd.o(.text)
    __aeabi_ldivmod                          0x08000215   Thumb Code     0  llsdiv.o(.text)
    _ll_sdiv                                 0x08000215   Thumb Code    72  llsdiv.o(.text)
    __2sprintf                               0x0800025d   Thumb Code    34  noretval__2sprintf.o(.text)
    _printf_pre_padding                      0x08000285   Thumb Code    44  _printf_pad.o(.text)
    _printf_post_padding                     0x080002b1   Thumb Code    34  _printf_pad.o(.text)
    _printf_int_dec                          0x080002d5   Thumb Code   104  _printf_dec.o(.text)
    __printf                                 0x0800034d   Thumb Code   270  __printf_wp.o(.text)
    __aeabi_memcpy                           0x0800045b   Thumb Code     0  rt_memcpy_v6.o(.text)
    __rt_memcpy                              0x0800045b   Thumb Code   138  rt_memcpy_v6.o(.text)
    _memcpy_lastbytes                        0x080004c1   Thumb Code     0  rt_memcpy_v6.o(.text)
    __use_two_region_memory                  0x080004e5   Thumb Code     2  heapauxi.o(.text)
    __rt_heap_escrow$2region                 0x080004e7   Thumb Code     2  heapauxi.o(.text)
    __rt_heap_expand$2region                 0x080004e9   Thumb Code     2  heapauxi.o(.text)
    __aeabi_uldivmod                         0x080004eb   Thumb Code     0  lludivv7m.o(.text)
    _ll_udiv                                 0x080004eb   Thumb Code   238  lludivv7m.o(.text)
    _printf_int_common                       0x080005d9   Thumb Code   178  _printf_intcommon.o(.text)
    _printf_char_common                      0x08000697   Thumb Code    32  _printf_char_common.o(.text)
    _sputc                                   0x080006bd   Thumb Code    10  _sputc.o(.text)
    __aeabi_memcpy4                          0x080006c7   Thumb Code     0  rt_memcpy_w.o(.text)
    __aeabi_memcpy8                          0x080006c7   Thumb Code     0  rt_memcpy_w.o(.text)
    __rt_memcpy_w                            0x080006c7   Thumb Code   100  rt_memcpy_w.o(.text)
    _memcpy_lastbytes_aligned                0x0800070f   Thumb Code     0  rt_memcpy_w.o(.text)
    __user_setup_stackheap                   0x0800072b   Thumb Code    74  sys_stackheap_outer.o(.text)
    exit                                     0x08000775   Thumb Code    18  exit.o(.text)
    __user_libspace                          0x08000789   Thumb Code     8  libspace.o(.text)
    __user_perproc_libspace                  0x08000789   Thumb Code     0  libspace.o(.text)
    __user_perthread_libspace                0x08000789   Thumb Code     0  libspace.o(.text)
    _sys_exit                                0x08000791   Thumb Code     8  sys_exit.o(.text)
    __I$use$semihosting                      0x0800079d   Thumb Code     0  use_no_semi.o(.text)
    __use_no_semihosting_swi                 0x0800079d   Thumb Code     2  use_no_semi.o(.text)
    __semihosting_library_function           0x0800079f   Thumb Code     0  indicate_semi.o(.text)
    BH1750_RecvACK                           0x080007a1   Thumb Code    96  bh1750.o(i.BH1750_RecvACK)
    BH1750_RecvByte                          0x08000809   Thumb Code   116  bh1750.o(i.BH1750_RecvByte)
    BH1750_SendACK                           0x08000881   Thumb Code    86  bh1750.o(i.BH1750_SendACK)
    BH1750_SendByte                          0x080008dd   Thumb Code    74  bh1750.o(i.BH1750_SendByte)
    BH1750_Start                             0x0800092d   Thumb Code    44  bh1750.o(i.BH1750_Start)
    BH1750_Stop                              0x0800095d   Thumb Code    36  bh1750.o(i.BH1750_Stop)
    BusFault_Handler                         0x08000985   Thumb Code     4  stm32f10x_it.o(i.BusFault_Handler)
    CmdError                                 0x08000989   Thumb Code    48  sdio_sdcard.o(i.CmdError)
    CmdResp1Error                            0x080009b9   Thumb Code    90  sdio_sdcard.o(i.CmdResp1Error)
    CmdResp2Error                            0x08000a19   Thumb Code    80  sdio_sdcard.o(i.CmdResp2Error)
    CmdResp3Error                            0x08000a6d   Thumb Code    50  sdio_sdcard.o(i.CmdResp3Error)
    CmdResp6Error                            0x08000aa5   Thumb Code   140  sdio_sdcard.o(i.CmdResp6Error)
    CmdResp7Error                            0x08000b35   Thumb Code    70  sdio_sdcard.o(i.CmdResp7Error)
    DMA_Cmd                                  0x08000b81   Thumb Code    24  stm32f10x_dma.o(i.DMA_Cmd)
    DMA_DeInit                               0x08000b99   Thumb Code   324  stm32f10x_dma.o(i.DMA_DeInit)
    DMA_Init                                 0x08000ce5   Thumb Code    60  stm32f10x_dma.o(i.DMA_Init)
    DS18B20_Check                            0x08000d21   Thumb Code    92  ds18b20.o(i.DS18B20_Check)
    DS18B20_Get_Temp                         0x08000d85   Thumb Code   136  ds18b20.o(i.DS18B20_Get_Temp)
    DS18B20_Init                             0x08000e11   Thumb Code    58  ds18b20.o(i.DS18B20_Init)
    DS18B20_Read_Bit                         0x08000e51   Thumb Code    96  ds18b20.o(i.DS18B20_Read_Bit)
    DS18B20_Read_Byte                        0x08000ebd   Thumb Code    34  ds18b20.o(i.DS18B20_Read_Byte)
    DS18B20_Rst                              0x08000ee1   Thumb Code    54  ds18b20.o(i.DS18B20_Rst)
    DS18B20_Start                            0x08000f25   Thumb Code    24  ds18b20.o(i.DS18B20_Start)
    DS18B20_Write_Byte                       0x08000f3d   Thumb Code   102  ds18b20.o(i.DS18B20_Write_Byte)
    DebugMon_Handler                         0x08000fb1   Thumb Code     2  stm32f10x_it.o(i.DebugMon_Handler)
    Delay_5us                                0x08000fb3   Thumb Code    32  bh1750.o(i.Delay_5us)
    Delay_mms                                0x08000fd3   Thumb Code    32  bh1750.o(i.Delay_mms)
    FSMC_NORSRAMCmd                          0x08000ff5   Thumb Code    46  stm32f10x_fsmc.o(i.FSMC_NORSRAMCmd)
    FSMC_NORSRAMInit                         0x08001029   Thumb Code   230  stm32f10x_fsmc.o(i.FSMC_NORSRAMInit)
    FindSCR                                  0x08001111   Thumb Code   386  sdio_sdcard.o(i.FindSCR)
    GPIOConfig                               0x080012a5   Thumb Code    38  bh1750.o(i.GPIOConfig)
    GPIO_Init                                0x080012d1   Thumb Code   278  stm32f10x_gpio.o(i.GPIO_Init)
    GPIO_ReadInputDataBit                    0x080013e7   Thumb Code    18  stm32f10x_gpio.o(i.GPIO_ReadInputDataBit)
    GPIO_ResetBits                           0x080013f9   Thumb Code     4  stm32f10x_gpio.o(i.GPIO_ResetBits)
    GPIO_SetBits                             0x080013fd   Thumb Code     4  stm32f10x_gpio.o(i.GPIO_SetBits)
    Get_HzMat                                0x08001401   Thumb Code   278  text.o(i.Get_HzMat)
    HardFault_Handler                        0x08001575   Thumb Code     4  stm32f10x_it.o(i.HardFault_Handler)
    INTX_DISABLE                             0x08001579   Thumb Code     4  sys.o(i.INTX_DISABLE)
    INTX_ENABLE                              0x0800157d   Thumb Code     4  sys.o(i.INTX_ENABLE)
    Init_BH1750                              0x08001581   Thumb Code    10  bh1750.o(i.Init_BH1750)
    IsCardProgramming                        0x0800158d   Thumb Code   142  sdio_sdcard.o(i.IsCardProgramming)
    LCD_Clear                                0x08001629   Thumb Code    42  lcd.o(i.LCD_Clear)
    LCD_Display_Dir                          0x0800165d   Thumb Code   238  lcd.o(i.LCD_Display_Dir)
    LCD_DrawPoint                            0x08001751   Thumb Code    28  lcd.o(i.LCD_DrawPoint)
    LCD_Fast_DrawPoint                       0x08001775   Thumb Code   126  lcd.o(i.LCD_Fast_DrawPoint)
    LCD_Init                                 0x080017fd   Thumb Code  6226  lcd.o(i.LCD_Init)
    LCD_RD_DATA                              0x08003059   Thumb Code     6  lcd.o(i.LCD_RD_DATA)
    LCD_ReadReg                              0x08003065   Thumb Code    22  lcd.o(i.LCD_ReadReg)
    LCD_Scan_Dir                             0x0800307d   Thumb Code   454  lcd.o(i.LCD_Scan_Dir)
    LCD_SetCursor                            0x08003249   Thumb Code   112  lcd.o(i.LCD_SetCursor)
    LCD_ShowChar                             0x080032bd   Thumb Code   340  lcd.o(i.LCD_ShowChar)
    LCD_WR_DATA                              0x08003425   Thumb Code     6  lcd.o(i.LCD_WR_DATA)
    LCD_WR_REG                               0x08003431   Thumb Code     6  lcd.o(i.LCD_WR_REG)
    LCD_WriteRAM_Prepare                     0x0800343d   Thumb Code    10  lcd.o(i.LCD_WriteRAM_Prepare)
    LCD_WriteReg                             0x08003451   Thumb Code    10  lcd.o(i.LCD_WriteReg)
    MemManage_Handler                        0x08003461   Thumb Code     4  stm32f10x_it.o(i.MemManage_Handler)
    NMI_Handler                              0x08003465   Thumb Code     2  stm32f10x_it.o(i.NMI_Handler)
    NVIC_Init                                0x08003469   Thumb Code   100  misc.o(i.NVIC_Init)
    NVIC_PriorityGroupConfig                 0x080034d9   Thumb Code    10  misc.o(i.NVIC_PriorityGroupConfig)
    PendSV_Handler                           0x080034ed   Thumb Code     2  stm32f10x_it.o(i.PendSV_Handler)
    RCC_AHBPeriphClockCmd                    0x080034f1   Thumb Code    26  stm32f10x_rcc.o(i.RCC_AHBPeriphClockCmd)
    RCC_APB1PeriphResetCmd                   0x08003511   Thumb Code    26  stm32f10x_rcc.o(i.RCC_APB1PeriphResetCmd)
    RCC_APB2PeriphClockCmd                   0x08003531   Thumb Code    26  stm32f10x_rcc.o(i.RCC_APB2PeriphClockCmd)
    RCC_APB2PeriphResetCmd                   0x08003551   Thumb Code    26  stm32f10x_rcc.o(i.RCC_APB2PeriphResetCmd)
    RCC_GetClocksFreq                        0x08003571   Thumb Code   192  stm32f10x_rcc.o(i.RCC_GetClocksFreq)
    SDEnWideBus                              0x08003645   Thumb Code   158  sdio_sdcard.o(i.SDEnWideBus)
    SDIO_ClearFlag                           0x080036f1   Thumb Code     6  stm32f10x_sdio.o(i.SDIO_ClearFlag)
    SDIO_ClockCmd                            0x080036fd   Thumb Code     6  stm32f10x_sdio.o(i.SDIO_ClockCmd)
    SDIO_Clock_Set                           0x08003709   Thumb Code    16  sdio_sdcard.o(i.SDIO_Clock_Set)
    SDIO_DMACmd                              0x0800371d   Thumb Code     6  stm32f10x_sdio.o(i.SDIO_DMACmd)
    SDIO_DataConfig                          0x08003729   Thumb Code    42  stm32f10x_sdio.o(i.SDIO_DataConfig)
    SDIO_DeInit                              0x08003759   Thumb Code    28  stm32f10x_sdio.o(i.SDIO_DeInit)
    SDIO_GetFlagStatus                       0x0800377d   Thumb Code    20  stm32f10x_sdio.o(i.SDIO_GetFlagStatus)
    SDIO_GetPowerState                       0x08003795   Thumb Code    10  stm32f10x_sdio.o(i.SDIO_GetPowerState)
    SDIO_IRQHandler                          0x080037a5   Thumb Code     8  sdio_sdcard.o(i.SDIO_IRQHandler)
    SDIO_Init                                0x080037ad   Thumb Code    42  stm32f10x_sdio.o(i.SDIO_Init)
    SDIO_ReadData                            0x080037dd   Thumb Code     6  stm32f10x_sdio.o(i.SDIO_ReadData)
    SDIO_SendCommand                         0x080037e9   Thumb Code    38  stm32f10x_sdio.o(i.SDIO_SendCommand)
    SDIO_SetPowerState                       0x08003815   Thumb Code    22  stm32f10x_sdio.o(i.SDIO_SetPowerState)
    SDIO_WriteData                           0x08003831   Thumb Code     6  stm32f10x_sdio.o(i.SDIO_WriteData)
    SD_DMA_Config                            0x0800383d   Thumb Code    94  sdio_sdcard.o(i.SD_DMA_Config)
    SD_EnableWideBusOperation                0x080038a5   Thumb Code    94  sdio_sdcard.o(i.SD_EnableWideBusOperation)
    SD_GetCardInfo                           0x0800390d   Thumb Code   772  sdio_sdcard.o(i.SD_GetCardInfo)
    SD_Init                                  0x08003c21   Thumb Code   238  sdio_sdcard.o(i.SD_Init)
    SD_InitializeCards                       0x08003d21   Thumb Code   316  sdio_sdcard.o(i.SD_InitializeCards)
    SD_PowerON                               0x08003e75   Thumb Code   450  sdio_sdcard.o(i.SD_PowerON)
    SD_ProcessIRQSrc                         0x08004051   Thumb Code   296  sdio_sdcard.o(i.SD_ProcessIRQSrc)
    SD_ReadBlock                             0x0800418d   Thumb Code   558  sdio_sdcard.o(i.SD_ReadBlock)
    SD_ReadDisk                              0x080043e5   Thumb Code   148  sdio_sdcard.o(i.SD_ReadDisk)
    SD_ReadMultiBlocks                       0x0800447d   Thumb Code   698  sdio_sdcard.o(i.SD_ReadMultiBlocks)
    SD_SelectDeselect                        0x08004765   Thumb Code    42  sdio_sdcard.o(i.SD_SelectDeselect)
    SD_SetDeviceMode                         0x08004795   Thumb Code    20  sdio_sdcard.o(i.SD_SetDeviceMode)
    SD_WriteBlock                            0x080047ad   Thumb Code   844  sdio_sdcard.o(i.SD_WriteBlock)
    SD_WriteDisk                             0x08004b21   Thumb Code   148  sdio_sdcard.o(i.SD_WriteDisk)
    SD_WriteMultiBlocks                      0x08004bb9   Thumb Code   920  sdio_sdcard.o(i.SD_WriteMultiBlocks)
    SVC_Handler                              0x08004f79   Thumb Code     2  stm32f10x_it.o(i.SVC_Handler)
    Show_Font                                0x08005065   Thumb Code   190  text.o(i.Show_Font)
    Show_Str                                 0x0800512d   Thumb Code   194  text.o(i.Show_Str)
    Single_Write_BH1750                      0x080051ef   Thumb Code    26  bh1750.o(i.Single_Write_BH1750)
    SysTick_CLKSourceConfig                  0x08005209   Thumb Code    40  misc.o(i.SysTick_CLKSourceConfig)
    SysTick_Handler                          0x08005231   Thumb Code     2  stm32f10x_it.o(i.SysTick_Handler)
    SystemInit                               0x08005235   Thumb Code    78  system_stm32f10x.o(i.SystemInit)
    USART1_Config                            0x08005295   Thumb Code   184  usart1.o(i.USART1_Config)
    USART1_IRQHandler                        0x08005355   Thumb Code   164  usart1.o(i.USART1_IRQHandler)
    USART_ClearFlag                          0x08005411   Thumb Code    18  stm32f10x_usart.o(i.USART_ClearFlag)
    USART_ClearITPendingBit                  0x08005423   Thumb Code    30  stm32f10x_usart.o(i.USART_ClearITPendingBit)
    USART_Cmd                                0x08005441   Thumb Code    24  stm32f10x_usart.o(i.USART_Cmd)
    USART_DeInit                             0x08005459   Thumb Code   134  stm32f10x_usart.o(i.USART_DeInit)
    USART_GetITStatus                        0x080054f5   Thumb Code    84  stm32f10x_usart.o(i.USART_GetITStatus)
    USART_ITConfig                           0x08005549   Thumb Code    74  stm32f10x_usart.o(i.USART_ITConfig)
    USART_Init                               0x08005595   Thumb Code   210  stm32f10x_usart.o(i.USART_Init)
    USART_ReceiveData                        0x0800566d   Thumb Code    10  stm32f10x_usart.o(i.USART_ReceiveData)
    UsageFault_Handler                       0x08005677   Thumb Code     4  stm32f10x_it.o(i.UsageFault_Handler)
    _is_digit                                0x0800567b   Thumb Code    14  __printf_wp.o(i._is_digit)
    clust2sect                               0x0800575f   Thumb Code    26  ff.o(i.clust2sect)
    convert_from_bytes_to_power_of_two       0x080057dd   Thumb Code    18  sdio_sdcard.o(i.convert_from_bytes_to_power_of_two)
    delay_init                               0x08005b1d   Thumb Code    50  delay.o(i.delay_init)
    delay_ms                                 0x08005b61   Thumb Code    72  delay.o(i.delay_ms)
    delay_us                                 0x08005bad   Thumb Code    72  delay.o(i.delay_us)
    dir_sdi                                  0x08005f77   Thumb Code   158  ff.o(i.dir_sdi)
    disk_initialize                          0x08006015   Thumb Code    32  diskio.o(i.disk_initialize)
    disk_ioctl                               0x08006035   Thumb Code   170  diskio.o(i.disk_ioctl)
    disk_read                                0x080060e9   Thumb Code    86  diskio.o(i.disk_read)
    disk_status                              0x0800613f   Thumb Code     6  diskio.o(i.disk_status)
    disk_write                               0x08006145   Thumb Code    86  diskio.o(i.disk_write)
    exfuns_init                              0x0800619d   Thumb Code   114  exfuns.o(i.exfuns_init)
    f_close                                  0x08006221   Thumb Code    32  ff.o(i.f_close)
    f_lseek                                  0x08006241   Thumb Code   684  ff.o(i.f_lseek)
    f_mount                                  0x080064ed   Thumb Code    86  ff.o(i.f_mount)
    f_open                                   0x08006549   Thumb Code   384  ff.o(i.f_open)
    f_read                                   0x080066c9   Thumb Code   432  ff.o(i.f_read)
    f_sync                                   0x08006879   Thumb Code   176  ff.o(i.f_sync)
    ff_memalloc                              0x08006929   Thumb Code    14  diskio.o(i.ff_memalloc)
    ff_memfree                               0x08006937   Thumb Code    14  diskio.o(i.ff_memfree)
    get_fat                                  0x08006eb5   Thumb Code   242  ff.o(i.get_fat)
    get_fattime                              0x08006fa7   Thumb Code     4  diskio.o(i.get_fattime)
    main                                     0x08007015   Thumb Code   364  main.o(i.main)
    mread                                    0x08007239   Thumb Code    62  bh1750.o(i.mread)
    my_mem_free                              0x0800727d   Thumb Code    96  malloc.o(i.my_mem_free)
    my_mem_init                              0x080072e9   Thumb Code    54  malloc.o(i.my_mem_init)
    my_mem_malloc                            0x0800732d   Thumb Code   156  malloc.o(i.my_mem_malloc)
    my_mem_perused                           0x080073d5   Thumb Code    54  malloc.o(i.my_mem_perused)
    myfree                                   0x08007415   Thumb Code    30  malloc.o(i.myfree)
    mymalloc                                 0x08007439   Thumb Code    34  malloc.o(i.mymalloc)
    mymemset                                 0x08007461   Thumb Code    20  malloc.o(i.mymemset)
    put_fat                                  0x08007475   Thumb Code   322  ff.o(i.put_fat)
    __aeabi_d2iz                             0x080077a5   Thumb Code     0  dfix.o(x$fpl$dfix)
    _dfix                                    0x080077a5   Thumb Code    94  dfix.o(x$fpl$dfix)
    __aeabi_dmul                             0x08007805   Thumb Code     0  dmul.o(x$fpl$dmul)
    _dmul                                    0x08007805   Thumb Code   332  dmul.o(x$fpl$dmul)
    __fpl_dnaninf                            0x08007959   Thumb Code   156  dnaninf.o(x$fpl$dnaninf)
    __fpl_dretinf                            0x080079f5   Thumb Code    12  dretinf.o(x$fpl$dretinf)
    __aeabi_f2d                              0x08007a01   Thumb Code     0  f2d.o(x$fpl$f2d)
    _f2d                                     0x08007a01   Thumb Code    86  f2d.o(x$fpl$f2d)
    __aeabi_i2f                              0x08007a59   Thumb Code     0  fflt_clz.o(x$fpl$fflt)
    _fflt                                    0x08007a59   Thumb Code    48  fflt_clz.o(x$fpl$fflt)
    __fpl_fnaninf                            0x08007a89   Thumb Code   140  fnaninf.o(x$fpl$fnaninf)
    __I$use$fp                               0x08007b14   Number         0  usenofp.o(x$fpl$usenofp)
    asc2_1206                                0x08007b14   Data        1140  lcd.o(.constdata)
    asc2_1608                                0x08007f88   Data        1520  lcd.o(.constdata)
    memtblsize                               0x08008578   Data           8  malloc.o(.constdata)
    memblksize                               0x08008580   Data           8  malloc.o(.constdata)
    memsize                                  0x08008588   Data           8  malloc.o(.constdata)
    Region$$Table$$Base                      0x080085cc   Number         0  anon$$obj.o(Region$$Table)
    Region$$Table$$Limit                     0x080085ec   Number         0  anon$$obj.o(Region$$Table)
    jjj                                      0x20000000   Data          20  main.o(.data)
    dis_data                                 0x20000014   Data           4  main.o(.data)
    m                                        0x20000018   Data           4  main.o(.data)
    SystemCoreClock                          0x2000001c   Data           4  system_stm32f10x.o(.data)
    AHBPrescTable                            0x20000020   Data          16  system_stm32f10x.o(.data)
    mcy                                      0x20000030   Data           4  bh1750.o(.data)
    guangcha                                 0x20000034   Data           4  bh1750.o(.data)
    BUF                                      0x20000038   Data           8  bh1750.o(.data)
    POINT_COLOR                              0x20000058   Data           2  lcd.o(.data)
    BACK_COLOR                               0x2000005a   Data           2  lcd.o(.data)
    fnum                                     0x2000005c   Data           4  text.o(.data)
    TransferError                            0x2000006a   Data           1  sdio_sdcard.o(.data)
    TransferEnd                              0x2000006b   Data           1  sdio_sdcard.o(.data)
    tempbuff                                 0x2000006c   Data           4  sdio_sdcard.o(.data)
    data_us                                  0x20000070   Data           1  usart1.o(.data)
    USART_RX                                 0x20000071   Data           1  usart1.o(.data)
    data_transfer                            0x20000072   Data           1  usart1.o(.data)
    data_us1                                 0x20000073   Data           1  usart1.o(.data)
    USART_RX1                                0x20000074   Data           1  usart1.o(.data)
    state_0x0a                               0x20000075   Data           1  usart1.o(.data)
    state_0x0a1                              0x20000076   Data           1  usart1.o(.data)
    cun                                      0x20000077   Data           1  usart1.o(.data)
    cun1                                     0x20000078   Data           1  usart1.o(.data)
    mallco_dev                               0x2000007c   Data          28  malloc.o(.data)
    fs                                       0x20000098   Data           8  exfuns.o(.data)
    file                                     0x200000a0   Data           4  exfuns.o(.data)
    ftemp                                    0x200000a4   Data           4  exfuns.o(.data)
    br                                       0x200000a8   Data           4  exfuns.o(.data)
    bw                                       0x200000ac   Data           4  exfuns.o(.data)
    fatbuf                                   0x200000b0   Data           4  exfuns.o(.data)
    FLASH_SECTOR_COUNT                       0x200000b4   Data           2  diskio.o(.data)
    xianshi                                  0x200000c4   Data          40  main.o(.bss)
    xia                                      0x200000ec   Data          10  main.o(.bss)
    lcddev                                   0x200000f6   Data          10  lcd.o(.bss)
    font                                     0x20000100   Data         552  text.o(.bss)
    SDIO_InitStructure                       0x20000328   Data          24  sdio_sdcard.o(.bss)
    SDIO_CmdInitStructure                    0x20000340   Data          20  sdio_sdcard.o(.bss)
    SDIO_DataInitStructure                   0x20000354   Data          24  sdio_sdcard.o(.bss)
    SDCardInfo                               0x20000390   Data          88  sdio_sdcard.o(.bss)
    SDIO_DATA_BUFFER                         0x200003e8   Data         512  sdio_sdcard.o(.bss)
    USART_RX_buf                             0x200005e8   Data          50  usart1.o(.bss)
    USART_RX_buf1                            0x2000061a   Data          50  usart1.o(.bss)
    data_cu                                  0x2000064c   Data         100  usart1.o(.bss)
    data_cu1                                 0x200006b0   Data         100  usart1.o(.bss)
    mem1base                                 0x20000720   Data       40960  malloc.o(.bss)
    mem1mapbase                              0x2000a720   Data        2560  malloc.o(.bss)
    __libspace_start                         0x2000b120   Data          96  libspace.o(.bss)
    __temporary_stack_top$libspace           0x2000b180   Data           0  libspace.o(.bss)
    mem2base                                 0x68000000   Data       983040  malloc.o(.ARM.__AT_0x68000000)
    mem2mapbase                              0x680f0000   Data       61440  malloc.o(.ARM.__AT_0x680F0000)



==============================================================================

Memory Map of the image

  Image Entry point : 0x080001d5

  Load Region LR_1 (Base: 0x08000000, Size: 0x000086b0, Max: 0xffffffff, ABSOLUTE)

    Execution Region ER_RO (Base: 0x08000000, Size: 0x000085ec, Max: 0xffffffff, ABSOLUTE)

    Base Addr    Size         Type   Attr      Idx    E Section Name        Object

    0x08000000   0x00000130   Data   RO          432    RESET               startup_stm32f10x_hd.o
    0x08000130   0x00000008   Code   RO         4953  * !!!main             c_w.l(__main.o)
    0x08000138   0x00000034   Code   RO         5178    !!!scatter          c_w.l(__scatter.o)
    0x0800016c   0x0000001a   Code   RO         5180    !!handler_copy      c_w.l(__scatter_copy.o)
    0x08000186   0x00000002   PAD
    0x08000188   0x0000001c   Code   RO         5182    !!handler_zi        c_w.l(__scatter_zi.o)
    0x080001a4   0x00000000   Code   RO         4942    .ARM.Collect$$_printf_percent$$00000000  c_w.l(_printf_percent.o)
    0x080001a4   0x00000006   Code   RO         4941    .ARM.Collect$$_printf_percent$$00000009  c_w.l(_printf_d.o)
    0x080001aa   0x00000004   Code   RO         4998    .ARM.Collect$$_printf_percent$$00000017  c_w.l(_printf_percent_end.o)
    0x080001ae   0x00000002   Code   RO         5044    .ARM.Collect$$libinit$$00000000  c_w.l(libinit.o)
    0x080001b0   0x00000000   Code   RO         5055    .ARM.Collect$$libinit$$00000002  c_w.l(libinit2.o)
    0x080001b0   0x00000000   Code   RO         5057    .ARM.Collect$$libinit$$00000004  c_w.l(libinit2.o)
    0x080001b0   0x00000000   Code   RO         5060    .ARM.Collect$$libinit$$0000000A  c_w.l(libinit2.o)
    0x080001b0   0x00000000   Code   RO         5062    .ARM.Collect$$libinit$$0000000C  c_w.l(libinit2.o)
    0x080001b0   0x00000000   Code   RO         5064    .ARM.Collect$$libinit$$0000000E  c_w.l(libinit2.o)
    0x080001b0   0x00000000   Code   RO         5067    .ARM.Collect$$libinit$$00000011  c_w.l(libinit2.o)
    0x080001b0   0x00000000   Code   RO         5069    .ARM.Collect$$libinit$$00000013  c_w.l(libinit2.o)
    0x080001b0   0x00000000   Code   RO         5071    .ARM.Collect$$libinit$$00000015  c_w.l(libinit2.o)
    0x080001b0   0x00000000   Code   RO         5073    .ARM.Collect$$libinit$$00000017  c_w.l(libinit2.o)
    0x080001b0   0x00000000   Code   RO         5075    .ARM.Collect$$libinit$$00000019  c_w.l(libinit2.o)
    0x080001b0   0x00000000   Code   RO         5077    .ARM.Collect$$libinit$$0000001B  c_w.l(libinit2.o)
    0x080001b0   0x00000000   Code   RO         5079    .ARM.Collect$$libinit$$0000001D  c_w.l(libinit2.o)
    0x080001b0   0x00000000   Code   RO         5081    .ARM.Collect$$libinit$$0000001F  c_w.l(libinit2.o)
    0x080001b0   0x00000000   Code   RO         5083    .ARM.Collect$$libinit$$00000021  c_w.l(libinit2.o)
    0x080001b0   0x00000000   Code   RO         5085    .ARM.Collect$$libinit$$00000023  c_w.l(libinit2.o)
    0x080001b0   0x00000000   Code   RO         5087    .ARM.Collect$$libinit$$00000025  c_w.l(libinit2.o)
    0x080001b0   0x00000000   Code   RO         5091    .ARM.Collect$$libinit$$0000002C  c_w.l(libinit2.o)
    0x080001b0   0x00000000   Code   RO         5093    .ARM.Collect$$libinit$$0000002E  c_w.l(libinit2.o)
    0x080001b0   0x00000000   Code   RO         5095    .ARM.Collect$$libinit$$00000030  c_w.l(libinit2.o)
    0x080001b0   0x00000000   Code   RO         5097    .ARM.Collect$$libinit$$00000032  c_w.l(libinit2.o)
    0x080001b0   0x00000002   Code   RO         5098    .ARM.Collect$$libinit$$00000033  c_w.l(libinit2.o)
    0x080001b2   0x00000002   Code   RO         5128    .ARM.Collect$$libshutdown$$00000000  c_w.l(libshutdown.o)
    0x080001b4   0x00000000   Code   RO         5145    .ARM.Collect$$libshutdown$$00000002  c_w.l(libshutdown2.o)
    0x080001b4   0x00000000   Code   RO         5147    .ARM.Collect$$libshutdown$$00000004  c_w.l(libshutdown2.o)
    0x080001b4   0x00000000   Code   RO         5150    .ARM.Collect$$libshutdown$$00000007  c_w.l(libshutdown2.o)
    0x080001b4   0x00000000   Code   RO         5153    .ARM.Collect$$libshutdown$$0000000A  c_w.l(libshutdown2.o)
    0x080001b4   0x00000000   Code   RO         5155    .ARM.Collect$$libshutdown$$0000000C  c_w.l(libshutdown2.o)
    0x080001b4   0x00000000   Code   RO         5158    .ARM.Collect$$libshutdown$$0000000F  c_w.l(libshutdown2.o)
    0x080001b4   0x00000002   Code   RO         5159    .ARM.Collect$$libshutdown$$00000010  c_w.l(libshutdown2.o)
    0x080001b6   0x00000000   Code   RO         4989    .ARM.Collect$$rtentry$$00000000  c_w.l(__rtentry.o)
    0x080001b6   0x00000000   Code   RO         5013    .ARM.Collect$$rtentry$$00000002  c_w.l(__rtentry2.o)
    0x080001b6   0x00000006   Code   RO         5025    .ARM.Collect$$rtentry$$00000004  c_w.l(__rtentry4.o)
    0x080001bc   0x00000000   Code   RO         5015    .ARM.Collect$$rtentry$$00000009  c_w.l(__rtentry2.o)
    0x080001bc   0x00000004   Code   RO         5016    .ARM.Collect$$rtentry$$0000000A  c_w.l(__rtentry2.o)
    0x080001c0   0x00000000   Code   RO         5018    .ARM.Collect$$rtentry$$0000000C  c_w.l(__rtentry2.o)
    0x080001c0   0x00000008   Code   RO         5019    .ARM.Collect$$rtentry$$0000000D  c_w.l(__rtentry2.o)
    0x080001c8   0x00000002   Code   RO         5048    .ARM.Collect$$rtexit$$00000000  c_w.l(rtexit.o)
    0x080001ca   0x00000000   Code   RO         5100    .ARM.Collect$$rtexit$$00000002  c_w.l(rtexit2.o)
    0x080001ca   0x00000004   Code   RO         5101    .ARM.Collect$$rtexit$$00000003  c_w.l(rtexit2.o)
    0x080001ce   0x00000006   Code   RO         5102    .ARM.Collect$$rtexit$$00000004  c_w.l(rtexit2.o)
    0x080001d4   0x00000040   Code   RO          433  * .text               startup_stm32f10x_hd.o
    0x08000214   0x00000048   Code   RO         4909    .text               c_w.l(llsdiv.o)
    0x0800025c   0x00000028   Code   RO         4913    .text               c_w.l(noretval__2sprintf.o)
    0x08000284   0x0000004e   Code   RO         4917    .text               c_w.l(_printf_pad.o)
    0x080002d2   0x00000002   PAD
    0x080002d4   0x00000078   Code   RO         4919    .text               c_w.l(_printf_dec.o)
    0x0800034c   0x0000010e   Code   RO         4929    .text               c_w.l(__printf_wp.o)
    0x0800045a   0x0000008a   Code   RO         4947    .text               c_w.l(rt_memcpy_v6.o)
    0x080004e4   0x00000006   Code   RO         4951    .text               c_w.l(heapauxi.o)
    0x080004ea   0x000000ee   Code   RO         4990    .text               c_w.l(lludivv7m.o)
    0x080005d8   0x000000b2   Code   RO         4992    .text               c_w.l(_printf_intcommon.o)
    0x0800068a   0x00000002   PAD
    0x0800068c   0x00000030   Code   RO         4994    .text               c_w.l(_printf_char_common.o)
    0x080006bc   0x0000000a   Code   RO         4996    .text               c_w.l(_sputc.o)
    0x080006c6   0x00000064   Code   RO         4999    .text               c_w.l(rt_memcpy_w.o)
    0x0800072a   0x0000004a   Code   RO         5033    .text               c_w.l(sys_stackheap_outer.o)
    0x08000774   0x00000012   Code   RO         5037    .text               c_w.l(exit.o)
    0x08000786   0x00000002   PAD
    0x08000788   0x00000008   Code   RO         5045    .text               c_w.l(libspace.o)
    0x08000790   0x0000000c   Code   RO         5116    .text               c_w.l(sys_exit.o)
    0x0800079c   0x00000002   Code   RO         5133    .text               c_w.l(use_no_semi.o)
    0x0800079e   0x00000000   Code   RO         5135    .text               c_w.l(indicate_semi.o)
    0x0800079e   0x00000002   PAD
    0x080007a0   0x00000068   Code   RO          276    i.BH1750_RecvACK    bh1750.o
    0x08000808   0x00000078   Code   RO          277    i.BH1750_RecvByte   bh1750.o
    0x08000880   0x0000005c   Code   RO          278    i.BH1750_SendACK    bh1750.o
    0x080008dc   0x00000050   Code   RO          279    i.BH1750_SendByte   bh1750.o
    0x0800092c   0x00000030   Code   RO          280    i.BH1750_Start      bh1750.o
    0x0800095c   0x00000028   Code   RO          281    i.BH1750_Stop       bh1750.o
    0x08000984   0x00000004   Code   RO          153    i.BusFault_Handler  stm32f10x_it.o
    0x08000988   0x00000030   Code   RO         3632    i.CmdError          sdio_sdcard.o
    0x080009b8   0x00000060   Code   RO         3633    i.CmdResp1Error     sdio_sdcard.o
    0x08000a18   0x00000054   Code   RO         3634    i.CmdResp2Error     sdio_sdcard.o
    0x08000a6c   0x00000038   Code   RO         3635    i.CmdResp3Error     sdio_sdcard.o
    0x08000aa4   0x00000090   Code   RO         3636    i.CmdResp6Error     sdio_sdcard.o
    0x08000b34   0x0000004c   Code   RO         3637    i.CmdResp7Error     sdio_sdcard.o
    0x08000b80   0x00000018   Code   RO         1164    i.DMA_Cmd           stm32f10x_dma.o
    0x08000b98   0x0000014c   Code   RO         1165    i.DMA_DeInit        stm32f10x_dma.o
    0x08000ce4   0x0000003c   Code   RO         1170    i.DMA_Init          stm32f10x_dma.o
    0x08000d20   0x00000064   Code   RO         3874    i.DS18B20_Check     ds18b20.o
    0x08000d84   0x0000008c   Code   RO         3875    i.DS18B20_Get_Temp  ds18b20.o
    0x08000e10   0x00000040   Code   RO         3876    i.DS18B20_Init      ds18b20.o
    0x08000e50   0x0000006c   Code   RO         3877    i.DS18B20_Read_Bit  ds18b20.o
    0x08000ebc   0x00000022   Code   RO         3878    i.DS18B20_Read_Byte  ds18b20.o
    0x08000ede   0x00000002   PAD
    0x08000ee0   0x00000044   Code   RO         3879    i.DS18B20_Rst       ds18b20.o
    0x08000f24   0x00000018   Code   RO         3880    i.DS18B20_Start     ds18b20.o
    0x08000f3c   0x00000074   Code   RO         3881    i.DS18B20_Write_Byte  ds18b20.o
    0x08000fb0   0x00000002   Code   RO          154    i.DebugMon_Handler  stm32f10x_it.o
    0x08000fb2   0x00000020   Code   RO          282    i.Delay_5us         bh1750.o
    0x08000fd2   0x00000020   Code   RO          283    i.Delay_mms         bh1750.o
    0x08000ff2   0x00000002   PAD
    0x08000ff4   0x00000034   Code   RO         1473    i.FSMC_NORSRAMCmd   stm32f10x_fsmc.o
    0x08001028   0x000000e6   Code   RO         1475    i.FSMC_NORSRAMInit  stm32f10x_fsmc.o
    0x0800110e   0x00000002   PAD
    0x08001110   0x00000194   Code   RO         3638    i.FindSCR           sdio_sdcard.o
    0x080012a4   0x0000002c   Code   RO          284    i.GPIOConfig        bh1750.o
    0x080012d0   0x00000116   Code   RO         1588    i.GPIO_Init         stm32f10x_gpio.o
    0x080013e6   0x00000012   Code   RO         1592    i.GPIO_ReadInputDataBit  stm32f10x_gpio.o
    0x080013f8   0x00000004   Code   RO         1595    i.GPIO_ResetBits    stm32f10x_gpio.o
    0x080013fc   0x00000004   Code   RO         1596    i.GPIO_SetBits      stm32f10x_gpio.o
    0x08001400   0x00000174   Code   RO         3595    i.Get_HzMat         text.o
    0x08001574   0x00000004   Code   RO          155    i.HardFault_Handler  stm32f10x_it.o
    0x08001578   0x00000004   Code   RO          392    i.INTX_DISABLE      sys.o
    0x0800157c   0x00000004   Code   RO          393    i.INTX_ENABLE       sys.o
    0x08001580   0x0000000a   Code   RO          285    i.Init_BH1750       bh1750.o
    0x0800158a   0x00000002   PAD
    0x0800158c   0x0000009c   Code   RO         3639    i.IsCardProgramming  sdio_sdcard.o
    0x08001628   0x00000034   Code   RO         3406    i.LCD_Clear         lcd.o
    0x0800165c   0x000000f4   Code   RO         3410    i.LCD_Display_Dir   lcd.o
    0x08001750   0x00000024   Code   RO         3412    i.LCD_DrawPoint     lcd.o
    0x08001774   0x00000088   Code   RO         3414    i.LCD_Fast_DrawPoint  lcd.o
    0x080017fc   0x0000185c   Code   RO         3416    i.LCD_Init          lcd.o
    0x08003058   0x0000000c   Code   RO         3418    i.LCD_RD_DATA       lcd.o
    0x08003064   0x00000016   Code   RO         3420    i.LCD_ReadReg       lcd.o
    0x0800307a   0x00000002   PAD
    0x0800307c   0x000001cc   Code   RO         3421    i.LCD_Scan_Dir      lcd.o
    0x08003248   0x00000074   Code   RO         3422    i.LCD_SetCursor     lcd.o
    0x080032bc   0x00000168   Code   RO         3423    i.LCD_ShowChar      lcd.o
    0x08003424   0x0000000c   Code   RO         3427    i.LCD_WR_DATA       lcd.o
    0x08003430   0x0000000c   Code   RO         3428    i.LCD_WR_REG        lcd.o
    0x0800343c   0x00000014   Code   RO         3430    i.LCD_WriteRAM_Prepare  lcd.o
    0x08003450   0x00000010   Code   RO         3431    i.LCD_WriteReg      lcd.o
    0x08003460   0x00000004   Code   RO          156    i.MemManage_Handler  stm32f10x_it.o
    0x08003464   0x00000002   Code   RO          157    i.NMI_Handler       stm32f10x_it.o
    0x08003466   0x00000002   PAD
    0x08003468   0x00000070   Code   RO          437    i.NVIC_Init         misc.o
    0x080034d8   0x00000014   Code   RO          438    i.NVIC_PriorityGroupConfig  misc.o
    0x080034ec   0x00000002   Code   RO          158    i.PendSV_Handler    stm32f10x_it.o
    0x080034ee   0x00000002   PAD
    0x080034f0   0x00000020   Code   RO         2003    i.RCC_AHBPeriphClockCmd  stm32f10x_rcc.o
    0x08003510   0x00000020   Code   RO         2005    i.RCC_APB1PeriphResetCmd  stm32f10x_rcc.o
    0x08003530   0x00000020   Code   RO         2006    i.RCC_APB2PeriphClockCmd  stm32f10x_rcc.o
    0x08003550   0x00000020   Code   RO         2007    i.RCC_APB2PeriphResetCmd  stm32f10x_rcc.o
    0x08003570   0x000000d4   Code   RO         2014    i.RCC_GetClocksFreq  stm32f10x_rcc.o
    0x08003644   0x000000ac   Code   RO         3640    i.SDEnWideBus       sdio_sdcard.o
    0x080036f0   0x0000000c   Code   RO         2293    i.SDIO_ClearFlag    stm32f10x_sdio.o
    0x080036fc   0x0000000c   Code   RO         2295    i.SDIO_ClockCmd     stm32f10x_sdio.o
    0x08003708   0x00000014   Code   RO         3641    i.SDIO_Clock_Set    sdio_sdcard.o
    0x0800371c   0x0000000c   Code   RO         2298    i.SDIO_DMACmd       stm32f10x_sdio.o
    0x08003728   0x00000030   Code   RO         2299    i.SDIO_DataConfig   stm32f10x_sdio.o
    0x08003758   0x00000024   Code   RO         2301    i.SDIO_DeInit       stm32f10x_sdio.o
    0x0800377c   0x00000018   Code   RO         2305    i.SDIO_GetFlagStatus  stm32f10x_sdio.o
    0x08003794   0x00000010   Code   RO         2307    i.SDIO_GetPowerState  stm32f10x_sdio.o
    0x080037a4   0x00000008   Code   RO         3642    i.SDIO_IRQHandler   sdio_sdcard.o
    0x080037ac   0x00000030   Code   RO         2310    i.SDIO_Init         stm32f10x_sdio.o
    0x080037dc   0x0000000c   Code   RO         2311    i.SDIO_ReadData     stm32f10x_sdio.o
    0x080037e8   0x0000002c   Code   RO         2313    i.SDIO_SendCommand  stm32f10x_sdio.o
    0x08003814   0x0000001c   Code   RO         2315    i.SDIO_SetPowerState  stm32f10x_sdio.o
    0x08003830   0x0000000c   Code   RO         2321    i.SDIO_WriteData    stm32f10x_sdio.o
    0x0800383c   0x00000068   Code   RO         3643    i.SD_DMA_Config     sdio_sdcard.o
    0x080038a4   0x00000068   Code   RO         3644    i.SD_EnableWideBusOperation  sdio_sdcard.o
    0x0800390c   0x00000314   Code   RO         3645    i.SD_GetCardInfo    sdio_sdcard.o
    0x08003c20   0x00000100   Code   RO         3647    i.SD_Init           sdio_sdcard.o
    0x08003d20   0x00000154   Code   RO         3648    i.SD_InitializeCards  sdio_sdcard.o
    0x08003e74   0x000001dc   Code   RO         3650    i.SD_PowerON        sdio_sdcard.o
    0x08004050   0x0000013c   Code   RO         3651    i.SD_ProcessIRQSrc  sdio_sdcard.o
    0x0800418c   0x00000258   Code   RO         3652    i.SD_ReadBlock      sdio_sdcard.o
    0x080043e4   0x00000098   Code   RO         3653    i.SD_ReadDisk       sdio_sdcard.o
    0x0800447c   0x000002e8   Code   RO         3654    i.SD_ReadMultiBlocks  sdio_sdcard.o
    0x08004764   0x00000030   Code   RO         3655    i.SD_SelectDeselect  sdio_sdcard.o
    0x08004794   0x00000018   Code   RO         3657    i.SD_SetDeviceMode  sdio_sdcard.o
    0x080047ac   0x00000374   Code   RO         3658    i.SD_WriteBlock     sdio_sdcard.o
    0x08004b20   0x00000098   Code   RO         3659    i.SD_WriteDisk      sdio_sdcard.o
    0x08004bb8   0x000003c0   Code   RO         3660    i.SD_WriteMultiBlocks  sdio_sdcard.o
    0x08004f78   0x00000002   Code   RO          159    i.SVC_Handler       stm32f10x_it.o
    0x08004f7a   0x00000008   Code   RO          242    i.SetSysClock       system_stm32f10x.o
    0x08004f82   0x00000002   PAD
    0x08004f84   0x000000e0   Code   RO          243    i.SetSysClockTo72   system_stm32f10x.o
    0x08005064   0x000000c8   Code   RO         3596    i.Show_Font         text.o
    0x0800512c   0x000000c2   Code   RO         3597    i.Show_Str          text.o
    0x080051ee   0x0000001a   Code   RO          286    i.Single_Write_BH1750  bh1750.o
    0x08005208   0x00000028   Code   RO          441    i.SysTick_CLKSourceConfig  misc.o
    0x08005230   0x00000002   Code   RO          160    i.SysTick_Handler   stm32f10x_it.o
    0x08005232   0x00000002   PAD
    0x08005234   0x00000060   Code   RO          245    i.SystemInit        system_stm32f10x.o
    0x08005294   0x000000c0   Code   RO         3828    i.USART1_Config     usart1.o
    0x08005354   0x000000bc   Code   RO         3829    i.USART1_IRQHandler  usart1.o
    0x08005410   0x00000012   Code   RO         3170    i.USART_ClearFlag   stm32f10x_usart.o
    0x08005422   0x0000001e   Code   RO         3171    i.USART_ClearITPendingBit  stm32f10x_usart.o
    0x08005440   0x00000018   Code   RO         3174    i.USART_Cmd         stm32f10x_usart.o
    0x08005458   0x0000009c   Code   RO         3176    i.USART_DeInit      stm32f10x_usart.o
    0x080054f4   0x00000054   Code   RO         3178    i.USART_GetITStatus  stm32f10x_usart.o
    0x08005548   0x0000004a   Code   RO         3180    i.USART_ITConfig    stm32f10x_usart.o
    0x08005592   0x00000002   PAD
    0x08005594   0x000000d8   Code   RO         3181    i.USART_Init        stm32f10x_usart.o
    0x0800566c   0x0000000a   Code   RO         3188    i.USART_ReceiveData  stm32f10x_usart.o
    0x08005676   0x00000004   Code   RO          161    i.UsageFault_Handler  stm32f10x_it.o
    0x0800567a   0x0000000e   Code   RO         4931    i._is_digit         c_w.l(__printf_wp.o)
    0x08005688   0x00000090   Code   RO         4566    i.check_fs          ff.o
    0x08005718   0x00000014   Code   RO         4567    i.chk_chr           ff.o
    0x0800572c   0x00000032   Code   RO         4568    i.clmt_clust        ff.o
    0x0800575e   0x0000001a   Code   RO         4569    i.clust2sect        ff.o
    0x08005778   0x00000064   Code   RO         4570    i.cmp_lfn           ff.o
    0x080057dc   0x00000012   Code   RO         3661    i.convert_from_bytes_to_power_of_two  sdio_sdcard.o
    0x080057ee   0x000000d6   Code   RO         4571    i.create_chain      ff.o
    0x080058c4   0x00000258   Code   RO         4572    i.create_name       ff.o
    0x08005b1c   0x00000044   Code   RO          361    i.delay_init        delay.o
    0x08005b60   0x0000004c   Code   RO          362    i.delay_ms          delay.o
    0x08005bac   0x0000004c   Code   RO          363    i.delay_us          delay.o
    0x08005bf8   0x0000005c   Code   RO         4573    i.dir_alloc         ff.o
    0x08005c54   0x000000ea   Code   RO         4574    i.dir_find          ff.o
    0x08005d3e   0x0000010e   Code   RO         4575    i.dir_next          ff.o
    0x08005e4c   0x0000012a   Code   RO         4577    i.dir_register      ff.o
    0x08005f76   0x0000009e   Code   RO         4579    i.dir_sdi           ff.o
    0x08006014   0x00000020   Code   RO         4506    i.disk_initialize   diskio.o
    0x08006034   0x000000b4   Code   RO         4507    i.disk_ioctl        diskio.o
    0x080060e8   0x00000056   Code   RO         4508    i.disk_read         diskio.o
    0x0800613e   0x00000006   Code   RO         4509    i.disk_status       diskio.o
    0x08006144   0x00000056   Code   RO         4510    i.disk_write        diskio.o
    0x0800619a   0x00000002   PAD
    0x0800619c   0x00000084   Code   RO         4328    i.exfuns_init       exfuns.o
    0x08006220   0x00000020   Code   RO         4581    i.f_close           ff.o
    0x08006240   0x000002ac   Code   RO         4586    i.f_lseek           ff.o
    0x080064ec   0x0000005c   Code   RO         4589    i.f_mount           ff.o
    0x08006548   0x00000180   Code   RO         4590    i.f_open            ff.o
    0x080066c8   0x000001b0   Code   RO         4595    i.f_read            ff.o
    0x08006878   0x000000b0   Code   RO         4600    i.f_sync            ff.o
    0x08006928   0x0000000e   Code   RO         4511    i.ff_memalloc       diskio.o
    0x08006936   0x0000000e   Code   RO         4512    i.ff_memfree        diskio.o
    0x08006944   0x00000394   Code   RO         4605    i.find_volume       ff.o
    0x08006cd8   0x00000080   Code   RO         4606    i.fit_lfn           ff.o
    0x08006d58   0x00000090   Code   RO         4607    i.follow_path       ff.o
    0x08006de8   0x000000cc   Code   RO         4608    i.gen_numname       ff.o
    0x08006eb4   0x000000f2   Code   RO         4609    i.get_fat           ff.o
    0x08006fa6   0x00000004   Code   RO         4513    i.get_fattime       diskio.o
    0x08006faa   0x0000004a   Code   RO         4611    i.get_ldnumber      ff.o
    0x08006ff4   0x00000020   Code   RO         4612    i.ld_clust          ff.o
    0x08007014   0x0000019c   Code   RO            1    i.main              main.o
    0x080071b0   0x00000026   Code   RO         4613    i.mem_cmp           ff.o
    0x080071d6   0x0000001a   Code   RO         4614    i.mem_cpy           ff.o
    0x080071f0   0x00000014   Code   RO         4615    i.mem_set           ff.o
    0x08007204   0x00000034   Code   RO         4616    i.move_window       ff.o
    0x08007238   0x00000044   Code   RO          287    i.mread             bh1750.o
    0x0800727c   0x0000006c   Code   RO         4256    i.my_mem_free       malloc.o
    0x080072e8   0x00000044   Code   RO         4257    i.my_mem_init       malloc.o
    0x0800732c   0x000000a8   Code   RO         4258    i.my_mem_malloc     malloc.o
    0x080073d4   0x00000040   Code   RO         4259    i.my_mem_perused    malloc.o
    0x08007414   0x00000024   Code   RO         4260    i.myfree            malloc.o
    0x08007438   0x00000028   Code   RO         4261    i.mymalloc          malloc.o
    0x08007460   0x00000014   Code   RO         4263    i.mymemset          malloc.o
    0x08007474   0x00000142   Code   RO         4618    i.put_fat           ff.o
    0x080075b6   0x0000006c   Code   RO         4620    i.remove_chain      ff.o
    0x08007622   0x00000010   Code   RO         4621    i.st_clust          ff.o
    0x08007632   0x00000020   Code   RO         4622    i.sum_sfn           ff.o
    0x08007652   0x000000c8   Code   RO         4623    i.sync_fs           ff.o
    0x0800771a   0x00000052   Code   RO         4624    i.sync_window       ff.o
    0x0800776c   0x00000036   Code   RO         4625    i.validate          ff.o
    0x080077a2   0x00000002   PAD
    0x080077a4   0x0000005e   Code   RO         4955    x$fpl$dfix          fz_ws.l(dfix.o)
    0x08007802   0x00000002   PAD
    0x08007804   0x00000154   Code   RO         4959    x$fpl$dmul          fz_ws.l(dmul.o)
    0x08007958   0x0000009c   Code   RO         5001    x$fpl$dnaninf       fz_ws.l(dnaninf.o)
    0x080079f4   0x0000000c   Code   RO         5003    x$fpl$dretinf       fz_ws.l(dretinf.o)
    0x08007a00   0x00000056   Code   RO         4961    x$fpl$f2d           fz_ws.l(f2d.o)
    0x08007a56   0x00000002   PAD
    0x08007a58   0x00000030   Code   RO         4978    x$fpl$fflt          fz_ws.l(fflt_clz.o)
    0x08007a88   0x0000008c   Code   RO         5007    x$fpl$fnaninf       fz_ws.l(fnaninf.o)
    0x08007b14   0x00000000   Code   RO         5011    x$fpl$usenofp       fz_ws.l(usenofp.o)
    0x08007b14   0x00000a64   Data   RO         3434    .constdata          lcd.o
    0x08008578   0x00000018   Data   RO         4268    .constdata          malloc.o
    0x08008590   0x0000003a   Data   RO         4626    .constdata          ff.o
    0x080085ca   0x00000002   PAD
    0x080085cc   0x00000020   Data   RO         5176    Region$$Table       anon$$obj.o


    Execution Region ER_RW (Base: 0x20000000, Size: 0x000000c4, Max: 0xffffffff, ABSOLUTE)

    Base Addr    Size         Type   Attr      Idx    E Section Name        Object

    0x20000000   0x0000001c   Data   RW            3    .data               main.o
    0x2000001c   0x00000014   Data   RW          246    .data               system_stm32f10x.o
    0x20000030   0x00000010   Data   RW          288    .data               bh1750.o
    0x20000040   0x00000004   Data   RW          364    .data               delay.o
    0x20000044   0x00000014   Data   RW         2034    .data               stm32f10x_rcc.o
    0x20000058   0x00000004   Data   RW         3435    .data               lcd.o
    0x2000005c   0x00000004   Data   RW         3600    .data               text.o
    0x20000060   0x00000010   Data   RW         3663    .data               sdio_sdcard.o
    0x20000070   0x00000009   Data   RW         3831    .data               usart1.o
    0x20000079   0x00000003   PAD
    0x2000007c   0x0000001c   Data   RW         4269    .data               malloc.o
    0x20000098   0x0000001c   Data   RW         4333    .data               exfuns.o
    0x200000b4   0x00000002   Data   RW         4514    .data               diskio.o
    0x200000b6   0x00000002   PAD
    0x200000b8   0x0000000a   Data   RW         4627    .data               ff.o


    Execution Region ER_ZI (Base: 0x200000c4, Size: 0x0000b6bc, Max: 0xffffffff, ABSOLUTE)

    Base Addr    Size         Type   Attr      Idx    E Section Name        Object

    0x200000c4   0x00000032   Zero   RW            2    .bss                main.o
    0x200000f6   0x0000000a   Zero   RW         3433    .bss                lcd.o
    0x20000100   0x00000228   Zero   RW         3599    .bss                text.o
    0x20000328   0x000002c0   Zero   RW         3662    .bss                sdio_sdcard.o
    0x200005e8   0x0000012c   Zero   RW         3830    .bss                usart1.o
    0x20000714   0x0000000c   PAD
    0x20000720   0x0000aa00   Zero   RW         4267    .bss                malloc.o
    0x2000b120   0x00000060   Zero   RW         5046    .bss                c_w.l(libspace.o)
    0x2000b180   0x00000200   Zero   RW          431    HEAP                startup_stm32f10x_hd.o
    0x2000b380   0x00000400   Zero   RW          430    STACK               startup_stm32f10x_hd.o



  Load Region LR$$.ARM.__AT_0x68000000 (Base: 0x68000000, Size: 0x00000000, Max: 0x000f0000, ABSOLUTE)

    Execution Region ER$$.ARM.__AT_0x68000000 (Base: 0x68000000, Size: 0x000f0000, Max: 0x000f0000, ABSOLUTE, UNINIT)

    Base Addr    Size         Type   Attr      Idx    E Section Name        Object

    0x68000000   0x000f0000   Zero   RW         4265    .ARM.__AT_0x68000000  malloc.o



  Load Region LR$$.ARM.__AT_0x680F0000 (Base: 0x680f0000, Size: 0x00000000, Max: 0x0000f000, ABSOLUTE)

    Execution Region ER$$.ARM.__AT_0x680F0000 (Base: 0x680f0000, Size: 0x0000f000, Max: 0x0000f000, ABSOLUTE, UNINIT)

    Base Addr    Size         Type   Attr      Idx    E Section Name        Object

    0x680f0000   0x0000f000   Zero   RW         4266    .ARM.__AT_0x680F0000  malloc.o


==============================================================================

Image component sizes


      Code (inc. data)   RO Data    RW Data    ZI Data      Debug   Object Name

       696         44          0         16          0       5983   bh1750.o
       220         26          0          4          0       1575   delay.o
       422         10          0          2          0       6056   diskio.o
       654         58          0          0          0       4372   ds18b20.o
       132         18          0         28          0       1442   exfuns.o
      6696         66         58         10          0      32257   ff.o
      7734        166       2660          4         10      14349   lcd.o
       412         48          0         28         50     263588   main.o
       504         60         24         28    1088000       5697   malloc.o
       172         22          0          0          0       1905   misc.o
      7230        386          0         16        704      31934   sdio_sdcard.o
        64         26        304          0       1536        764   startup_stm32f10x_hd.o
       416          8          0          0          0       3270   stm32f10x_dma.o
       282          6          0          0          0       1701   stm32f10x_fsmc.o
       304          0          0          0          0       3476   stm32f10x_gpio.o
        26          0          0          0          0     208066   stm32f10x_it.o
       340         44          0         20          0       5315   stm32f10x_rcc.o
       304         72          0          0          0       7550   stm32f10x_sdio.o
       612         28          0          0          0       6473   stm32f10x_usart.o
         8          0          0          0          0        793   sys.o
       328         28          0         20          0       1897   system_stm32f10x.o
       766        104          0          4        552       3511   text.o
       380         32          0          9        300       2196   usart1.o

    ----------------------------------------------------------------------
     28726       1252       3080        196    1091164     614170   Object Totals
         0          0         32          0          0          0   (incl. Generated)
        24          0          2          7         12          0   (incl. Padding)

    ----------------------------------------------------------------------

      Code (inc. data)   RO Data    RW Data    ZI Data      Debug   Library Member Name

         8          0          0          0          0         68   __main.o
       284          0          0          0          0        156   __printf_wp.o
         0          0          0          0          0          0   __rtentry.o
        12          0          0          0          0          0   __rtentry2.o
         6          0          0          0          0          0   __rtentry4.o
        52          8          0          0          0          0   __scatter.o
        26          0          0          0          0          0   __scatter_copy.o
        28          0          0          0          0          0   __scatter_zi.o
        48          6          0          0          0         96   _printf_char_common.o
         6          0          0          0          0          0   _printf_d.o
       120         16          0          0          0         92   _printf_dec.o
       178          0          0          0          0         88   _printf_intcommon.o
        78          0          0          0          0        108   _printf_pad.o
         0          0          0          0          0          0   _printf_percent.o
         4          0          0          0          0          0   _printf_percent_end.o
        10          0          0          0          0         68   _sputc.o
        18          0          0          0          0         80   exit.o
         6          0          0          0          0        152   heapauxi.o
         0          0          0          0          0          0   indicate_semi.o
         2          0          0          0          0          0   libinit.o
         2          0          0          0          0          0   libinit2.o
         2          0          0          0          0          0   libshutdown.o
         2          0          0          0          0          0   libshutdown2.o
         8          4          0          0         96         68   libspace.o
        72          0          0          0          0         76   llsdiv.o
       238          0          0          0          0        100   lludivv7m.o
        40          6          0          0          0         84   noretval__2sprintf.o
       138          0          0          0          0         68   rt_memcpy_v6.o
       100          0          0          0          0         80   rt_memcpy_w.o
         2          0          0          0          0          0   rtexit.o
        10          0          0          0          0          0   rtexit2.o
        12          4          0          0          0         68   sys_exit.o
        74          0          0          0          0         80   sys_stackheap_outer.o
         2          0          0          0          0         68   use_no_semi.o
        94          4          0          0          0         92   dfix.o
       340         12          0          0          0        104   dmul.o
       156          4          0          0          0         92   dnaninf.o
        12          0          0          0          0         68   dretinf.o
        86          4          0          0          0         84   f2d.o
        48          0          0          0          0         68   fflt_clz.o
       140          4          0          0          0         84   fnaninf.o
         0          0          0          0          0          0   usenofp.o

    ----------------------------------------------------------------------
      2478         72          0          0         96       2192   Library Totals
        14          0          0          0          0          0   (incl. Padding)

    ----------------------------------------------------------------------

      Code (inc. data)   RO Data    RW Data    ZI Data      Debug   Library Name

      1588         44          0          0         96       1600   c_w.l
       876         28          0          0          0        592   fz_ws.l

    ----------------------------------------------------------------------
      2478         72          0          0         96       2192   Library Totals

    ----------------------------------------------------------------------

==============================================================================


      Code (inc. data)   RO Data    RW Data    ZI Data      Debug   

     31204       1324       3080        196    1091260     606478   Grand Totals
     31204       1324       3080        196    1091260     606478   ELF Image Totals
     31204       1324       3080        196          0          0   ROM Totals

==============================================================================

    Total RO  Size (Code + RO Data)                34284 (  33.48kB)
    Total RW  Size (RW Data + ZI Data)           1091456 (1065.88kB)
    Total ROM Size (Code + RO Data + RW Data)      34480 (  33.67kB)

==============================================================================

