Component: ARM Compiler 5.06 update 1 (build 61) Tool: armlink [4d35a8]

==============================================================================

Section Cross References

    main.o(i.main) refers to delay.o(i.delay_init) for delay_init
    main.o(i.main) refers to stm32f10x_rcc.o(i.RCC_AHBPeriphClockCmd) for RCC_AHBPeriphClockCmd
    main.o(i.main) refers to misc.o(i.NVIC_PriorityGroupConfig) for NVIC_PriorityGroupConfig
    main.o(i.main) refers to lcd.o(i.LCD_Init) for LCD_Init
    main.o(i.main) refers to exfuns.o(i.exfuns_init) for exfuns_init
    main.o(i.main) refers to ff.o(i.f_mount) for f_mount
    main.o(i.main) refers to usart1.o(i.USART1_Config) for USART1_Config
    main.o(i.main) refers to text.o(i.Show_Str) for Show_Str
    main.o(i.main) refers to exfuns.o(.data) for fs
    main.o(i.main) refers to main.o(.data) for jjj
    main.o(i.main) refers to usart1.o(.data) for state_0x0a
    main.o(i.main) refers to main.o(.bss) for xianshi
    main.o(i.main) refers to usart1.o(.bss) for USART_RX_buf
    system_stm32f10x.o(i.SetSysClock) refers to system_stm32f10x.o(i.SetSysClockTo72) for SetSysClockTo72
    system_stm32f10x.o(i.SystemCoreClockUpdate) refers to system_stm32f10x.o(.data) for SystemCoreClock
    system_stm32f10x.o(i.SystemInit) refers to system_stm32f10x.o(i.SetSysClock) for SetSysClock
    delay.o(i.delay_init) refers to misc.o(i.SysTick_CLKSourceConfig) for SysTick_CLKSourceConfig
    delay.o(i.delay_init) refers to system_stm32f10x.o(.data) for SystemCoreClock
    delay.o(i.delay_init) refers to delay.o(.data) for fac_us
    delay.o(i.delay_ms) refers to delay.o(.data) for fac_ms
    delay.o(i.delay_us) refers to delay.o(.data) for fac_us
    startup_stm32f10x_hd.o(STACK) refers (Special) to heapauxi.o(.text) for __use_two_region_memory
    startup_stm32f10x_hd.o(HEAP) refers (Special) to heapauxi.o(.text) for __use_two_region_memory
    startup_stm32f10x_hd.o(RESET) refers (Special) to heapauxi.o(.text) for __use_two_region_memory
    startup_stm32f10x_hd.o(RESET) refers to startup_stm32f10x_hd.o(STACK) for __initial_sp
    startup_stm32f10x_hd.o(RESET) refers to startup_stm32f10x_hd.o(.text) for Reset_Handler
    startup_stm32f10x_hd.o(RESET) refers to stm32f10x_it.o(i.NMI_Handler) for NMI_Handler
    startup_stm32f10x_hd.o(RESET) refers to stm32f10x_it.o(i.HardFault_Handler) for HardFault_Handler
    startup_stm32f10x_hd.o(RESET) refers to stm32f10x_it.o(i.MemManage_Handler) for MemManage_Handler
    startup_stm32f10x_hd.o(RESET) refers to stm32f10x_it.o(i.BusFault_Handler) for BusFault_Handler
    startup_stm32f10x_hd.o(RESET) refers to stm32f10x_it.o(i.UsageFault_Handler) for UsageFault_Handler
    startup_stm32f10x_hd.o(RESET) refers to stm32f10x_it.o(i.SVC_Handler) for SVC_Handler
    startup_stm32f10x_hd.o(RESET) refers to stm32f10x_it.o(i.DebugMon_Handler) for DebugMon_Handler
    startup_stm32f10x_hd.o(RESET) refers to stm32f10x_it.o(i.PendSV_Handler) for PendSV_Handler
    startup_stm32f10x_hd.o(RESET) refers to stm32f10x_it.o(i.SysTick_Handler) for SysTick_Handler
    startup_stm32f10x_hd.o(RESET) refers to usart1.o(i.USART1_IRQHandler) for USART1_IRQHandler
    startup_stm32f10x_hd.o(RESET) refers to sdio_sdcard.o(i.SDIO_IRQHandler) for SDIO_IRQHandler
    startup_stm32f10x_hd.o(.text) refers (Special) to heapauxi.o(.text) for __use_two_region_memory
    startup_stm32f10x_hd.o(.text) refers to system_stm32f10x.o(i.SystemInit) for SystemInit
    startup_stm32f10x_hd.o(.text) refers to __main.o(!!!main) for __main
    startup_stm32f10x_hd.o(.text) refers to startup_stm32f10x_hd.o(HEAP) for Heap_Mem
    startup_stm32f10x_hd.o(.text) refers to startup_stm32f10x_hd.o(STACK) for Stack_Mem
    stm32f10x_adc.o(i.ADC_DeInit) refers to stm32f10x_rcc.o(i.RCC_APB2PeriphResetCmd) for RCC_APB2PeriphResetCmd
    stm32f10x_bkp.o(i.BKP_DeInit) refers to stm32f10x_rcc.o(i.RCC_BackupResetCmd) for RCC_BackupResetCmd
    stm32f10x_can.o(i.CAN_DeInit) refers to stm32f10x_rcc.o(i.RCC_APB1PeriphResetCmd) for RCC_APB1PeriphResetCmd
    stm32f10x_can.o(i.CAN_GetITStatus) refers to stm32f10x_can.o(i.CheckITStatus) for CheckITStatus
    stm32f10x_cec.o(i.CEC_DeInit) refers to stm32f10x_rcc.o(i.RCC_APB1PeriphResetCmd) for RCC_APB1PeriphResetCmd
    stm32f10x_dac.o(i.DAC_DeInit) refers to stm32f10x_rcc.o(i.RCC_APB1PeriphResetCmd) for RCC_APB1PeriphResetCmd
    stm32f10x_flash.o(i.FLASH_EnableWriteProtection) refers to stm32f10x_flash.o(i.FLASH_WaitForLastOperation) for FLASH_WaitForLastOperation
    stm32f10x_flash.o(i.FLASH_EraseAllBank1Pages) refers to stm32f10x_flash.o(i.FLASH_WaitForLastBank1Operation) for FLASH_WaitForLastBank1Operation
    stm32f10x_flash.o(i.FLASH_EraseAllPages) refers to stm32f10x_flash.o(i.FLASH_WaitForLastOperation) for FLASH_WaitForLastOperation
    stm32f10x_flash.o(i.FLASH_EraseOptionBytes) refers to stm32f10x_flash.o(i.FLASH_GetReadOutProtectionStatus) for FLASH_GetReadOutProtectionStatus
[...]
    ..\STM32F10x_FWLib\src\stm32f10x_gpio.c  0x00000000   Number         0  stm32f10x_gpio.o ABSOLUTE
    ..\STM32F10x_FWLib\src\stm32f10x_i2c.c   0x00000000   Number         0  stm32f10x_i2c.o ABSOLUTE
    ..\STM32F10x_FWLib\src\stm32f10x_iwdg.c  0x00000000   Number         0  stm32f10x_iwdg.o ABSOLUTE
    ..\STM32F10x_FWLib\src\stm32f10x_pwr.c   0x00000000   Number         0  stm32f10x_pwr.o ABSOLUTE
    ..\STM32F10x_FWLib\src\stm32f10x_rcc.c   0x00000000   Number         0  stm32f10x_rcc.o ABSOLUTE
    ..\STM32F10x_FWLib\src\stm32f10x_rtc.c   0x00000000   Number         0  stm32f10x_rtc.o ABSOLUTE
    ..\STM32F10x_FWLib\src\stm32f10x_sdio.c  0x00000000   Number         0  stm32f10x_sdio.o ABSOLUTE
    ..\STM32F10x_FWLib\src\stm32f10x_spi.c   0x00000000   Number         0  stm32f10x_spi.o ABSOLUTE
    ..\STM32F10x_FWLib\src\stm32f10x_tim.c   0x00000000   Number         0  stm32f10x_tim.o ABSOLUTE
    ..\STM32F10x_FWLib\src\stm32f10x_usart.c 0x00000000   Number         0  stm32f10x_usart.o ABSOLUTE
    ..\STM32F10x_FWLib\src\stm32f10x_wwdg.c  0x00000000   Number         0  stm32f10x_wwdg.o ABSOLUTE
    ..\SYSTEM\delay\delay.c                  0x00000000   Number         0  delay.o ABSOLUTE
    ..\SYSTEM\sys\sys.c                      0x00000000   Number         0  sys.o ABSOLUTE
    ..\\CORE\\core_cm3.c                     0x00000000   Number         0  core_cm3.o ABSOLUTE
    ..\\SYSTEM\\sys\\sys.c                   0x00000000   Number         0  sys.o ABSOLUTE
    dc.s                                     0x00000000   Number         0  dc.o ABSOLUTE
    main.c                                   0x00000000   Number         0  main.o ABSOLUTE
    stm32f10x_it.c                           0x00000000   Number         0  stm32f10x_it.o ABSOLUTE
    system_stm32f10x.c                       0x00000000   Number         0  system_stm32f10x.o ABSOLUTE
    usart1.c                                 0x00000000   Number         0  usart1.o ABSOLUTE
    RESET                                    0x08000000   Section      304  startup_stm32f10x_hd.o(RESET)
    !!!main                                  0x08000130   Section        8  __main.o(!!!main)
    !!!scatter                               0x08000138   Section       52  __scatter.o(!!!scatter)
    !!handler_copy                           0x0800016c   Section       26  __scatter_copy.o(!!handler_copy)
    !!handler_zi                             0x08000188   Section       28  __scatter_zi.o(!!handler_zi)
    .ARM.Collect$$libinit$$00000000          0x080001a4   Section        2  libinit.o(.ARM.Collect$$libinit$$00000000)
    .ARM.Collect$$libinit$$00000002          0x080001a6   Section        0  libinit2.o(.ARM.Collect$$libinit$$00000002)
    .ARM.Collect$$libinit$$00000004          0x080001a6   Section        0  libinit2.o(.ARM.Collect$$libinit$$00000004)
    .ARM.Collect$$libinit$$0000000A          0x080001a6   Section        0  libinit2.o(.ARM.Collect$$libinit$$0000000A)
    .ARM.Collect$$libinit$$0000000C          0x080001a6   Section        0  libinit2.o(.ARM.Collect$$libinit$$0000000C)
    .ARM.Collect$$libinit$$0000000E          0x080001a6   Section        0  libinit2.o(.ARM.Collect$$libinit$$0000000E)
    .ARM.Collect$$libinit$$00000011          0x080001a6   Section        0  libinit2.o(.ARM.Collect$$libinit$$00000011)
    .ARM.Collect$$libinit$$00000013          0x080001a6   Section        0  libinit2.o(.ARM.Collect$$libinit$$00000013)
    .ARM.Collect$$libinit$$00000015          0x080001a6   Section        0  libinit2.o(.ARM.Collect$$libinit$$00000015)
    .ARM.Collect$$libinit$$00000017          0x080001a6   Section        0  libinit2.o(.ARM.Collect$$libinit$$00000017)
    .ARM.Collect$$libinit$$00000019          0x080001a6   Section        0  libinit2.o(.ARM.Collect$$libinit$$00000019)
    .ARM.Collect$$libinit$$0000001B          0x080001a6   Section        0  libinit2.o(.ARM.Collect$$libinit$$0000001B)
    .ARM.Collect$$libinit$$0000001D          0x080001a6   Section        0  libinit2.o(.ARM.Collect$$libinit$$0000001D)
    .ARM.Collect$$libinit$$0000001F          0x080001a6   Section        0  libinit2.o(.ARM.Collect$$libinit$$0000001F)
    .ARM.Collect$$libinit$$00000021          0x080001a6   Section        0  libinit2.o(.ARM.Collect$$libinit$$00000021)
    .ARM.Collect$$libinit$$00000023          0x080001a6   Section        0  libinit2.o(.ARM.Collect$$libinit$$00000023)
    .ARM.Collect$$libinit$$00000025          0x080001a6   Section        0  libinit2.o(.ARM.Collect$$libinit$$00000025)
    .ARM.Collect$$libinit$$0000002C          0x080001a6   Section        0  libinit2.o(.ARM.Collect$$libinit$$0000002C)
    .ARM.Collect$$libinit$$0000002E          0x080001a6   Section        0  libinit2.o(.ARM.Collect$$libinit$$0000002E)
    .ARM.Collect$$libinit$$00000030          0x080001a6   Section        0  libinit2.o(.ARM.Collect$$libinit$$00000030)
    .ARM.Collect$$libinit$$00000032          0x080001a6   Section        0  libinit2.o(.ARM.Collect$$libinit$$00000032)
    .ARM.Collect$$libinit$$00000033          0x080001a6   Section        2  libinit2.o(.ARM.Collect$$libinit$$00000033)
    .ARM.Collect$$libshutdown$$00000000      0x080001a8   Section        2  libshutdown.o(.ARM.Collect$$libshutdown$$00000000)
    .ARM.Collect$$libshutdown$$00000002      0x080001aa   Section        0  libshutdown2.o(.ARM.Collect$$libshutdown$$00000002)
    .ARM.Collect$$libshutdown$$00000004      0x080001aa   Section        0  libshutdown2.o(.ARM.Collect$$libshutdown$$00000004)
    .ARM.Collect$$libshutdown$$00000007      0x080001aa   Section        0  libshutdown2.o(.ARM.Collect$$libshutdown$$00000007)
    .ARM.Collect$$libshutdown$$0000000A      0x080001aa   Section        0  libshutdown2.o(.ARM.Collect$$libshutdown$$0000000A)
    .ARM.Collect$$libshutdown$$0000000C      0x080001aa   Section        0  libshutdown2.o(.ARM.Collect$$libshutdown$$0000000C)
    .ARM.Collect$$libshutdown$$0000000F      0x080001aa   Section        0  libshutdown2.o(.ARM.Collect$$libshutdown$$0000000F)
    .ARM.Collect$$libshutdown$$00000010      0x080001aa   Section        2  libshutdown2.o(.ARM.Collect$$libshutdown$$00000010)
    .ARM.Collect$$rtentry$$00000000          0x080001ac   Section        0  __rtentry.o(.ARM.Collect$$rtentry$$00000000)
    .ARM.Collect$$rtentry$$00000002          0x080001ac   Section        0  __rtentry2.o(.ARM.Collect$$rtentry$$00000002)
    .ARM.Collect$$rtentry$$00000004          0x080001ac   Section        6  __rtentry4.o(.ARM.Collect$$rtentry$$00000004)
    .ARM.Collect$$rtentry$$00000009          0x080001b2   Section        0  __rtentry2.o(.ARM.Collect$$rtentry$$00000009)
    .ARM.Collect$$rtentry$$0000000A          0x080001b2   Section        4  __rtentry2.o(.ARM.Collect$$rtentry$$0000000A)
    .ARM.Collect$$rtentry$$0000000C          0x080001b6   Section        0  __rtentry2.o(.ARM.Collect$$rtentry$$0000000C)
    .ARM.Collect$$rtentry$$0000000D          0x080001b6   Section        8  __rtentry2.o(.ARM.Collect$$rtentry$$0000000D)
    .ARM.Collect$$rtexit$$00000000           0x080001be   Section        2  rtexit.o(.ARM.Collect$$rtexit$$00000000)
    .ARM.Collect$$rtexit$$00000002           0x080001c0   Section        0  rtexit2.o(.ARM.Collect$$rtexit$$00000002)
    .ARM.Collect$$rtexit$$00000003           0x080001c0   Section        4  rtexit2.o(.ARM.Collect$$rtexit$$00000003)
    .ARM.Collect$$rtexit$$00000004           0x080001c4   Section        6  rtexit2.o(.ARM.Collect$$rtexit$$00000004)
    .text                                    0x080001cc   Section       64  startup_stm32f10x_hd.o(.text)
    .text                                    0x0800020c   Section       72  llsdiv.o(.text)
    .text                                    0x08000254   Section      138  rt_memcpy_v6.o(.text)
    .text                                    0x080002de   Section        0  heapauxi.o(.text)
    .text                                    0x080002e4   Section      238  lludivv7m.o(.text)
    .text                                    0x080003d2   Section      100  rt_memcpy_w.o(.text)
    .text                                    0x08000436   Section       74  sys_stackheap_outer.o(.text)
    .text                                    0x08000480   Section        0  exit.o(.text)
    .text                                    0x08000494   Section        8  libspace.o(.text)
    .text                                    0x0800049c   Section        0  sys_exit.o(.text)
    .text                                    0x080004a8   Section        2  use_no_semi.o(.text)
    .text                                    0x080004aa   Section        0  indicate_semi.o(.text)
    i.BusFault_Handler                       0x080004aa   Section        0  stm32f10x_it.o(i.BusFault_Handler)
    i.CmdError                               0x080004ae   Section        0  sdio_sdcard.o(i.CmdError)
    i.CmdResp1Error                          0x080004e0   Section        0  sdio_sdcard.o(i.CmdResp1Error)
    i.CmdResp2Error                          0x08000540   Section        0  sdio_sdcard.o(i.CmdResp2Error)
    i.CmdResp3Error                          0x08000594   Section        0  sdio_sdcard.o(i.CmdResp3Error)
    i.CmdResp6Error                          0x080005cc   Section        0  sdio_sdcard.o(i.CmdResp6Error)
    i.CmdResp7Error                          0x0800065c   Section        0  sdio_sdcard.o(i.CmdResp7Error)
    i.DMA_Cmd                                0x080006a8   Section        0  stm32f10x_dma.o(i.DMA_Cmd)
    i.DMA_DeInit                             0x080006c0   Section        0  stm32f10x_dma.o(i.DMA_DeInit)
    i.DMA_Init                               0x0800080c   Section        0  stm32f10x_dma.o(i.DMA_Init)
    i.DebugMon_Handler                       0x08000848   Section        0  stm32f10x_it.o(i.DebugMon_Handler)
    i.FSMC_NORSRAMCmd                        0x0800084c   Section        0  stm32f10x_fsmc.o(i.FSMC_NORSRAMCmd)
    i.FSMC_NORSRAMInit                       0x08000880   Section        0  stm32f10x_fsmc.o(i.FSMC_NORSRAMInit)
    i.FindSCR                                0x08000968   Section        0  sdio_sdcard.o(i.FindSCR)
    i.GPIO_Init                              0x08000afc   Section        0  stm32f10x_gpio.o(i.GPIO_Init)
    i.Get_HzMat                              0x08000c14   Section        0  text.o(i.Get_HzMat)
    i.HardFault_Handler                      0x08000d88   Section        0  stm32f10x_it.o(i.HardFault_Handler)
    i.INTX_DISABLE                           0x08000d8c   Section        0  sys.o(i.INTX_DISABLE)
    i.INTX_ENABLE                            0x08000d90   Section        0  sys.o(i.INTX_ENABLE)
    i.IsCardProgramming                      0x08000d94   Section        0  sdio_sdcard.o(i.IsCardProgramming)
    i.LCD_Clear                              0x08000e30   Section        0  lcd.o(i.LCD_Clear)
    i.LCD_Display_Dir                        0x08000e64   Section        0  lcd.o(i.LCD_Display_Dir)
    i.LCD_DrawPoint                          0x08000f58   Section        0  lcd.o(i.LCD_DrawPoint)
    i.LCD_Fast_DrawPoint                     0x08000f7c   Section        0  lcd.o(i.LCD_Fast_DrawPoint)
    i.LCD_Init                               0x08001004   Section        0  lcd.o(i.LCD_Init)
    i.LCD_RD_DATA                            0x08002860   Section        0  lcd.o(i.LCD_RD_DATA)
    i.LCD_ReadReg                            0x0800286c   Section        0  lcd.o(i.LCD_ReadReg)
    i.LCD_Scan_Dir                           0x08002884   Section        0  lcd.o(i.LCD_Scan_Dir)
    i.LCD_SetCursor                          0x08002a50   Section        0  lcd.o(i.LCD_SetCursor)
    i.LCD_ShowChar                           0x08002ac4   Section        0  lcd.o(i.LCD_ShowChar)
    i.LCD_WR_DATA                            0x08002c2c   Section        0  lcd.o(i.LCD_WR_DATA)
    i.LCD_WR_REG                             0x08002c38   Section        0  lcd.o(i.LCD_WR_REG)
    i.LCD_WriteRAM_Prepare                   0x08002c44   Section        0  lcd.o(i.LCD_WriteRAM_Prepare)
    i.LCD_WriteReg                           0x08002c58   Section        0  lcd.o(i.LCD_WriteReg)
    i.MemManage_Handler                      0x08002c68   Section        0  stm32f10x_it.o(i.MemManage_Handler)
    i.NMI_Handler                            0x08002c6c   Section        0  stm32f10x_it.o(i.NMI_Handler)
    i.NVIC_Init                              0x08002c70   Section        0  misc.o(i.NVIC_Init)
    i.NVIC_PriorityGroupConfig               0x08002ce0   Section        0  misc.o(i.NVIC_PriorityGroupConfig)
    i.PendSV_Handler                         0x08002cf4   Section        0  stm32f10x_it.o(i.PendSV_Handler)
    i.RCC_AHBPeriphClockCmd                  0x08002cf8   Section        0  stm32f10x_rcc.o(i.RCC_AHBPeriphClockCmd)
    i.RCC_APB1PeriphResetCmd                 0x08002d18   Section        0  stm32f10x_rcc.o(i.RCC_APB1PeriphResetCmd)
    i.RCC_APB2PeriphClockCmd                 0x08002d38   Section        0  stm32f10x_rcc.o(i.RCC_APB2PeriphClockCmd)
    i.RCC_APB2PeriphResetCmd                 0x08002d58   Section        0  stm32f10x_rcc.o(i.RCC_APB2PeriphResetCmd)
    i.RCC_GetClocksFreq                      0x08002d78   Section        0  stm32f10x_rcc.o(i.RCC_GetClocksFreq)
    i.SDEnWideBus                            0x08002e4c   Section        0  sdio_sdcard.o(i.SDEnWideBus)
    i.SDIO_ClearFlag                         0x08002ef8   Section        0  stm32f10x_sdio.o(i.SDIO_ClearFlag)
    i.SDIO_ClockCmd                          0x08002f04   Section        0  stm32f10x_sdio.o(i.SDIO_ClockCmd)
    i.SDIO_Clock_Set                         0x08002f10   Section        0  sdio_sdcard.o(i.SDIO_Clock_Set)
    i.SDIO_DMACmd                            0x08002f24   Section        0  stm32f10x_sdio.o(i.SDIO_DMACmd)
    i.SDIO_DataConfig                        0x08002f30   Section        0  stm32f10x_sdio.o(i.SDIO_DataConfig)
    i.SDIO_DeInit                            0x08002f60   Section        0  stm32f10x_sdio.o(i.SDIO_DeInit)
    i.SDIO_GetFlagStatus                     0x08002f84   Section        0  stm32f10x_sdio.o(i.SDIO_GetFlagStatus)
    i.SDIO_GetPowerState                     0x08002f9c   Section        0  stm32f10x_sdio.o(i.SDIO_GetPowerState)
    i.SDIO_IRQHandler                        0x08002fac   Section        0  sdio_sdcard.o(i.SDIO_IRQHandler)
    i.SDIO_Init                              0x08002fb4   Section        0  stm32f10x_sdio.o(i.SDIO_Init)
    i.SDIO_ReadData                          0x08002fe4   Section        0  stm32f10x_sdio.o(i.SDIO_ReadData)
    i.SDIO_SendCommand                       0x08002ff0   Section        0  stm32f10x_sdio.o(i.SDIO_SendCommand)
    i.SDIO_SetPowerState                     0x0800301c   Section        0  stm32f10x_sdio.o(i.SDIO_SetPowerState)
    i.SDIO_WriteData                         0x08003038   Section        0  stm32f10x_sdio.o(i.SDIO_WriteData)
    i.SD_DMA_Config                          0x08003044   Section        0  sdio_sdcard.o(i.SD_DMA_Config)
    i.SD_EnableWideBusOperation              0x080030ac   Section        0  sdio_sdcard.o(i.SD_EnableWideBusOperation)
    i.SD_GetCardInfo                         0x08003114   Section        0  sdio_sdcard.o(i.SD_GetCardInfo)
    i.SD_Init                                0x08003428   Section        0  sdio_sdcard.o(i.SD_Init)
    i.SD_InitializeCards                     0x08003528   Section        0  sdio_sdcard.o(i.SD_InitializeCards)
    i.SD_PowerON                             0x0800367c   Section        0  sdio_sdcard.o(i.SD_PowerON)
    i.SD_ProcessIRQSrc                       0x08003858   Section        0  sdio_sdcard.o(i.SD_ProcessIRQSrc)
    i.SD_ReadBlock                           0x08003994   Section        0  sdio_sdcard.o(i.SD_ReadBlock)
    i.SD_ReadDisk                            0x08003bec   Section        0  sdio_sdcard.o(i.SD_ReadDisk)
    i.SD_ReadMultiBlocks                     0x08003c84   Section        0  sdio_sdcard.o(i.SD_ReadMultiBlocks)
    i.SD_SelectDeselect                      0x08003f6c   Section        0  sdio_sdcard.o(i.SD_SelectDeselect)
    i.SD_SetDeviceMode                       0x08003f9c   Section        0  sdio_sdcard.o(i.SD_SetDeviceMode)
    i.SD_WriteBlock                          0x08003fb4   Section        0  sdio_sdcard.o(i.SD_WriteBlock)
    i.SD_WriteDisk                           0x08004328   Section        0  sdio_sdcard.o(i.SD_WriteDisk)
    i.SD_WriteMultiBlocks                    0x080043c0   Section        0  sdio_sdcard.o(i.SD_WriteMultiBlocks)
    i.SVC_Handler                            0x08004780   Section        0  stm32f10x_it.o(i.SVC_Handler)
    i.SetSysClock                            0x08004782   Section        0  system_stm32f10x.o(i.SetSysClock)
    SetSysClock                              0x08004783   Thumb Code     8  system_stm32f10x.o(i.SetSysClock)
    i.SetSysClockTo72                        0x0800478c   Section        0  system_stm32f10x.o(i.SetSysClockTo72)
    SetSysClockTo72                          0x0800478d   Thumb Code   214  system_stm32f10x.o(i.SetSysClockTo72)
    i.Show_Font                              0x0800486c   Section        0  text.o(i.Show_Font)
    i.Show_Str                               0x08004934   Section        0  text.o(i.Show_Str)
    i.SysTick_CLKSourceConfig                0x080049f6   Section        0  misc.o(i.SysTick_CLKSourceConfig)
    i.SysTick_Handler                        0x08004a1e   Section        0  stm32f10x_it.o(i.SysTick_Handler)
    i.SystemInit                             0x08004a20   Section        0  system_stm32f10x.o(i.SystemInit)
    i.USART1_Config                          0x08004a80   Section        0  usart1.o(i.USART1_Config)
    i.USART1_IRQHandler                      0x08004b40   Section        0  usart1.o(i.USART1_IRQHandler)
    i.USART_ClearFlag                        0x08004bb8   Section        0  stm32f10x_usart.o(i.USART_ClearFlag)
    i.USART_ClearITPendingBit                0x08004bca   Section        0  stm32f10x_usart.o(i.USART_ClearITPendingBit)
    i.USART_Cmd                              0x08004be8   Section        0  stm32f10x_usart.o(i.USART_Cmd)
    i.USART_DeInit                           0x08004c00   Section        0  stm32f10x_usart.o(i.USART_DeInit)
    i.USART_GetITStatus                      0x08004c9c   Section        0  stm32f10x_usart.o(i.USART_GetITStatus)
    i.USART_ITConfig                         0x08004cf0   Section        0  stm32f10x_usart.o(i.USART_ITConfig)
    i.USART_Init                             0x08004d3c   Section        0  stm32f10x_usart.o(i.USART_Init)
    i.USART_ReceiveData                      0x08004e14   Section        0  stm32f10x_usart.o(i.USART_ReceiveData)
    i.UsageFault_Handler                     0x08004e1e   Section        0  stm32f10x_it.o(i.UsageFault_Handler)
    i.check_fs                               0x08004e24   Section        0  ff.o(i.check_fs)
    check_fs                                 0x08004e25   Thumb Code   140  ff.o(i.check_fs)
    i.chk_chr                                0x08004eb4   Section        0  ff.o(i.chk_chr)
    chk_chr                                  0x08004eb5   Thumb Code    20  ff.o(i.chk_chr)
    i.clmt_clust                             0x08004ec8   Section        0  ff.o(i.clmt_clust)
    clmt_clust                               0x08004ec9   Thumb Code    50  ff.o(i.clmt_clust)
    i.clust2sect                             0x08004efa   Section        0  ff.o(i.clust2sect)
    i.cmp_lfn                                0x08004f14   Section        0  ff.o(i.cmp_lfn)
    cmp_lfn                                  0x08004f15   Thumb Code    94  ff.o(i.cmp_lfn)
    i.convert_from_bytes_to_power_of_two     0x08004f78   Section        0  sdio_sdcard.o(i.convert_from_bytes_to_power_of_two)
    i.create_chain                           0x08004f8a   Section        0  ff.o(i.create_chain)
    create_chain                             0x08004f8b   Thumb Code   214  ff.o(i.create_chain)
    i.create_name                            0x08005060   Section        0  ff.o(i.create_name)
    create_name                              0x08005061   Thumb Code   578  ff.o(i.create_name)
    i.delay_init                             0x080052b8   Section        0  delay.o(i.delay_init)
    i.delay_ms                               0x080052fc   Section        0  delay.o(i.delay_ms)
    i.delay_us                               0x08005348   Section        0  delay.o(i.delay_us)
    i.dir_alloc                              0x08005394   Section        0  ff.o(i.dir_alloc)
    dir_alloc                                0x08005395   Thumb Code    92  ff.o(i.dir_alloc)
    i.dir_find                               0x080053f0   Section        0  ff.o(i.dir_find)
    dir_find                                 0x080053f1   Thumb Code   234  ff.o(i.dir_find)
    i.dir_next                               0x080054da   Section        0  ff.o(i.dir_next)
    dir_next                                 0x080054db   Thumb Code   270  ff.o(i.dir_next)
    i.dir_register                           0x080055e8   Section        0  ff.o(i.dir_register)
    dir_register                             0x080055e9   Thumb Code   298  ff.o(i.dir_register)
    i.dir_sdi                                0x08005712   Section        0  ff.o(i.dir_sdi)
    i.disk_initialize                        0x080057b0   Section        0  diskio.o(i.disk_initialize)
    i.disk_ioctl                             0x080057d0   Section        0  diskio.o(i.disk_ioctl)
    i.disk_read                              0x08005884   Section        0  diskio.o(i.disk_read)
    i.disk_status                            0x080058da   Section        0  diskio.o(i.disk_status)
    i.disk_write                             0x080058e0   Section        0  diskio.o(i.disk_write)
    i.exfuns_init                            0x08005938   Section        0  exfuns.o(i.exfuns_init)
    i.f_close                                0x080059bc   Section        0  ff.o(i.f_close)
    i.f_lseek                                0x080059dc   Section        0  ff.o(i.f_lseek)
    i.f_mount                                0x08005c88   Section        0  ff.o(i.f_mount)
    i.f_open                                 0x08005ce4   Section        0  ff.o(i.f_open)
    i.f_read                                 0x08005e64   Section        0  ff.o(i.f_read)
    i.f_sync                                 0x08006014   Section        0  ff.o(i.f_sync)
    i.ff_memalloc                            0x080060c4   Section        0  diskio.o(i.ff_memalloc)
    i.ff_memfree                             0x080060d2   Section        0  diskio.o(i.ff_memfree)
    i.find_volume                            0x080060e0   Section        0  ff.o(i.find_volume)
    find_volume                              0x080060e1   Thumb Code   900  ff.o(i.find_volume)
    i.fit_lfn                                0x08006474   Section        0  ff.o(i.fit_lfn)
    fit_lfn                                  0x08006475   Thumb Code   122  ff.o(i.fit_lfn)
    i.follow_path                            0x080064f4   Section        0  ff.o(i.follow_path)
    follow_path                              0x080064f5   Thumb Code   144  ff.o(i.follow_path)
    i.gen_numname                            0x08006584   Section        0  ff.o(i.gen_numname)
    gen_numname                              0x08006585   Thumb Code   198  ff.o(i.gen_numname)
    i.get_fat                                0x08006650   Section        0  ff.o(i.get_fat)
    i.get_fattime                            0x08006742   Section        0  diskio.o(i.get_fattime)
    i.get_ldnumber                           0x08006746   Section        0  ff.o(i.get_ldnumber)
    get_ldnumber                             0x08006747   Thumb Code    74  ff.o(i.get_ldnumber)
    i.ld_clust                               0x08006790   Section        0  ff.o(i.ld_clust)
    ld_clust                                 0x08006791   Thumb Code    32  ff.o(i.ld_clust)
    i.main                                   0x080067b0   Section        0  main.o(i.main)
    i.mem_cmp                                0x0800686c   Section        0  ff.o(i.mem_cmp)
    mem_cmp                                  0x0800686d   Thumb Code    38  ff.o(i.mem_cmp)
    i.mem_cpy                                0x08006892   Section        0  ff.o(i.mem_cpy)
    mem_cpy                                  0x08006893   Thumb Code    26  ff.o(i.mem_cpy)
    i.mem_set                                0x080068ac   Section        0  ff.o(i.mem_set)
    mem_set                                  0x080068ad   Thumb Code    20  ff.o(i.mem_set)
    i.move_window                            0x080068c0   Section        0  ff.o(i.move_window)
    move_window                              0x080068c1   Thumb Code    52  ff.o(i.move_window)
    i.my_mem_free                            0x080068f4   Section        0  malloc.o(i.my_mem_free)
    i.my_mem_init                            0x08006960   Section        0  malloc.o(i.my_mem_init)
    i.my_mem_malloc                          0x080069a4   Section        0  malloc.o(i.my_mem_malloc)
    i.my_mem_perused                         0x08006a4c   Section        0  malloc.o(i.my_mem_perused)
    i.myfree                                 0x08006a8c   Section        0  malloc.o(i.myfree)
    i.mymalloc                               0x08006ab0   Section        0  malloc.o(i.mymalloc)
    i.mymemset                               0x08006ad8   Section        0  malloc.o(i.mymemset)
    i.put_fat                                0x08006aec   Section        0  ff.o(i.put_fat)
    i.remove_chain                           0x08006c2e   Section        0  ff.o(i.remove_chain)
    remove_chain                             0x08006c2f   Thumb Code   108  ff.o(i.remove_chain)
    i.st_clust                               0x08006c9a   Section        0  ff.o(i.st_clust)
    st_clust                                 0x08006c9b   Thumb Code    16  ff.o(i.st_clust)
    i.sum_sfn                                0x08006caa   Section        0  ff.o(i.sum_sfn)
    sum_sfn                                  0x08006cab   Thumb Code    32  ff.o(i.sum_sfn)
    i.sync_fs                                0x08006cca   Section        0  ff.o(i.sync_fs)
    sync_fs                                  0x08006ccb   Thumb Code   200  ff.o(i.sync_fs)
    i.sync_window                            0x08006d92   Section        0  ff.o(i.sync_window)
    sync_window                              0x08006d93   Thumb Code    82  ff.o(i.sync_window)
    i.validate                               0x08006de4   Section        0  ff.o(i.validate)
    validate                                 0x08006de5   Thumb Code    54  ff.o(i.validate)
    .constdata                               0x08006e1a   Section     2660  lcd.o(.constdata)
    .constdata                               0x08007880   Section       24  malloc.o(.constdata)
    .constdata                               0x08007898   Section       58  ff.o(.constdata)
    LfnOfs                                   0x08007898   Data          13  ff.o(.constdata)
    vst                                      0x080078a6   Data          22  ff.o(.constdata)
    cst                                      0x080078bc   Data          22  ff.o(.constdata)
    .data                                    0x20000000   Section       20  main.o(.data)
    .data                                    0x20000014   Section       20  system_stm32f10x.o(.data)
    .data                                    0x20000028   Section        4  delay.o(.data)
    fac_us                                   0x20000028   Data           1  delay.o(.data)
    fac_ms                                   0x2000002a   Data           2  delay.o(.data)
    .data                                    0x2000002c   Section       20  stm32f10x_rcc.o(.data)
    APBAHBPrescTable                         0x2000002c   Data          16  stm32f10x_rcc.o(.data)
    ADCPrescTable                            0x2000003c   Data           4  stm32f10x_rcc.o(.data)
    .data                                    0x20000040   Section        4  lcd.o(.data)
    .data                                    0x20000044   Section        4  text.o(.data)
    .data                                    0x20000048   Section       16  sdio_sdcard.o(.data)
    CardType                                 0x20000048   Data           1  sdio_sdcard.o(.data)
    RCA                                      0x2000004c   Data           4  sdio_sdcard.o(.data)
    DeviceMode                               0x20000050   Data           1  sdio_sdcard.o(.data)
    StopCondition                            0x20000051   Data           1  sdio_sdcard.o(.data)
    .data                                    0x20000058   Section        9  usart1.o(.data)
    .data                                    0x20000064   Section       28  malloc.o(.data)
    .data                                    0x20000080   Section       28  exfuns.o(.data)
    .data                                    0x2000009c   Section        2  diskio.o(.data)
    .data                                    0x200000a0   Section       10  ff.o(.data)
    FatFs                                    0x200000a0   Data           8  ff.o(.data)
    Fsid                                     0x200000a8   Data           2  ff.o(.data)
    .bss                                     0x200000ac   Section       40  main.o(.bss)
    .bss                                     0x200000d4   Section       10  lcd.o(.bss)
    .bss                                     0x200000e0   Section      552  text.o(.bss)
    .bss                                     0x20000308   Section      704  sdio_sdcard.o(.bss)
    CSD_Tab                                  0x2000034c   Data          16  sdio_sdcard.o(.bss)
    CID_Tab                                  0x2000035c   Data          16  sdio_sdcard.o(.bss)
    .bss                                     0x200005c8   Section      300  usart1.o(.bss)
    .bss                                     0x20000700   Section    43520  malloc.o(.bss)
    .bss                                     0x2000b100   Section       96  libspace.o(.bss)
    HEAP                                     0x2000b160   Section      512  startup_stm32f10x_hd.o(HEAP)
    Heap_Mem                                 0x2000b160   Data         512  startup_stm32f10x_hd.o(HEAP)
    STACK                                    0x2000b360   Section     1024  startup_stm32f10x_hd.o(STACK)
    Stack_Mem                                0x2000b360   Data        1024  startup_stm32f10x_hd.o(STACK)
    __initial_sp                             0x2000b760   Data           0  startup_stm32f10x_hd.o(STACK)
    .ARM.__AT_0x68000000                     0x68000000   Section    983040  malloc.o(.ARM.__AT_0x68000000)
    .ARM.__AT_0x680F0000                     0x680f0000   Section    61440  malloc.o(.ARM.__AT_0x680F0000)

    Global Symbols

    Symbol Name                              Value     Ov Type        Size  Object(Section)

    BuildAttributes$$THM_ISAv4$P$D$K$B$S$PE$A:L22UL41UL21$X:L11$S22US41US21$IEEE1$IW$USESV6$~STKCKD$USESV7$~SHL$OSPACE$ROPI$EBA8$UX$STANDARDLIB$REQ8$PRES8$EABIv2 0x00000000   Number         0  anon$$obj.o ABSOLUTE
    __ARM_use_no_argv                        0x00000000   Number         0  main.o ABSOLUTE
    __ARM_exceptions_init                     - Undefined Weak Reference
    __alloca_initialize                       - Undefined Weak Reference
    __arm_preinit_                            - Undefined Weak Reference
    __cpp_initialize__aeabi_                  - Undefined Weak Reference
    __cxa_finalize                            - Undefined Weak Reference
    __rt_locale                               - Undefined Weak Reference
    __sigvec_lookup                           - Undefined Weak Reference
    _atexit_init                              - Undefined Weak Reference
    _call_atexit_fns                          - Undefined Weak Reference
    _clock_init                               - Undefined Weak Reference
    _fp_trap_init                             - Undefined Weak Reference
    _fp_trap_shutdown                         - Undefined Weak Reference
    _get_lc_collate                           - Undefined Weak Reference
    _get_lc_ctype                             - Undefined Weak Reference
    _get_lc_monetary                          - Undefined Weak Reference
    _get_lc_numeric                           - Undefined Weak Reference
    _get_lc_time                              - Undefined Weak Reference
    _getenv_init                              - Undefined Weak Reference
    _handle_redirection                       - Undefined Weak Reference
    _init_alloc                               - Undefined Weak Reference
    _init_user_alloc                          - Undefined Weak Reference
    _initio                                   - Undefined Weak Reference
    _rand_init                                - Undefined Weak Reference
    _signal_finish                            - Undefined Weak Reference
    _signal_init                              - Undefined Weak Reference
    _terminate_alloc                          - Undefined Weak Reference
    _terminate_user_alloc                     - Undefined Weak Reference
    _terminateio                              - Undefined Weak Reference
    __Vectors_Size                           0x00000130   Number         0  startup_stm32f10x_hd.o ABSOLUTE
    __Vectors                                0x08000000   Data           4  startup_stm32f10x_hd.o(RESET)
    __Vectors_End                            0x08000130   Data           0  startup_stm32f10x_hd.o(RESET)
    __main                                   0x08000131   Thumb Code     8  __main.o(!!!main)
    __scatterload                            0x08000139   Thumb Code     0  __scatter.o(!!!scatter)
    __scatterload_rt2                        0x08000139   Thumb Code    44  __scatter.o(!!!scatter)
    __scatterload_rt2_thumb_only             0x08000139   Thumb Code     0  __scatter.o(!!!scatter)
    __scatterload_null                       0x08000147   Thumb Code     0  __scatter.o(!!!scatter)
    __scatterload_copy                       0x0800016d   Thumb Code    26  __scatter_copy.o(!!handler_copy)
    __scatterload_zeroinit                   0x08000189   Thumb Code    28  __scatter_zi.o(!!handler_zi)
    __rt_lib_init                            0x080001a5   Thumb Code     0  libinit.o(.ARM.Collect$$libinit$$00000000)
    __rt_lib_init_alloca_1                   0x080001a7   Thumb Code     0  libinit2.o(.ARM.Collect$$libinit$$0000002E)
    __rt_lib_init_argv_1                     0x080001a7   Thumb Code     0  libinit2.o(.ARM.Collect$$libinit$$0000002C)
    __rt_lib_init_atexit_1                   0x080001a7   Thumb Code     0  libinit2.o(.ARM.Collect$$libinit$$0000001B)
    __rt_lib_init_clock_1                    0x080001a7   Thumb Code     0  libinit2.o(.ARM.Collect$$libinit$$00000021)
    __rt_lib_init_cpp_1                      0x080001a7   Thumb Code     0  libinit2.o(.ARM.Collect$$libinit$$00000032)
    __rt_lib_init_exceptions_1               0x080001a7   Thumb Code     0  libinit2.o(.ARM.Collect$$libinit$$00000030)
    __rt_lib_init_fp_1                       0x080001a7   Thumb Code     0  libinit2.o(.ARM.Collect$$libinit$$00000002)
    __rt_lib_init_fp_trap_1                  0x080001a7   Thumb Code     0  libinit2.o(.ARM.Collect$$libinit$$0000001F)
    __rt_lib_init_getenv_1                   0x080001a7   Thumb Code     0  libinit2.o(.ARM.Collect$$libinit$$00000023)
    __rt_lib_init_heap_1                     0x080001a7   Thumb Code     0  libinit2.o(.ARM.Collect$$libinit$$0000000A)
    __rt_lib_init_lc_collate_1               0x080001a7   Thumb Code     0  libinit2.o(.ARM.Collect$$libinit$$00000011)
    __rt_lib_init_lc_ctype_1                 0x080001a7   Thumb Code     0  libinit2.o(.ARM.Collect$$libinit$$00000013)
    __rt_lib_init_lc_monetary_1              0x080001a7   Thumb Code     0  libinit2.o(.ARM.Collect$$libinit$$00000015)
    __rt_lib_init_lc_numeric_1               0x080001a7   Thumb Code     0  libinit2.o(.ARM.Collect$$libinit$$00000017)
    __rt_lib_init_lc_time_1                  0x080001a7   Thumb Code     0  libinit2.o(.ARM.Collect$$libinit$$00000019)
    __rt_lib_init_preinit_1                  0x080001a7   Thumb Code     0  libinit2.o(.ARM.Collect$$libinit$$00000004)
    __rt_lib_init_rand_1                     0x080001a7   Thumb Code     0  libinit2.o(.ARM.Collect$$libinit$$0000000E)
    __rt_lib_init_return                     0x080001a7   Thumb Code     0  libinit2.o(.ARM.Collect$$libinit$$00000033)
    __rt_lib_init_signal_1                   0x080001a7   Thumb Code     0  libinit2.o(.ARM.Collect$$libinit$$0000001D)
    __rt_lib_init_stdio_1                    0x080001a7   Thumb Code     0  libinit2.o(.ARM.Collect$$libinit$$00000025)
    __rt_lib_init_user_alloc_1               0x080001a7   Thumb Code     0  libinit2.o(.ARM.Collect$$libinit$$0000000C)
    __rt_lib_shutdown                        0x080001a9   Thumb Code     0  libshutdown.o(.ARM.Collect$$libshutdown$$00000000)
    __rt_lib_shutdown_cpp_1                  0x080001ab   Thumb Code     0  libshutdown2.o(.ARM.Collect$$libshutdown$$00000002)
    __rt_lib_shutdown_fp_trap_1              0x080001ab   Thumb Code     0  libshutdown2.o(.ARM.Collect$$libshutdown$$00000007)
    __rt_lib_shutdown_heap_1                 0x080001ab   Thumb Code     0  libshutdown2.o(.ARM.Collect$$libshutdown$$0000000F)
    __rt_lib_shutdown_return                 0x080001ab   Thumb Code     0  libshutdown2.o(.ARM.Collect$$libshutdown$$00000010)
    __rt_lib_shutdown_signal_1               0x080001ab   Thumb Code     0  libshutdown2.o(.ARM.Collect$$libshutdown$$0000000A)
    __rt_lib_shutdown_stdio_1                0x080001ab   Thumb Code     0  libshutdown2.o(.ARM.Collect$$libshutdown$$00000004)
    __rt_lib_shutdown_user_alloc_1           0x080001ab   Thumb Code     0  libshutdown2.o(.ARM.Collect$$libshutdown$$0000000C)
    __rt_entry                               0x080001ad   Thumb Code     0  __rtentry.o(.ARM.Collect$$rtentry$$00000000)
    __rt_entry_presh_1                       0x080001ad   Thumb Code     0  __rtentry2.o(.ARM.Collect$$rtentry$$00000002)
    __rt_entry_sh                            0x080001ad   Thumb Code     0  __rtentry4.o(.ARM.Collect$$rtentry$$00000004)
    __rt_entry_li                            0x080001b3   Thumb Code     0  __rtentry2.o(.ARM.Collect$$rtentry$$0000000A)
    __rt_entry_postsh_1                      0x080001b3   Thumb Code     0  __rtentry2.o(.ARM.Collect$$rtentry$$00000009)
    __rt_entry_main                          0x080001b7   Thumb Code     0  __rtentry2.o(.ARM.Collect$$rtentry$$0000000D)
    __rt_entry_postli_1                      0x080001b7   Thumb Code     0  __rtentry2.o(.ARM.Collect$$rtentry$$0000000C)
    __rt_exit                                0x080001bf   Thumb Code     0  rtexit.o(.ARM.Collect$$rtexit$$00000000)
    __rt_exit_ls                             0x080001c1   Thumb Code     0  rtexit2.o(.ARM.Collect$$rtexit$$00000003)
    __rt_exit_prels_1                        0x080001c1   Thumb Code     0  rtexit2.o(.ARM.Collect$$rtexit$$00000002)
    __rt_exit_exit                           0x080001c5   Thumb Code     0  rtexit2.o(.ARM.Collect$$rtexit$$00000004)
    Reset_Handler                            0x080001cd   Thumb Code     8  startup_stm32f10x_hd.o(.text)
    ADC1_2_IRQHandler                        0x080001e7   Thumb Code     0  startup_stm32f10x_hd.o(.text)
    ADC3_IRQHandler                          0x080001e7   Thumb Code     0  startup_stm32f10x_hd.o(.text)
    CAN1_RX1_IRQHandler                      0x080001e7   Thumb Code     0  startup_stm32f10x_hd.o(.text)
    CAN1_SCE_IRQHandler                      0x080001e7   Thumb Code     0  startup_stm32f10x_hd.o(.text)
    DMA1_Channel1_IRQHandler                 0x080001e7   Thumb Code     0  startup_stm32f10x_hd.o(.text)
    DMA1_Channel2_IRQHandler                 0x080001e7   Thumb Code     0  startup_stm32f10x_hd.o(.text)
    DMA1_Channel3_IRQHandler                 0x080001e7   Thumb Code     0  startup_stm32f10x_hd.o(.text)
    DMA1_Channel4_IRQHandler                 0x080001e7   Thumb Code     0  startup_stm32f10x_hd.o(.text)
    DMA1_Channel5_IRQHandler                 0x080001e7   Thumb Code     0  startup_stm32f10x_hd.o(.text)
    DMA1_Channel6_IRQHandler                 0x080001e7   Thumb Code     0  startup_stm32f10x_hd.o(.text)
    DMA1_Channel7_IRQHandler                 0x080001e7   Thumb Code     0  startup_stm32f10x_hd.o(.text)
    DMA2_Channel1_IRQHandler                 0x080001e7   Thumb Code     0  startup_stm32f10x_hd.o(.text)
    DMA2_Channel2_IRQHandler                 0x080001e7   Thumb Code     0  startup_stm32f10x_hd.o(.text)
    DMA2_Channel3_IRQHandler                 0x080001e7   Thumb Code     0  startup_stm32f10x_hd.o(.text)
    DMA2_Channel4_5_IRQHandler               0x080001e7   Thumb Code     0  startup_stm32f10x_hd.o(.text)
    EXTI0_IRQHandler                         0x080001e7   Thumb Code     0  startup_stm32f10x_hd.o(.text)
    EXTI15_10_IRQHandler                     0x080001e7   Thumb Code     0  startup_stm32f10x_hd.o(.text)
    EXTI1_IRQHandler                         0x080001e7   Thumb Code     0  startup_stm32f10x_hd.o(.text)
    EXTI2_IRQHandler                         0x080001e7   Thumb Code     0  startup_stm32f10x_hd.o(.text)
    EXTI3_IRQHandler                         0x080001e7   Thumb Code     0  startup_stm32f10x_hd.o(.text)
    EXTI4_IRQHandler                         0x080001e7   Thumb Code     0  startup_stm32f10x_hd.o(.text)
    EXTI9_5_IRQHandler                       0x080001e7   Thumb Code     0  startup_stm32f10x_hd.o(.text)
    FLASH_IRQHandler                         0x080001e7   Thumb Code     0  startup_stm32f10x_hd.o(.text)
    FSMC_IRQHandler                          0x080001e7   Thumb Code     0  startup_stm32f10x_hd.o(.text)
    I2C1_ER_IRQHandler                       0x080001e7   Thumb Code     0  startup_stm32f10x_hd.o(.text)
    I2C1_EV_IRQHandler                       0x080001e7   Thumb Code     0  startup_stm32f10x_hd.o(.text)
    I2C2_ER_IRQHandler                       0x080001e7   Thumb Code     0  startup_stm32f10x_hd.o(.text)
    I2C2_EV_IRQHandler                       0x080001e7   Thumb Code     0  startup_stm32f10x_hd.o(.text)
    PVD_IRQHandler                           0x080001e7   Thumb Code     0  startup_stm32f10x_hd.o(.text)
    RCC_IRQHandler                           0x080001e7   Thumb Code     0  startup_stm32f10x_hd.o(.text)
    RTCAlarm_IRQHandler                      0x080001e7   Thumb Code     0  startup_stm32f10x_hd.o(.text)
    RTC_IRQHandler                           0x080001e7   Thumb Code     0  startup_stm32f10x_hd.o(.text)
    SPI1_IRQHandler                          0x080001e7   Thumb Code     0  startup_stm32f10x_hd.o(.text)
    SPI2_IRQHandler                          0x080001e7   Thumb Code     0  startup_stm32f10x_hd.o(.text)
    SPI3_IRQHandler                          0x080001e7   Thumb Code     0  startup_stm32f10x_hd.o(.text)
    TAMPER_IRQHandler                        0x080001e7   Thumb Code     0  startup_stm32f10x_hd.o(.text)
    TIM1_BRK_IRQHandler                      0x080001e7   Thumb Code     0  startup_stm32f10x_hd.o(.text)
    TIM1_CC_IRQHandler                       0x080001e7   Thumb Code     0  startup_stm32f10x_hd.o(.text)
    TIM1_TRG_COM_IRQHandler                  0x080001e7   Thumb Code     0  startup_stm32f10x_hd.o(.text)
    TIM1_UP_IRQHandler                       0x080001e7   Thumb Code     0  startup_stm32f10x_hd.o(.text)
    TIM2_IRQHandler                          0x080001e7   Thumb Code     0  startup_stm32f10x_hd.o(.text)
    TIM3_IRQHandler                          0x080001e7   Thumb Code     0  startup_stm32f10x_hd.o(.text)
    TIM4_IRQHandler                          0x080001e7   Thumb Code     0  startup_stm32f10x_hd.o(.text)
    TIM5_IRQHandler                          0x080001e7   Thumb Code     0  startup_stm32f10x_hd.o(.text)
    TIM6_IRQHandler                          0x080001e7   Thumb Code     0  startup_stm32f10x_hd.o(.text)
    TIM7_IRQHandler                          0x080001e7   Thumb Code     0  startup_stm32f10x_hd.o(.text)
    TIM8_BRK_IRQHandler                      0x080001e7   Thumb Code     0  startup_stm32f10x_hd.o(.text)
    TIM8_CC_IRQHandler                       0x080001e7   Thumb Code     0  startup_stm32f10x_hd.o(.text)
    TIM8_TRG_COM_IRQHandler                  0x080001e7   Thumb Code     0  startup_stm32f10x_hd.o(.text)
    TIM8_UP_IRQHandler                       0x080001e7   Thumb Code     0  startup_stm32f10x_hd.o(.text)
    UART4_IRQHandler                         0x080001e7   Thumb Code     0  startup_stm32f10x_hd.o(.text)
    UART5_IRQHandler                         0x080001e7   Thumb Code     0  startup_stm32f10x_hd.o(.text)
    USART2_IRQHandler                        0x080001e7   Thumb Code     0  startup_stm32f10x_hd.o(.text)
    USART3_IRQHandler                        0x080001e7   Thumb Code     0  startup_stm32f10x_hd.o(.text)
    USBWakeUp_IRQHandler                     0x080001e7   Thumb Code     0  startup_stm32f10x_hd.o(.text)
    USB_HP_CAN1_TX_IRQHandler                0x080001e7   Thumb Code     0  startup_stm32f10x_hd.o(.text)
    USB_LP_CAN1_RX0_IRQHandler               0x080001e7   Thumb Code     0  startup_stm32f10x_hd.o(.text)
    WWDG_IRQHandler                          0x080001e7   Thumb Code     0  startup_stm32f10x_hd.o(.text)
    __user_initial_stackheap                 0x080001e9   Thumb Code     0  startup_stm32f10x_hd.o(.text)
    __aeabi_ldivmod                          0x0800020d   Thumb Code     0  llsdiv.o(.text)
    _ll_sdiv                                 0x0800020d   Thumb Code    72  llsdiv.o(.text)
    __aeabi_memcpy                           0x08000255   Thumb Code     0  rt_memcpy_v6.o(.text)
    __rt_memcpy                              0x08000255   Thumb Code   138  rt_memcpy_v6.o(.text)
    _memcpy_lastbytes                        0x080002bb   Thumb Code     0  rt_memcpy_v6.o(.text)
    __use_two_region_memory                  0x080002df   Thumb Code     2  heapauxi.o(.text)
    __rt_heap_escrow$2region                 0x080002e1   Thumb Code     2  heapauxi.o(.text)
    __rt_heap_expand$2region                 0x080002e3   Thumb Code     2  heapauxi.o(.text)
    __aeabi_uldivmod                         0x080002e5   Thumb Code     0  lludivv7m.o(.text)
    _ll_udiv                                 0x080002e5   Thumb Code   238  lludivv7m.o(.text)
    __aeabi_memcpy4                          0x080003d3   Thumb Code     0  rt_memcpy_w.o(.text)
    __aeabi_memcpy8                          0x080003d3   Thumb Code     0  rt_memcpy_w.o(.text)
    __rt_memcpy_w                            0x080003d3   Thumb Code   100  rt_memcpy_w.o(.text)
    _memcpy_lastbytes_aligned                0x0800041b   Thumb Code     0  rt_memcpy_w.o(.text)
    __user_setup_stackheap                   0x08000437   Thumb Code    74  sys_stackheap_outer.o(.text)
    exit                                     0x08000481   Thumb Code    18  exit.o(.text)
    __user_libspace                          0x08000495   Thumb Code     8  libspace.o(.text)
    __user_perproc_libspace                  0x08000495   Thumb Code     0  libspace.o(.text)
    __user_perthread_libspace                0x08000495   Thumb Code     0  libspace.o(.text)
    _sys_exit                                0x0800049d   Thumb Code     8  sys_exit.o(.text)
    __I$use$semihosting                      0x080004a9   Thumb Code     0  use_no_semi.o(.text)
    __use_no_semihosting_swi                 0x080004a9   Thumb Code     2  use_no_semi.o(.text)
    BusFault_Handler                         0x080004ab   Thumb Code     4  stm32f10x_it.o(i.BusFault_Handler)
    __semihosting_library_function           0x080004ab   Thumb Code     0  indicate_semi.o(.text)
    CmdError                                 0x080004af   Thumb Code    48  sdio_sdcard.o(i.CmdError)
    CmdResp1Error                            0x080004e1   Thumb Code    90  sdio_sdcard.o(i.CmdResp1Error)
    CmdResp2Error                            0x08000541   Thumb Code    80  sdio_sdcard.o(i.CmdResp2Error)
    CmdResp3Error                            0x08000595   Thumb Code    50  sdio_sdcard.o(i.CmdResp3Error)
    CmdResp6Error                            0x080005cd   Thumb Code   140  sdio_sdcard.o(i.CmdResp6Error)
    CmdResp7Error                            0x0800065d   Thumb Code    70  sdio_sdcard.o(i.CmdResp7Error)
    DMA_Cmd                                  0x080006a9   Thumb Code    24  stm32f10x_dma.o(i.DMA_Cmd)
    DMA_DeInit                               0x080006c1   Thumb Code   324  stm32f10x_dma.o(i.DMA_DeInit)
    DMA_Init                                 0x0800080d   Thumb Code    60  stm32f10x_dma.o(i.DMA_Init)
    DebugMon_Handler                         0x08000849   Thumb Code     2  stm32f10x_it.o(i.DebugMon_Handler)
    FSMC_NORSRAMCmd                          0x0800084d   Thumb Code    46  stm32f10x_fsmc.o(i.FSMC_NORSRAMCmd)
    FSMC_NORSRAMInit                         0x08000881   Thumb Code   230  stm32f10x_fsmc.o(i.FSMC_NORSRAMInit)
    FindSCR                                  0x08000969   Thumb Code   386  sdio_sdcard.o(i.FindSCR)
    GPIO_Init                                0x08000afd   Thumb Code   278  stm32f10x_gpio.o(i.GPIO_Init)
    Get_HzMat                                0x08000c15   Thumb Code   278  text.o(i.Get_HzMat)
    HardFault_Handler                        0x08000d89   Thumb Code     4  stm32f10x_it.o(i.HardFault_Handler)
    INTX_DISABLE                             0x08000d8d   Thumb Code     4  sys.o(i.INTX_DISABLE)
    INTX_ENABLE                              0x08000d91   Thumb Code     4  sys.o(i.INTX_ENABLE)
    IsCardProgramming                        0x08000d95   Thumb Code   142  sdio_sdcard.o(i.IsCardProgramming)
    LCD_Clear                                0x08000e31   Thumb Code    42  lcd.o(i.LCD_Clear)
    LCD_Display_Dir                          0x08000e65   Thumb Code   238  lcd.o(i.LCD_Display_Dir)
    LCD_DrawPoint                            0x08000f59   Thumb Code    28  lcd.o(i.LCD_DrawPoint)
    LCD_Fast_DrawPoint                       0x08000f7d   Thumb Code   126  lcd.o(i.LCD_Fast_DrawPoint)
    LCD_Init                                 0x08001005   Thumb Code  6226  lcd.o(i.LCD_Init)
    LCD_RD_DATA                              0x08002861   Thumb Code     6  lcd.o(i.LCD_RD_DATA)
    LCD_ReadReg                              0x0800286d   Thumb Code    22  lcd.o(i.LCD_ReadReg)
    LCD_Scan_Dir                             0x08002885   Thumb Code   454  lcd.o(i.LCD_Scan_Dir)
    LCD_SetCursor                            0x08002a51   Thumb Code   112  lcd.o(i.LCD_SetCursor)
    LCD_ShowChar                             0x08002ac5   Thumb Code   340  lcd.o(i.LCD_ShowChar)
    LCD_WR_DATA                              0x08002c2d   Thumb Code     6  lcd.o(i.LCD_WR_DATA)
    LCD_WR_REG                               0x08002c39   Thumb Code     6  lcd.o(i.LCD_WR_REG)
    LCD_WriteRAM_Prepare                     0x08002c45   Thumb Code    10  lcd.o(i.LCD_WriteRAM_Prepare)
    LCD_WriteReg                             0x08002c59   Thumb Code    10  lcd.o(i.LCD_WriteReg)
    MemManage_Handler                        0x08002c69   Thumb Code     4  stm32f10x_it.o(i.MemManage_Handler)
    NMI_Handler                              0x08002c6d   Thumb Code     2  stm32f10x_it.o(i.NMI_Handler)
    NVIC_Init                                0x08002c71   Thumb Code   100  misc.o(i.NVIC_Init)
    NVIC_PriorityGroupConfig                 0x08002ce1   Thumb Code    10  misc.o(i.NVIC_PriorityGroupConfig)
    PendSV_Handler                           0x08002cf5   Thumb Code     2  stm32f10x_it.o(i.PendSV_Handler)
    RCC_AHBPeriphClockCmd                    0x08002cf9   Thumb Code    26  stm32f10x_rcc.o(i.RCC_AHBPeriphClockCmd)
    RCC_APB1PeriphResetCmd                   0x08002d19   Thumb Code    26  stm32f10x_rcc.o(i.RCC_APB1PeriphResetCmd)
    RCC_APB2PeriphClockCmd                   0x08002d39   Thumb Code    26  stm32f10x_rcc.o(i.RCC_APB2PeriphClockCmd)
    RCC_APB2PeriphResetCmd                   0x08002d59   Thumb Code    26  stm32f10x_rcc.o(i.RCC_APB2PeriphResetCmd)
    RCC_GetClocksFreq                        0x08002d79   Thumb Code   192  stm32f10x_rcc.o(i.RCC_GetClocksFreq)
    SDEnWideBus                              0x08002e4d   Thumb Code   158  sdio_sdcard.o(i.SDEnWideBus)
    SDIO_ClearFlag                           0x08002ef9   Thumb Code     6  stm32f10x_sdio.o(i.SDIO_ClearFlag)
    SDIO_ClockCmd                            0x08002f05   Thumb Code     6  stm32f10x_sdio.o(i.SDIO_ClockCmd)
    SDIO_Clock_Set                           0x08002f11   Thumb Code    16  sdio_sdcard.o(i.SDIO_Clock_Set)
    SDIO_DMACmd                              0x08002f25   Thumb Code     6  stm32f10x_sdio.o(i.SDIO_DMACmd)
    SDIO_DataConfig                          0x08002f31   Thumb Code    42  stm32f10x_sdio.o(i.SDIO_DataConfig)
    SDIO_DeInit                              0x08002f61   Thumb Code    28  stm32f10x_sdio.o(i.SDIO_DeInit)
    SDIO_GetFlagStatus                       0x08002f85   Thumb Code    20  stm32f10x_sdio.o(i.SDIO_GetFlagStatus)
    SDIO_GetPowerState                       0x08002f9d   Thumb Code    10  stm32f10x_sdio.o(i.SDIO_GetPowerState)
    SDIO_IRQHandler                          0x08002fad   Thumb Code     8  sdio_sdcard.o(i.SDIO_IRQHandler)
    SDIO_Init                                0x08002fb5   Thumb Code    42  stm32f10x_sdio.o(i.SDIO_Init)
    SDIO_ReadData                            0x08002fe5   Thumb Code     6  stm32f10x_sdio.o(i.SDIO_ReadData)
    SDIO_SendCommand                         0x08002ff1   Thumb Code    38  stm32f10x_sdio.o(i.SDIO_SendCommand)
    SDIO_SetPowerState                       0x0800301d   Thumb Code    22  stm32f10x_sdio.o(i.SDIO_SetPowerState)
    SDIO_WriteData                           0x08003039   Thumb Code     6  stm32f10x_sdio.o(i.SDIO_WriteData)
    SD_DMA_Config                            0x08003045   Thumb Code    94  sdio_sdcard.o(i.SD_DMA_Config)
    SD_EnableWideBusOperation                0x080030ad   Thumb Code    94  sdio_sdcard.o(i.SD_EnableWideBusOperation)
    SD_GetCardInfo                           0x08003115   Thumb Code   772  sdio_sdcard.o(i.SD_GetCardInfo)
    SD_Init                                  0x08003429   Thumb Code   238  sdio_sdcard.o(i.SD_Init)
    SD_InitializeCards                       0x08003529   Thumb Code   316  sdio_sdcard.o(i.SD_InitializeCards)
    SD_PowerON                               0x0800367d   Thumb Code   450  sdio_sdcard.o(i.SD_PowerON)
    SD_ProcessIRQSrc                         0x08003859   Thumb Code   296  sdio_sdcard.o(i.SD_ProcessIRQSrc)
    SD_ReadBlock                             0x08003995   Thumb Code   558  sdio_sdcard.o(i.SD_ReadBlock)
    SD_ReadDisk                              0x08003bed   Thumb Code   148  sdio_sdcard.o(i.SD_ReadDisk)
    SD_ReadMultiBlocks                       0x08003c85   Thumb Code   698  sdio_sdcard.o(i.SD_ReadMultiBlocks)
    SD_SelectDeselect                        0x08003f6d   Thumb Code    42  sdio_sdcard.o(i.SD_SelectDeselect)
    SD_SetDeviceMode                         0x08003f9d   Thumb Code    20  sdio_sdcard.o(i.SD_SetDeviceMode)
    SD_WriteBlock                            0x08003fb5   Thumb Code   844  sdio_sdcard.o(i.SD_WriteBlock)
    SD_WriteDisk                             0x08004329   Thumb Code   148  sdio_sdcard.o(i.SD_WriteDisk)
    SD_WriteMultiBlocks                      0x080043c1   Thumb Code   920  sdio_sdcard.o(i.SD_WriteMultiBlocks)
    SVC_Handler                              0x08004781   Thumb Code     2  stm32f10x_it.o(i.SVC_Handler)
    Show_Font                                0x0800486d   Thumb Code   190  text.o(i.Show_Font)
    Show_Str                                 0x08004935   Thumb Code   194  text.o(i.Show_Str)
    SysTick_CLKSourceConfig                  0x080049f7   Thumb Code    40  misc.o(i.SysTick_CLKSourceConfig)
    SysTick_Handler                          0x08004a1f   Thumb Code     2  stm32f10x_it.o(i.SysTick_Handler)
    SystemInit                               0x08004a21   Thumb Code    78  system_stm32f10x.o(i.SystemInit)
    USART1_Config                            0x08004a81   Thumb Code   184  usart1.o(i.USART1_Config)
    USART1_IRQHandler                        0x08004b41   Thumb Code   100  usart1.o(i.USART1_IRQHandler)
    USART_ClearFlag                          0x08004bb9   Thumb Code    18  stm32f10x_usart.o(i.USART_ClearFlag)
    USART_ClearITPendingBit                  0x08004bcb   Thumb Code    30  stm32f10x_usart.o(i.USART_ClearITPendingBit)
    USART_Cmd                                0x08004be9   Thumb Code    24  stm32f10x_usart.o(i.USART_Cmd)
    USART_DeInit                             0x08004c01   Thumb Code   134  stm32f10x_usart.o(i.USART_DeInit)
    USART_GetITStatus                        0x08004c9d   Thumb Code    84  stm32f10x_usart.o(i.USART_GetITStatus)
    USART_ITConfig                           0x08004cf1   Thumb Code    74  stm32f10x_usart.o(i.USART_ITConfig)
    USART_Init                               0x08004d3d   Thumb Code   210  stm32f10x_usart.o(i.USART_Init)
    USART_ReceiveData                        0x08004e15   Thumb Code    10  stm32f10x_usart.o(i.USART_ReceiveData)
    UsageFault_Handler                       0x08004e1f   Thumb Code     4  stm32f10x_it.o(i.UsageFault_Handler)
    clust2sect                               0x08004efb   Thumb Code    26  ff.o(i.clust2sect)
    convert_from_bytes_to_power_of_two       0x08004f79   Thumb Code    18  sdio_sdcard.o(i.convert_from_bytes_to_power_of_two)
    delay_init                               0x080052b9   Thumb Code    50  delay.o(i.delay_init)
    delay_ms                                 0x080052fd   Thumb Code    72  delay.o(i.delay_ms)
    delay_us                                 0x08005349   Thumb Code    72  delay.o(i.delay_us)
    dir_sdi                                  0x08005713   Thumb Code   158  ff.o(i.dir_sdi)
    disk_initialize                          0x080057b1   Thumb Code    32  diskio.o(i.disk_initialize)
    disk_ioctl                               0x080057d1   Thumb Code   170  diskio.o(i.disk_ioctl)
    disk_read                                0x08005885   Thumb Code    86  diskio.o(i.disk_read)
    disk_status                              0x080058db   Thumb Code     6  diskio.o(i.disk_status)
    disk_write                               0x080058e1   Thumb Code    86  diskio.o(i.disk_write)
    exfuns_init                              0x08005939   Thumb Code   114  exfuns.o(i.exfuns_init)
    f_close                                  0x080059bd   Thumb Code    32  ff.o(i.f_close)
    f_lseek                                  0x080059dd   Thumb Code   684  ff.o(i.f_lseek)
    f_mount                                  0x08005c89   Thumb Code    86  ff.o(i.f_mount)
    f_open                                   0x08005ce5   Thumb Code   384  ff.o(i.f_open)
    f_read                                   0x08005e65   Thumb Code   432  ff.o(i.f_read)
    f_sync                                   0x08006015   Thumb Code   176  ff.o(i.f_sync)
    ff_memalloc                              0x080060c5   Thumb Code    14  diskio.o(i.ff_memalloc)
    ff_memfree                               0x080060d3   Thumb Code    14  diskio.o(i.ff_memfree)
    get_fat                                  0x08006651   Thumb Code   242  ff.o(i.get_fat)
    get_fattime                              0x08006743   Thumb Code     4  diskio.o(i.get_fattime)
    main                                     0x080067b1   Thumb Code   160  main.o(i.main)
    my_mem_free                              0x080068f5   Thumb Code    96  malloc.o(i.my_mem_free)
    my_mem_init                              0x08006961   Thumb Code    54  malloc.o(i.my_mem_init)
    my_mem_malloc                            0x080069a5   Thumb Code   156  malloc.o(i.my_mem_malloc)
    my_mem_perused                           0x08006a4d   Thumb Code    54  malloc.o(i.my_mem_perused)
    myfree                                   0x08006a8d   Thumb Code    30  malloc.o(i.myfree)
    mymalloc                                 0x08006ab1   Thumb Code    34  malloc.o(i.mymalloc)
    mymemset                                 0x08006ad9   Thumb Code    20  malloc.o(i.mymemset)
    put_fat                                  0x08006aed   Thumb Code   322  ff.o(i.put_fat)
    asc2_1206                                0x08006e1a   Data        1140  lcd.o(.constdata)
    asc2_1608                                0x0800728e   Data        1520  lcd.o(.constdata)
    memtblsize                               0x08007880   Data           8  malloc.o(.constdata)
    memblksize                               0x08007888   Data           8  malloc.o(.constdata)
    memsize                                  0x08007890   Data           8  malloc.o(.constdata)
    Region$$Table$$Base                      0x080078d4   Number         0  anon$$obj.o(Region$$Table)
    Region$$Table$$Limit                     0x080078f4   Number         0  anon$$obj.o(Region$$Table)
    jjj                                      0x20000000   Data          20  main.o(.data)
    SystemCoreClock                          0x20000014   Data           4  system_stm32f10x.o(.data)
    AHBPrescTable                            0x20000018   Data          16  system_stm32f10x.o(.data)
    POINT_COLOR                              0x20000040   Data           2  lcd.o(.data)
    BACK_COLOR                               0x20000042   Data           2  lcd.o(.data)
    fnum                                     0x20000044   Data           4  text.o(.data)
    TransferError                            0x20000052   Data           1  sdio_sdcard.o(.data)
    TransferEnd                              0x20000053   Data           1  sdio_sdcard.o(.data)
    tempbuff                                 0x20000054   Data           4  sdio_sdcard.o(.data)
    data_us                                  0x20000058   Data           1  usart1.o(.data)
    USART_RX                                 0x20000059   Data           1  usart1.o(.data)
    data_transfer                            0x2000005a   Data           1  usart1.o(.data)
    data_us1                                 0x2000005b   Data           1  usart1.o(.data)
    USART_RX1                                0x2000005c   Data           1  usart1.o(.data)
    state_0x0a                               0x2000005d   Data           1  usart1.o(.data)
    state_0x0a1                              0x2000005e   Data           1  usart1.o(.data)
    cun                                      0x2000005f   Data           1  usart1.o(.data)
    cun1                                     0x20000060   Data           1  usart1.o(.data)
    mallco_dev                               0x20000064   Data          28  malloc.o(.data)
    fs                                       0x20000080   Data           8  exfuns.o(.data)
    file                                     0x20000088   Data           4  exfuns.o(.data)
    ftemp                                    0x2000008c   Data           4  exfuns.o(.data)
    br                                       0x20000090   Data           4  exfuns.o(.data)
    bw                                       0x20000094   Data           4  exfuns.o(.data)
    fatbuf                                   0x20000098   Data           4  exfuns.o(.data)
    FLASH_SECTOR_COUNT                       0x2000009c   Data           2  diskio.o(.data)
    xianshi                                  0x200000ac   Data          40  main.o(.bss)
    lcddev                                   0x200000d4   Data          10  lcd.o(.bss)
    font                                     0x200000e0   Data         552  text.o(.bss)
    SDIO_InitStructure                       0x20000308   Data          24  sdio_sdcard.o(.bss)
    SDIO_CmdInitStructure                    0x20000320   Data          20  sdio_sdcard.o(.bss)
    SDIO_DataInitStructure                   0x20000334   Data          24  sdio_sdcard.o(.bss)
    SDCardInfo                               0x20000370   Data          88  sdio_sdcard.o(.bss)
    SDIO_DATA_BUFFER                         0x200003c8   Data         512  sdio_sdcard.o(.bss)
    USART_RX_buf                             0x200005c8   Data          50  usart1.o(.bss)
    USART_RX_buf1                            0x200005fa   Data          50  usart1.o(.bss)
    data_cu                                  0x2000062c   Data         100  usart1.o(.bss)
    data_cu1                                 0x20000690   Data         100  usart1.o(.bss)
    mem1base                                 0x20000700   Data       40960  malloc.o(.bss)
    mem1mapbase                              0x2000a700   Data        2560  malloc.o(.bss)
    __libspace_start                         0x2000b100   Data          96  libspace.o(.bss)
    __temporary_stack_top$libspace           0x2000b160   Data           0  libspace.o(.bss)
    mem2base                                 0x68000000   Data       983040  malloc.o(.ARM.__AT_0x68000000)
    mem2mapbase                              0x680f0000   Data       61440  malloc.o(.ARM.__AT_0x680F0000)



==============================================================================

Memory Map of the image

  Image Entry point : 0x080001cd

  Load Region LR_1 (Base: 0x08000000, Size: 0x000079a0, Max: 0xffffffff, ABSOLUTE)

    Execution Region ER_RO (Base: 0x08000000, Size: 0x000078f4, Max: 0xffffffff, ABSOLUTE)

    Base Addr    Size         Type   Attr      Idx    E Section Name        Object

    0x08000000   0x00000130   Data   RO          336    RESET               startup_stm32f10x_hd.o
    0x08000130   0x00000008   Code   RO         4763  * !!!main             c_w.l(__main.o)
    0x08000138   0x00000034   Code   RO         4967    !!!scatter          c_w.l(__scatter.o)
    0x0800016c   0x0000001a   Code   RO         4969    !!handler_copy      c_w.l(__scatter_copy.o)
    0x08000186   0x00000002   PAD
    0x08000188   0x0000001c   Code   RO         4971    !!handler_zi        c_w.l(__scatter_zi.o)
    0x080001a4   0x00000002   Code   RO         4833    .ARM.Collect$$libinit$$00000000  c_w.l(libinit.o)
    0x080001a6   0x00000000   Code   RO         4844    .ARM.Collect$$libinit$$00000002  c_w.l(libinit2.o)
    0x080001a6   0x00000000   Code   RO         4846    .ARM.Collect$$libinit$$00000004  c_w.l(libinit2.o)
    0x080001a6   0x00000000   Code   RO         4849    .ARM.Collect$$libinit$$0000000A  c_w.l(libinit2.o)
    0x080001a6   0x00000000   Code   RO         4851    .ARM.Collect$$libinit$$0000000C  c_w.l(libinit2.o)
    0x080001a6   0x00000000   Code   RO         4853    .ARM.Collect$$libinit$$0000000E  c_w.l(libinit2.o)
    0x080001a6   0x00000000   Code   RO         4856    .ARM.Collect$$libinit$$00000011  c_w.l(libinit2.o)
    0x080001a6   0x00000000   Code   RO         4858    .ARM.Collect$$libinit$$00000013  c_w.l(libinit2.o)
    0x080001a6   0x00000000   Code   RO         4860    .ARM.Collect$$libinit$$00000015  c_w.l(libinit2.o)
    0x080001a6   0x00000000   Code   RO         4862    .ARM.Collect$$libinit$$00000017  c_w.l(libinit2.o)
    0x080001a6   0x00000000   Code   RO         4864    .ARM.Collect$$libinit$$00000019  c_w.l(libinit2.o)
    0x080001a6   0x00000000   Code   RO         4866    .ARM.Collect$$libinit$$0000001B  c_w.l(libinit2.o)
    0x080001a6   0x00000000   Code   RO         4868    .ARM.Collect$$libinit$$0000001D  c_w.l(libinit2.o)
    0x080001a6   0x00000000   Code   RO         4870    .ARM.Collect$$libinit$$0000001F  c_w.l(libinit2.o)
    0x080001a6   0x00000000   Code   RO         4872    .ARM.Collect$$libinit$$00000021  c_w.l(libinit2.o)
    0x080001a6   0x00000000   Code   RO         4874    .ARM.Collect$$libinit$$00000023  c_w.l(libinit2.o)
    0x080001a6   0x00000000   Code   RO         4876    .ARM.Collect$$libinit$$00000025  c_w.l(libinit2.o)
    0x080001a6   0x00000000   Code   RO         4880    .ARM.Collect$$libinit$$0000002C  c_w.l(libinit2.o)
    0x080001a6   0x00000000   Code   RO         4882    .ARM.Collect$$libinit$$0000002E  c_w.l(libinit2.o)
    0x080001a6   0x00000000   Code   RO         4884    .ARM.Collect$$libinit$$00000030  c_w.l(libinit2.o)
    0x080001a6   0x00000000   Code   RO         4886    .ARM.Collect$$libinit$$00000032  c_w.l(libinit2.o)
    0x080001a6   0x00000002   Code   RO         4887    .ARM.Collect$$libinit$$00000033  c_w.l(libinit2.o)
    0x080001a8   0x00000002   Code   RO         4917    .ARM.Collect$$libshutdown$$00000000  c_w.l(libshutdown.o)
    0x080001aa   0x00000000   Code   RO         4934    .ARM.Collect$$libshutdown$$00000002  c_w.l(libshutdown2.o)
    0x080001aa   0x00000000   Code   RO         4936    .ARM.Collect$$libshutdown$$00000004  c_w.l(libshutdown2.o)
    0x080001aa   0x00000000   Code   RO         4939    .ARM.Collect$$libshutdown$$00000007  c_w.l(libshutdown2.o)
    0x080001aa   0x00000000   Code   RO         4942    .ARM.Collect$$libshutdown$$0000000A  c_w.l(libshutdown2.o)
    0x080001aa   0x00000000   Code   RO         4944    .ARM.Collect$$libshutdown$$0000000C  c_w.l(libshutdown2.o)
    0x080001aa   0x00000000   Code   RO         4947    .ARM.Collect$$libshutdown$$0000000F  c_w.l(libshutdown2.o)
    0x080001aa   0x00000002   Code   RO         4948    .ARM.Collect$$libshutdown$$00000010  c_w.l(libshutdown2.o)
    0x080001ac   0x00000000   Code   RO         4791    .ARM.Collect$$rtentry$$00000000  c_w.l(__rtentry.o)
    0x080001ac   0x00000000   Code   RO         4804    .ARM.Collect$$rtentry$$00000002  c_w.l(__rtentry2.o)
    0x080001ac   0x00000006   Code   RO         4816    .ARM.Collect$$rtentry$$00000004  c_w.l(__rtentry4.o)
    0x080001b2   0x00000000   Code   RO         4806    .ARM.Collect$$rtentry$$00000009  c_w.l(__rtentry2.o)
    0x080001b2   0x00000004   Code   RO         4807    .ARM.Collect$$rtentry$$0000000A  c_w.l(__rtentry2.o)
    0x080001b6   0x00000000   Code   RO         4809    .ARM.Collect$$rtentry$$0000000C  c_w.l(__rtentry2.o)
    0x080001b6   0x00000008   Code   RO         4810    .ARM.Collect$$rtentry$$0000000D  c_w.l(__rtentry2.o)
    0x080001be   0x00000002   Code   RO         4837    .ARM.Collect$$rtexit$$00000000  c_w.l(rtexit.o)
    0x080001c0   0x00000000   Code   RO         4889    .ARM.Collect$$rtexit$$00000002  c_w.l(rtexit2.o)
    0x080001c0   0x00000004   Code   RO         4890    .ARM.Collect$$rtexit$$00000003  c_w.l(rtexit2.o)
    0x080001c4   0x00000006   Code   RO         4891    .ARM.Collect$$rtexit$$00000004  c_w.l(rtexit2.o)
    0x080001ca   0x00000002   PAD
    0x080001cc   0x00000040   Code   RO          337  * .text               startup_stm32f10x_hd.o
    0x0800020c   0x00000048   Code   RO         4751    .text               c_w.l(llsdiv.o)
    0x08000254   0x0000008a   Code   RO         4757    .text               c_w.l(rt_memcpy_v6.o)
    0x080002de   0x00000006   Code   RO         4761    .text               c_w.l(heapauxi.o)
    0x080002e4   0x000000ee   Code   RO         4792    .text               c_w.l(lludivv7m.o)
    0x080003d2   0x00000064   Code   RO         4794    .text               c_w.l(rt_memcpy_w.o)
    0x08000436   0x0000004a   Code   RO         4822    .text               c_w.l(sys_stackheap_outer.o)
    0x08000480   0x00000012   Code   RO         4826    .text               c_w.l(exit.o)
    0x08000492   0x00000002   PAD
    0x08000494   0x00000008   Code   RO         4834    .text               c_w.l(libspace.o)
    0x0800049c   0x0000000c   Code   RO         4905    .text               c_w.l(sys_exit.o)
    0x080004a8   0x00000002   Code   RO         4922    .text               c_w.l(use_no_semi.o)
    0x080004aa   0x00000000   Code   RO         4924    .text               c_w.l(indicate_semi.o)
    0x080004aa   0x00000004   Code   RO          146    i.BusFault_Handler  stm32f10x_it.o
    0x080004ae   0x00000030   Code   RO         3536    i.CmdError          sdio_sdcard.o
    0x080004de   0x00000002   PAD
    0x080004e0   0x00000060   Code   RO         3537    i.CmdResp1Error     sdio_sdcard.o
    0x08000540   0x00000054   Code   RO         3538    i.CmdResp2Error     sdio_sdcard.o
    0x08000594   0x00000038   Code   RO         3539    i.CmdResp3Error     sdio_sdcard.o
    0x080005cc   0x00000090   Code   RO         3540    i.CmdResp6Error     sdio_sdcard.o
    0x0800065c   0x0000004c   Code   RO         3541    i.CmdResp7Error     sdio_sdcard.o
    0x080006a8   0x00000018   Code   RO         1068    i.DMA_Cmd           stm32f10x_dma.o
    0x080006c0   0x0000014c   Code   RO         1069    i.DMA_DeInit        stm32f10x_dma.o
    0x0800080c   0x0000003c   Code   RO         1074    i.DMA_Init          stm32f10x_dma.o
    0x08000848   0x00000002   Code   RO          147    i.DebugMon_Handler  stm32f10x_it.o
    0x0800084a   0x00000002   PAD
    0x0800084c   0x00000034   Code   RO         1377    i.FSMC_NORSRAMCmd   stm32f10x_fsmc.o
    0x08000880   0x000000e6   Code   RO         1379    i.FSMC_NORSRAMInit  stm32f10x_fsmc.o
    0x08000966   0x00000002   PAD
    0x08000968   0x00000194   Code   RO         3542    i.FindSCR           sdio_sdcard.o
    0x08000afc   0x00000116   Code   RO         1492    i.GPIO_Init         stm32f10x_gpio.o
    0x08000c12   0x00000002   PAD
    0x08000c14   0x00000174   Code   RO         3499    i.Get_HzMat         text.o
    0x08000d88   0x00000004   Code   RO          148    i.HardFault_Handler  stm32f10x_it.o
    0x08000d8c   0x00000004   Code   RO          296    i.INTX_DISABLE      sys.o
    0x08000d90   0x00000004   Code   RO          297    i.INTX_ENABLE       sys.o
    0x08000d94   0x0000009c   Code   RO         3543    i.IsCardProgramming  sdio_sdcard.o
    0x08000e30   0x00000034   Code   RO         3310    i.LCD_Clear         lcd.o
    0x08000e64   0x000000f4   Code   RO         3314    i.LCD_Display_Dir   lcd.o
    0x08000f58   0x00000024   Code   RO         3316    i.LCD_DrawPoint     lcd.o
    0x08000f7c   0x00000088   Code   RO         3318    i.LCD_Fast_DrawPoint  lcd.o
    0x08001004   0x0000185c   Code   RO         3320    i.LCD_Init          lcd.o
    0x08002860   0x0000000c   Code   RO         3322    i.LCD_RD_DATA       lcd.o
    0x0800286c   0x00000016   Code   RO         3324    i.LCD_ReadReg       lcd.o
    0x08002882   0x00000002   PAD
    0x08002884   0x000001cc   Code   RO         3325    i.LCD_Scan_Dir      lcd.o
    0x08002a50   0x00000074   Code   RO         3326    i.LCD_SetCursor     lcd.o
    0x08002ac4   0x00000168   Code   RO         3327    i.LCD_ShowChar      lcd.o
    0x08002c2c   0x0000000c   Code   RO         3331    i.LCD_WR_DATA       lcd.o
    0x08002c38   0x0000000c   Code   RO         3332    i.LCD_WR_REG        lcd.o
    0x08002c44   0x00000014   Code   RO         3334    i.LCD_WriteRAM_Prepare  lcd.o
    0x08002c58   0x00000010   Code   RO         3335    i.LCD_WriteReg      lcd.o
    0x08002c68   0x00000004   Code   RO          149    i.MemManage_Handler  stm32f10x_it.o
    0x08002c6c   0x00000002   Code   RO          150    i.NMI_Handler       stm32f10x_it.o
    0x08002c6e   0x00000002   PAD
    0x08002c70   0x00000070   Code   RO          341    i.NVIC_Init         misc.o
    0x08002ce0   0x00000014   Code   RO          342    i.NVIC_PriorityGroupConfig  misc.o
    0x08002cf4   0x00000002   Code   RO          151    i.PendSV_Handler    stm32f10x_it.o
    0x08002cf6   0x00000002   PAD
    0x08002cf8   0x00000020   Code   RO         1907    i.RCC_AHBPeriphClockCmd  stm32f10x_rcc.o
    0x08002d18   0x00000020   Code   RO         1909    i.RCC_APB1PeriphResetCmd  stm32f10x_rcc.o
    0x08002d38   0x00000020   Code   RO         1910    i.RCC_APB2PeriphClockCmd  stm32f10x_rcc.o
    0x08002d58   0x00000020   Code   RO         1911    i.RCC_APB2PeriphResetCmd  stm32f10x_rcc.o
    0x08002d78   0x000000d4   Code   RO         1918    i.RCC_GetClocksFreq  stm32f10x_rcc.o
    0x08002e4c   0x000000ac   Code   RO         3544    i.SDEnWideBus       sdio_sdcard.o
    0x08002ef8   0x0000000c   Code   RO         2197    i.SDIO_ClearFlag    stm32f10x_sdio.o
    0x08002f04   0x0000000c   Code   RO         2199    i.SDIO_ClockCmd     stm32f10x_sdio.o
    0x08002f10   0x00000014   Code   RO         3545    i.SDIO_Clock_Set    sdio_sdcard.o
    0x08002f24   0x0000000c   Code   RO         2202    i.SDIO_DMACmd       stm32f10x_sdio.o
    0x08002f30   0x00000030   Code   RO         2203    i.SDIO_DataConfig   stm32f10x_sdio.o
    0x08002f60   0x00000024   Code   RO         2205    i.SDIO_DeInit       stm32f10x_sdio.o
    0x08002f84   0x00000018   Code   RO         2209    i.SDIO_GetFlagStatus  stm32f10x_sdio.o
    0x08002f9c   0x00000010   Code   RO         2211    i.SDIO_GetPowerState  stm32f10x_sdio.o
    0x08002fac   0x00000008   Code   RO         3546    i.SDIO_IRQHandler   sdio_sdcard.o
    0x08002fb4   0x00000030   Code   RO         2214    i.SDIO_Init         stm32f10x_sdio.o
    0x08002fe4   0x0000000c   Code   RO         2215    i.SDIO_ReadData     stm32f10x_sdio.o
    0x08002ff0   0x0000002c   Code   RO         2217    i.SDIO_SendCommand  stm32f10x_sdio.o
    0x0800301c   0x0000001c   Code   RO         2219    i.SDIO_SetPowerState  stm32f10x_sdio.o
    0x08003038   0x0000000c   Code   RO         2225    i.SDIO_WriteData    stm32f10x_sdio.o
    0x08003044   0x00000068   Code   RO         3547    i.SD_DMA_Config     sdio_sdcard.o
    0x080030ac   0x00000068   Code   RO         3548    i.SD_EnableWideBusOperation  sdio_sdcard.o
    0x08003114   0x00000314   Code   RO         3549    i.SD_GetCardInfo    sdio_sdcard.o
    0x08003428   0x00000100   Code   RO         3551    i.SD_Init           sdio_sdcard.o
    0x08003528   0x00000154   Code   RO         3552    i.SD_InitializeCards  sdio_sdcard.o
    0x0800367c   0x000001dc   Code   RO         3554    i.SD_PowerON        sdio_sdcard.o
    0x08003858   0x0000013c   Code   RO         3555    i.SD_ProcessIRQSrc  sdio_sdcard.o
    0x08003994   0x00000258   Code   RO         3556    i.SD_ReadBlock      sdio_sdcard.o
    0x08003bec   0x00000098   Code   RO         3557    i.SD_ReadDisk       sdio_sdcard.o
    0x08003c84   0x000002e8   Code   RO         3558    i.SD_ReadMultiBlocks  sdio_sdcard.o
    0x08003f6c   0x00000030   Code   RO         3559    i.SD_SelectDeselect  sdio_sdcard.o
    0x08003f9c   0x00000018   Code   RO         3561    i.SD_SetDeviceMode  sdio_sdcard.o
    0x08003fb4   0x00000374   Code   RO         3562    i.SD_WriteBlock     sdio_sdcard.o
    0x08004328   0x00000098   Code   RO         3563    i.SD_WriteDisk      sdio_sdcard.o
    0x080043c0   0x000003c0   Code   RO         3564    i.SD_WriteMultiBlocks  sdio_sdcard.o
    0x08004780   0x00000002   Code   RO          152    i.SVC_Handler       stm32f10x_it.o
    0x08004782   0x00000008   Code   RO          235    i.SetSysClock       system_stm32f10x.o
    0x0800478a   0x00000002   PAD
    0x0800478c   0x000000e0   Code   RO          236    i.SetSysClockTo72   system_stm32f10x.o
    0x0800486c   0x000000c8   Code   RO         3500    i.Show_Font         text.o
    0x08004934   0x000000c2   Code   RO         3501    i.Show_Str          text.o
    0x080049f6   0x00000028   Code   RO          345    i.SysTick_CLKSourceConfig  misc.o
    0x08004a1e   0x00000002   Code   RO          153    i.SysTick_Handler   stm32f10x_it.o
    0x08004a20   0x00000060   Code   RO          238    i.SystemInit        system_stm32f10x.o
    0x08004a80   0x000000c0   Code   RO         3732    i.USART1_Config     usart1.o
    0x08004b40   0x00000078   Code   RO         3733    i.USART1_IRQHandler  usart1.o
    0x08004bb8   0x00000012   Code   RO         3074    i.USART_ClearFlag   stm32f10x_usart.o
    0x08004bca   0x0000001e   Code   RO         3075    i.USART_ClearITPendingBit  stm32f10x_usart.o
    0x08004be8   0x00000018   Code   RO         3078    i.USART_Cmd         stm32f10x_usart.o
    0x08004c00   0x0000009c   Code   RO         3080    i.USART_DeInit      stm32f10x_usart.o
    0x08004c9c   0x00000054   Code   RO         3082    i.USART_GetITStatus  stm32f10x_usart.o
    0x08004cf0   0x0000004a   Code   RO         3084    i.USART_ITConfig    stm32f10x_usart.o
    0x08004d3a   0x00000002   PAD
    0x08004d3c   0x000000d8   Code   RO         3085    i.USART_Init        stm32f10x_usart.o
    0x08004e14   0x0000000a   Code   RO         3092    i.USART_ReceiveData  stm32f10x_usart.o
    0x08004e1e   0x00000004   Code   RO          154    i.UsageFault_Handler  stm32f10x_it.o
    0x08004e22   0x00000002   PAD
    0x08004e24   0x00000090   Code   RO         4408    i.check_fs          ff.o
    0x08004eb4   0x00000014   Code   RO         4409    i.chk_chr           ff.o
    0x08004ec8   0x00000032   Code   RO         4410    i.clmt_clust        ff.o
    0x08004efa   0x0000001a   Code   RO         4411    i.clust2sect        ff.o
    0x08004f14   0x00000064   Code   RO         4412    i.cmp_lfn           ff.o
    0x08004f78   0x00000012   Code   RO         3565    i.convert_from_bytes_to_power_of_two  sdio_sdcard.o
    0x08004f8a   0x000000d6   Code   RO         4413    i.create_chain      ff.o
    0x08005060   0x00000258   Code   RO         4414    i.create_name       ff.o
    0x080052b8   0x00000044   Code   RO          269    i.delay_init        delay.o
    0x080052fc   0x0000004c   Code   RO          270    i.delay_ms          delay.o
    0x08005348   0x0000004c   Code   RO          271    i.delay_us          delay.o
    0x08005394   0x0000005c   Code   RO         4415    i.dir_alloc         ff.o
    0x080053f0   0x000000ea   Code   RO         4416    i.dir_find          ff.o
    0x080054da   0x0000010e   Code   RO         4417    i.dir_next          ff.o
    0x080055e8   0x0000012a   Code   RO         4419    i.dir_register      ff.o
    0x08005712   0x0000009e   Code   RO         4421    i.dir_sdi           ff.o
    0x080057b0   0x00000020   Code   RO         4348    i.disk_initialize   diskio.o
    0x080057d0   0x000000b4   Code   RO         4349    i.disk_ioctl        diskio.o
    0x08005884   0x00000056   Code   RO         4350    i.disk_read         diskio.o
    0x080058da   0x00000006   Code   RO         4351    i.disk_status       diskio.o
    0x080058e0   0x00000056   Code   RO         4352    i.disk_write        diskio.o
    0x08005936   0x00000002   PAD
    0x08005938   0x00000084   Code   RO         4170    i.exfuns_init       exfuns.o
    0x080059bc   0x00000020   Code   RO         4423    i.f_close           ff.o
    0x080059dc   0x000002ac   Code   RO         4428    i.f_lseek           ff.o
    0x08005c88   0x0000005c   Code   RO         4431    i.f_mount           ff.o
    0x08005ce4   0x00000180   Code   RO         4432    i.f_open            ff.o
    0x08005e64   0x000001b0   Code   RO         4437    i.f_read            ff.o
    0x08006014   0x000000b0   Code   RO         4442    i.f_sync            ff.o
    0x080060c4   0x0000000e   Code   RO         4353    i.ff_memalloc       diskio.o
    0x080060d2   0x0000000e   Code   RO         4354    i.ff_memfree        diskio.o
    0x080060e0   0x00000394   Code   RO         4447    i.find_volume       ff.o
    0x08006474   0x00000080   Code   RO         4448    i.fit_lfn           ff.o
    0x080064f4   0x00000090   Code   RO         4449    i.follow_path       ff.o
    0x08006584   0x000000cc   Code   RO         4450    i.gen_numname       ff.o
    0x08006650   0x000000f2   Code   RO         4451    i.get_fat           ff.o
    0x08006742   0x00000004   Code   RO         4355    i.get_fattime       diskio.o
    0x08006746   0x0000004a   Code   RO         4453    i.get_ldnumber      ff.o
    0x08006790   0x00000020   Code   RO         4454    i.ld_clust          ff.o
    0x080067b0   0x000000bc   Code   RO            1    i.main              main.o
    0x0800686c   0x00000026   Code   RO         4455    i.mem_cmp           ff.o
    0x08006892   0x0000001a   Code   RO         4456    i.mem_cpy           ff.o
    0x080068ac   0x00000014   Code   RO         4457    i.mem_set           ff.o
    0x080068c0   0x00000034   Code   RO         4458    i.move_window       ff.o
    0x080068f4   0x0000006c   Code   RO         4098    i.my_mem_free       malloc.o
    0x08006960   0x00000044   Code   RO         4099    i.my_mem_init       malloc.o
    0x080069a4   0x000000a8   Code   RO         4100    i.my_mem_malloc     malloc.o
    0x08006a4c   0x00000040   Code   RO         4101    i.my_mem_perused    malloc.o
    0x08006a8c   0x00000024   Code   RO         4102    i.myfree            malloc.o
    0x08006ab0   0x00000028   Code   RO         4103    i.mymalloc          malloc.o
    0x08006ad8   0x00000014   Code   RO         4105    i.mymemset          malloc.o
    0x08006aec   0x00000142   Code   RO         4460    i.put_fat           ff.o
    0x08006c2e   0x0000006c   Code   RO         4462    i.remove_chain      ff.o
    0x08006c9a   0x00000010   Code   RO         4463    i.st_clust          ff.o
    0x08006caa   0x00000020   Code   RO         4464    i.sum_sfn           ff.o
    0x08006cca   0x000000c8   Code   RO         4465    i.sync_fs           ff.o
    0x08006d92   0x00000052   Code   RO         4466    i.sync_window       ff.o
    0x08006de4   0x00000036   Code   RO         4467    i.validate          ff.o
    0x08006e1a   0x00000a64   Data   RO         3338    .constdata          lcd.o
    0x0800787e   0x00000002   PAD
    0x08007880   0x00000018   Data   RO         4110    .constdata          malloc.o
    0x08007898   0x0000003a   Data   RO         4468    .constdata          ff.o
    0x080078d2   0x00000002   PAD
    0x080078d4   0x00000020   Data   RO         4965    Region$$Table       anon$$obj.o


    Execution Region ER_RW (Base: 0x20000000, Size: 0x000000ac, Max: 0xffffffff, ABSOLUTE)

    Base Addr    Size         Type   Attr      Idx    E Section Name        Object

    0x20000000   0x00000014   Data   RW            3    .data               main.o
    0x20000014   0x00000014   Data   RW          239    .data               system_stm32f10x.o
    0x20000028   0x00000004   Data   RW          272    .data               delay.o
    0x2000002c   0x00000014   Data   RW         1938    .data               stm32f10x_rcc.o
    0x20000040   0x00000004   Data   RW         3339    .data               lcd.o
    0x20000044   0x00000004   Data   RW         3504    .data               text.o
    0x20000048   0x00000010   Data   RW         3567    .data               sdio_sdcard.o
    0x20000058   0x00000009   Data   RW         3735    .data               usart1.o
    0x20000061   0x00000003   PAD
    0x20000064   0x0000001c   Data   RW         4111    .data               malloc.o
    0x20000080   0x0000001c   Data   RW         4175    .data               exfuns.o
    0x2000009c   0x00000002   Data   RW         4356    .data               diskio.o
    0x2000009e   0x00000002   PAD
    0x200000a0   0x0000000a   Data   RW         4469    .data               ff.o


    Execution Region ER_ZI (Base: 0x200000ac, Size: 0x0000b6b4, Max: 0xffffffff, ABSOLUTE)

    Base Addr    Size         Type   Attr      Idx    E Section Name        Object

    0x200000ac   0x00000028   Zero   RW            2    .bss                main.o
    0x200000d4   0x0000000a   Zero   RW         3337    .bss                lcd.o
    0x200000de   0x00000002   PAD
    0x200000e0   0x00000228   Zero   RW         3503    .bss                text.o
    0x20000308   0x000002c0   Zero   RW         3566    .bss                sdio_sdcard.o
    0x200005c8   0x0000012c   Zero   RW         3734    .bss                usart1.o
    0x200006f4   0x0000000c   PAD
    0x20000700   0x0000aa00   Zero   RW         4109    .bss                malloc.o
    0x2000b100   0x00000060   Zero   RW         4835    .bss                c_w.l(libspace.o)
    0x2000b160   0x00000200   Zero   RW          335    HEAP                startup_stm32f10x_hd.o
    0x2000b360   0x00000400   Zero   RW          334    STACK               startup_stm32f10x_hd.o



  Load Region LR$$.ARM.__AT_0x68000000 (Base: 0x68000000, Size: 0x00000000, Max: 0x000f0000, ABSOLUTE)

    Execution Region ER$$.ARM.__AT_0x68000000 (Base: 0x68000000, Size: 0x000f0000, Max: 0x000f0000, ABSOLUTE, UNINIT)

    Base Addr    Size         Type   Attr      Idx    E Section Name        Object

    0x68000000   0x000f0000   Zero   RW         4107    .ARM.__AT_0x68000000  malloc.o



  Load Region LR$$.ARM.__AT_0x680F0000 (Base: 0x680f0000, Size: 0x00000000, Max: 0x0000f000, ABSOLUTE)

    Execution Region ER$$.ARM.__AT_0x680F0000 (Base: 0x680f0000, Size: 0x0000f000, Max: 0x0000f000, ABSOLUTE, UNINIT)

    Base Addr    Size         Type   Attr      Idx    E Section Name        Object

    0x680f0000   0x0000f000   Zero   RW         4108    .ARM.__AT_0x680F0000  malloc.o


==============================================================================

Image component sizes


      Code (inc. data)   RO Data    RW Data    ZI Data      Debug   Object Name

       220         26          0          4          0       1655   delay.o
       422         10          0          2          0       6268   diskio.o
       132         18          0         28          0       1502   exfuns.o
      6696         66         58         10          0      32977   ff.o
      7734        166       2660          4         10      14669   lcd.o
       188         28          0         20         40     263585   main.o
       504         60         24         28    1088000       5889   malloc.o
       172         22          0          0          0       1985   misc.o
      7230        386          0         16        704      32494   sdio_sdcard.o
        64         26        304          0       1536        784   startup_stm32f10x_hd.o
       416          8          0          0          0       3350   stm32f10x_dma.o
       282          6          0          0          0       1761   stm32f10x_fsmc.o
       278          0          0          0          0       1928   stm32f10x_gpio.o
        26          0          0          0          0     208274   stm32f10x_it.o
       340         44          0         20          0       5451   stm32f10x_rcc.o
       304         72          0          0          0       7802   stm32f10x_sdio.o
       612         28          0          0          0       6637   stm32f10x_usart.o
         8          0          0          0          0        829   sys.o
       328         28          0         20          0       1997   system_stm32f10x.o
       766        104          0          4        552       3611   text.o
       312         28          0          9        300       2120   usart1.o

    ----------------------------------------------------------------------
     27056       1126       3082        172    1091156     605568   Object Totals
         0          0         32          0          0          0   (incl. Generated)
        22          0          4          7         14          0   (incl. Padding)

    ----------------------------------------------------------------------

      Code (inc. data)   RO Data    RW Data    ZI Data      Debug   Library Member Name

         8          0          0          0          0         68   __main.o
         0          0          0          0          0          0   __rtentry.o
        12          0          0          0          0          0   __rtentry2.o
         6          0          0          0          0          0   __rtentry4.o
        52          8          0          0          0          0   __scatter.o
        26          0          0          0          0          0   __scatter_copy.o
        28          0          0          0          0          0   __scatter_zi.o
        18          0          0          0          0         80   exit.o
         6          0          0          0          0        152   heapauxi.o
         0          0          0          0          0          0   indicate_semi.o
         2          0          0          0          0          0   libinit.o
         2          0          0          0          0          0   libinit2.o
         2          0          0          0          0          0   libshutdown.o
         2          0          0          0          0          0   libshutdown2.o
         8          4          0          0         96         68   libspace.o
        72          0          0          0          0         76   llsdiv.o
       238          0          0          0          0        100   lludivv7m.o
       138          0          0          0          0         68   rt_memcpy_v6.o
       100          0          0          0          0         80   rt_memcpy_w.o
         2          0          0          0          0          0   rtexit.o
        10          0          0          0          0          0   rtexit2.o
        12          4          0          0          0         68   sys_exit.o
        74          0          0          0          0         80   sys_stackheap_outer.o
         2          0          0          0          0         68   use_no_semi.o

    ----------------------------------------------------------------------
       826         16          0          0         96        908   Library Totals
         6          0          0          0          0          0   (incl. Padding)

    ----------------------------------------------------------------------

      Code (inc. data)   RO Data    RW Data    ZI Data      Debug   Library Name

       820         16          0          0         96        908   c_w.l

    ----------------------------------------------------------------------
       826         16          0          0         96        908   Library Totals

    ----------------------------------------------------------------------

==============================================================================


      Code (inc. data)   RO Data    RW Data    ZI Data      Debug   

     27882       1142       3082        172    1091252     598568   Grand Totals
     27882       1142       3082        172    1091252     598568   ELF Image Totals
     27882       1142       3082        172          0          0   ROM Totals

==============================================================================

    Total RO  Size (Code + RO Data)                30964 (  30.24kB)
    Total RW  Size (RW Data + ZI Data)           1091424 (1065.84kB)
    Total ROM Size (Code + RO Data + RW Data)      31136 (  30.41kB)

==============================================================================

